<!doctype html public "-//w3c//dtd html 4.0 transitional//en">
<html><head>
<title>Static Call Graph - [.\Objects\GD32KeilPrj.axf]</title></head>
<body><HR>
<H1>Static Call Graph for image .\Objects\GD32KeilPrj.axf</H1><HR>
<BR><P>#&#060CALLGRAPH&#062# ARM Linker, 5060300: Last Updated: Fri Feb 16 17:52:09 2024
<BR><P>
<H3>Maximum Stack Usage =        784 bytes + Unknown(Cycles, Untraceable Function Pointers)</H3><H3>
Call chain for Maximum Stack Depth:</H3>
main &rArr; InitSoftware &rArr; InitCamera &rArr; InitGUI &rArr; InitGUIRadio &rArr; CreateRadioWidget &rArr; DrawBackground &rArr; GUIDrawImage &rArr; DisplayBMP &rArr; BMPDisplayInFatFs &rArr; f_open &rArr; dir_register &rArr; dir_find &rArr; dir_next &rArr; create_chain &rArr; put_fat &rArr; move_window &rArr; sync_window &rArr; disk_write &rArr; FTLWriteSectors &rArr; NandCopyBlockWithWrite &rArr; NandCopyBlockWithoutWrite &rArr; NandCopyPageWithoutWrite &rArr; NandWaitReady &rArr; NandReadStatus
<P>
<H3>
Mutually Recursive functions
</H3> <LI><a href="#[2c]">ADC_IRQHandler</a>&nbsp;&nbsp;&nbsp;&rArr;&nbsp;&nbsp;&nbsp;<a href="#[2c]">ADC_IRQHandler</a><BR>
</UL>
<P>
<H3>
Function Pointers
</H3><UL>
 <LI><a href="#[2c]">ADC_IRQHandler</a> from startup_gd32f450_470.o(.text) referenced from startup_gd32f450_470.o(RESET)
 <LI><a href="#[14]">BusFault_Handler</a> from gd32f4xx_it.o(i.BusFault_Handler) referenced from startup_gd32f450_470.o(RESET)
 <LI><a href="#[82]">ButtonPressCallback</a> from guibutton.o(i.ButtonPressCallback) referenced from guibutton.o(i.InitGUIButton)
 <LI><a href="#[30]">CAN0_EWMC_IRQHandler</a> from startup_gd32f450_470.o(.text) referenced from startup_gd32f450_470.o(RESET)
 <LI><a href="#[2e]">CAN0_RX0_IRQHandler</a> from startup_gd32f450_470.o(.text) referenced from startup_gd32f450_470.o(RESET)
 <LI><a href="#[2f]">CAN0_RX1_IRQHandler</a> from startup_gd32f450_470.o(.text) referenced from startup_gd32f450_470.o(RESET)
 <LI><a href="#[2d]">CAN0_TX_IRQHandler</a> from startup_gd32f450_470.o(.text) referenced from startup_gd32f450_470.o(RESET)
 <LI><a href="#[5c]">CAN1_EWMC_IRQHandler</a> from startup_gd32f450_470.o(.text) referenced from startup_gd32f450_470.o(RESET)
 <LI><a href="#[5a]">CAN1_RX0_IRQHandler</a> from startup_gd32f450_470.o(.text) referenced from startup_gd32f450_470.o(RESET)
 <LI><a href="#[5b]">CAN1_RX1_IRQHandler</a> from startup_gd32f450_470.o(.text) referenced from startup_gd32f450_470.o(RESET)
 <LI><a href="#[59]">CAN1_TX_IRQHandler</a> from startup_gd32f450_470.o(.text) referenced from startup_gd32f450_470.o(RESET)
 <LI><a href="#[7f]">ConfigSDAMode</a> from gt1151q.o(i.ConfigSDAMode) referenced from gt1151q.o(i.InitGT1151Q)
 <LI><a href="#[87]">ConfigSDAMode</a> from sccb.o(i.ConfigSDAMode) referenced from sccb.o(i.InitSCCB)
 <LI><a href="#[68]">DCI_IRQHandler</a> from dci.o(i.DCI_IRQHandler) referenced from startup_gd32f450_470.o(RESET)
 <LI><a href="#[25]">DMA0_Channel0_IRQHandler</a> from startup_gd32f450_470.o(.text) referenced from startup_gd32f450_470.o(RESET)
 <LI><a href="#[26]">DMA0_Channel1_IRQHandler</a> from startup_gd32f450_470.o(.text) referenced from startup_gd32f450_470.o(RESET)
 <LI><a href="#[27]">DMA0_Channel2_IRQHandler</a> from startup_gd32f450_470.o(.text) referenced from startup_gd32f450_470.o(RESET)
 <LI><a href="#[28]">DMA0_Channel3_IRQHandler</a> from startup_gd32f450_470.o(.text) referenced from startup_gd32f450_470.o(RESET)
 <LI><a href="#[29]">DMA0_Channel4_IRQHandler</a> from startup_gd32f450_470.o(.text) referenced from startup_gd32f450_470.o(RESET)
 <LI><a href="#[2a]">DMA0_Channel5_IRQHandler</a> from startup_gd32f450_470.o(.text) referenced from startup_gd32f450_470.o(RESET)
 <LI><a href="#[2b]">DMA0_Channel6_IRQHandler</a> from startup_gd32f450_470.o(.text) referenced from startup_gd32f450_470.o(RESET)
 <LI><a href="#[49]">DMA0_Channel7_IRQHandler</a> from startup_gd32f450_470.o(.text) referenced from startup_gd32f450_470.o(RESET)
 <LI><a href="#[52]">DMA1_Channel0_IRQHandler</a> from startup_gd32f450_470.o(.text) referenced from startup_gd32f450_470.o(RESET)
 <LI><a href="#[53]">DMA1_Channel1_IRQHandler</a> from startup_gd32f450_470.o(.text) referenced from startup_gd32f450_470.o(RESET)
 <LI><a href="#[54]">DMA1_Channel2_IRQHandler</a> from startup_gd32f450_470.o(.text) referenced from startup_gd32f450_470.o(RESET)
 <LI><a href="#[55]">DMA1_Channel3_IRQHandler</a> from startup_gd32f450_470.o(.text) referenced from startup_gd32f450_470.o(RESET)
 <LI><a href="#[56]">DMA1_Channel4_IRQHandler</a> from startup_gd32f450_470.o(.text) referenced from startup_gd32f450_470.o(RESET)
 <LI><a href="#[5e]">DMA1_Channel5_IRQHandler</a> from startup_gd32f450_470.o(.text) referenced from startup_gd32f450_470.o(RESET)
 <LI><a href="#[5f]">DMA1_Channel6_IRQHandler</a> from startup_gd32f450_470.o(.text) referenced from startup_gd32f450_470.o(RESET)
 <LI><a href="#[60]">DMA1_Channel7_IRQHandler</a> from startup_gd32f450_470.o(.text) referenced from startup_gd32f450_470.o(RESET)
 <LI><a href="#[17]">DebugMon_Handler</a> from gd32f4xx_it.o(i.DebugMon_Handler) referenced from startup_gd32f450_470.o(RESET)
 <LI><a href="#[80]">Delay</a> from gt1151q.o(i.Delay) referenced from gt1151q.o(i.InitGT1151Q)
 <LI><a href="#[88]">Delay</a> from sccb.o(i.Delay) referenced from sccb.o(i.InitSCCB)
 <LI><a href="#[57]">ENET_IRQHandler</a> from startup_gd32f450_470.o(.text) referenced from startup_gd32f450_470.o(RESET)
 <LI><a href="#[58]">ENET_WKUP_IRQHandler</a> from startup_gd32f450_470.o(.text) referenced from startup_gd32f450_470.o(RESET)
 <LI><a href="#[4a]">EXMC_IRQHandler</a> from startup_gd32f450_470.o(.text) referenced from startup_gd32f450_470.o(RESET)
 <LI><a href="#[20]">EXTI0_IRQHandler</a> from startup_gd32f450_470.o(.text) referenced from startup_gd32f450_470.o(RESET)
 <LI><a href="#[42]">EXTI10_15_IRQHandler</a> from startup_gd32f450_470.o(.text) referenced from startup_gd32f450_470.o(RESET)
 <LI><a href="#[21]">EXTI1_IRQHandler</a> from startup_gd32f450_470.o(.text) referenced from startup_gd32f450_470.o(RESET)
 <LI><a href="#[22]">EXTI2_IRQHandler</a> from startup_gd32f450_470.o(.text) referenced from startup_gd32f450_470.o(RESET)
 <LI><a href="#[23]">EXTI3_IRQHandler</a> from startup_gd32f450_470.o(.text) referenced from startup_gd32f450_470.o(RESET)
 <LI><a href="#[24]">EXTI4_IRQHandler</a> from startup_gd32f450_470.o(.text) referenced from startup_gd32f450_470.o(RESET)
 <LI><a href="#[31]">EXTI5_9_IRQHandler</a> from startup_gd32f450_470.o(.text) referenced from startup_gd32f450_470.o(RESET)
 <LI><a href="#[1e]">FMC_IRQHandler</a> from startup_gd32f450_470.o(.text) referenced from startup_gd32f450_470.o(RESET)
 <LI><a href="#[6a]">FPU_IRQHandler</a> from startup_gd32f450_470.o(.text) referenced from startup_gd32f450_470.o(RESET)
 <LI><a href="#[7e]">GetSDA</a> from gt1151q.o(i.GetSDA) referenced from gt1151q.o(i.InitGT1151Q)
 <LI><a href="#[86]">GetSDA</a> from sccb.o(i.GetSDA) referenced from sccb.o(i.InitSCCB)
 <LI><a href="#[12]">HardFault_Handler</a> from gd32f4xx_it.o(i.HardFault_Handler) referenced from startup_gd32f450_470.o(RESET)
 <LI><a href="#[3a]">I2C0_ER_IRQHandler</a> from startup_gd32f450_470.o(.text) referenced from startup_gd32f450_470.o(RESET)
 <LI><a href="#[39]">I2C0_EV_IRQHandler</a> from startup_gd32f450_470.o(.text) referenced from startup_gd32f450_470.o(RESET)
 <LI><a href="#[3c]">I2C1_ER_IRQHandler</a> from startup_gd32f450_470.o(.text) referenced from startup_gd32f450_470.o(RESET)
 <LI><a href="#[3b]">I2C1_EV_IRQHandler</a> from startup_gd32f450_470.o(.text) referenced from startup_gd32f450_470.o(RESET)
 <LI><a href="#[63]">I2C2_ER_IRQHandler</a> from startup_gd32f450_470.o(.text) referenced from startup_gd32f450_470.o(RESET)
 <LI><a href="#[62]">I2C2_EV_IRQHandler</a> from startup_gd32f450_470.o(.text) referenced from startup_gd32f450_470.o(RESET)
 <LI><a href="#[72]">IPA_IRQHandler</a> from startup_gd32f450_470.o(.text) referenced from startup_gd32f450_470.o(RESET)
 <LI><a href="#[e]">InitMemory</a> from malloc.o(i.InitMemory) referenced 2 times from malloc.o(.data)
 <LI><a href="#[76]">JpegInfunc</a> from jpeg.o(i.JpegInfunc) referenced from jpeg.o(i.DisplayJPEGInFlash)
 <LI><a href="#[77]">JpegOutfunc</a> from jpeg.o(i.JpegOutfunc) referenced from jpeg.o(i.DisplayJPEGInFlash)
 <LI><a href="#[1b]">LVD_IRQHandler</a> from startup_gd32f450_470.o(.text) referenced from startup_gd32f450_470.o(RESET)
 <LI><a href="#[13]">MemManage_Handler</a> from gd32f4xx_it.o(i.MemManage_Handler) referenced from startup_gd32f450_470.o(RESET)
 <LI><a href="#[f]">MemoryPerused</a> from malloc.o(i.MemoryPerused) referenced 2 times from malloc.o(.data)
 <LI><a href="#[11]">NMI_Handler</a> from gd32f4xx_it.o(i.NMI_Handler) referenced from startup_gd32f450_470.o(RESET)
 <LI><a href="#[79]">NextCallback</a> from camera.o(i.NextCallback) referenced from camera.o(i.InitCamera)
 <LI><a href="#[18]">PendSV_Handler</a> from gd32f4xx_it.o(i.PendSV_Handler) referenced from startup_gd32f450_470.o(RESET)
 <LI><a href="#[78]">PreviouCallback</a> from camera.o(i.PreviouCallback) referenced from camera.o(i.InitCamera)
 <LI><a href="#[1f]">RCU_CTC_IRQHandler</a> from startup_gd32f450_470.o(.text) referenced from startup_gd32f450_470.o(RESET)
 <LI><a href="#[43]">RTC_Alarm_IRQHandler</a> from rtc.o(i.RTC_Alarm_IRQHandler) referenced from startup_gd32f450_470.o(RESET)
 <LI><a href="#[1d]">RTC_WKUP_IRQHandler</a> from startup_gd32f450_470.o(.text) referenced from startup_gd32f450_470.o(RESET)
 <LI><a href="#[7a]">RadioChange</a> from camera.o(i.RadioChange) referenced from camera.o(i.InitCamera)
 <LI><a href="#[83]">RadioPressCallback</a> from guiradio.o(i.RadioPressCallback) referenced from guiradio.o(i.InitGUIRadio)
 <LI><a href="#[10]">Reset_Handler</a> from startup_gd32f450_470.o(.text) referenced from startup_gd32f450_470.o(RESET)
 <LI><a href="#[4b]">SDIO_IRQHandler</a> from sdcard.o(i.SDIO_IRQHandler) referenced from startup_gd32f450_470.o(RESET)
 <LI><a href="#[3d]">SPI0_IRQHandler</a> from startup_gd32f450_470.o(.text) referenced from startup_gd32f450_470.o(RESET)
 <LI><a href="#[3e]">SPI1_IRQHandler</a> from startup_gd32f450_470.o(.text) referenced from startup_gd32f450_470.o(RESET)
 <LI><a href="#[4d]">SPI2_IRQHandler</a> from startup_gd32f450_470.o(.text) referenced from startup_gd32f450_470.o(RESET)
 <LI><a href="#[6d]">SPI3_IRQHandler</a> from startup_gd32f450_470.o(.text) referenced from startup_gd32f450_470.o(RESET)
 <LI><a href="#[6e]">SPI4_IRQHandler</a> from startup_gd32f450_470.o(.text) referenced from startup_gd32f450_470.o(RESET)
 <LI><a href="#[6f]">SPI5_IRQHandler</a> from startup_gd32f450_470.o(.text) referenced from startup_gd32f450_470.o(RESET)
 <LI><a href="#[16]">SVC_Handler</a> from gd32f4xx_it.o(i.SVC_Handler) referenced from startup_gd32f450_470.o(RESET)
 <LI><a href="#[7c]">SetSCL</a> from gt1151q.o(i.SetSCL) referenced from gt1151q.o(i.InitGT1151Q)
 <LI><a href="#[84]">SetSCL</a> from sccb.o(i.SetSCL) referenced from sccb.o(i.InitSCCB)
 <LI><a href="#[7d]">SetSDA</a> from gt1151q.o(i.SetSDA) referenced from gt1151q.o(i.InitGT1151Q)
 <LI><a href="#[85]">SetSDA</a> from sccb.o(i.SetSDA) referenced from sccb.o(i.InitSCCB)
 <LI><a href="#[19]">SysTick_Handler</a> from systick.o(i.SysTick_Handler) referenced from startup_gd32f450_470.o(RESET)
 <LI><a href="#[74]">SystemInit</a> from system_gd32f4xx.o(i.SystemInit) referenced from startup_gd32f450_470.o(.text)
 <LI><a href="#[1c]">TAMPER_STAMP_IRQHandler</a> from startup_gd32f450_470.o(.text) referenced from startup_gd32f450_470.o(RESET)
 <LI><a href="#[32]">TIMER0_BRK_TIMER8_IRQHandler</a> from startup_gd32f450_470.o(.text) referenced from startup_gd32f450_470.o(RESET)
 <LI><a href="#[35]">TIMER0_Channel_IRQHandler</a> from startup_gd32f450_470.o(.text) referenced from startup_gd32f450_470.o(RESET)
 <LI><a href="#[34]">TIMER0_TRG_CMT_TIMER10_IRQHandler</a> from startup_gd32f450_470.o(.text) referenced from startup_gd32f450_470.o(RESET)
 <LI><a href="#[33]">TIMER0_UP_TIMER9_IRQHandler</a> from startup_gd32f450_470.o(.text) referenced from startup_gd32f450_470.o(RESET)
 <LI><a href="#[36]">TIMER1_IRQHandler</a> from timer.o(i.TIMER1_IRQHandler) referenced from startup_gd32f450_470.o(RESET)
 <LI><a href="#[37]">TIMER2_IRQHandler</a> from startup_gd32f450_470.o(.text) referenced from startup_gd32f450_470.o(RESET)
 <LI><a href="#[38]">TIMER3_IRQHandler</a> from startup_gd32f450_470.o(.text) referenced from startup_gd32f450_470.o(RESET)
 <LI><a href="#[4c]">TIMER4_IRQHandler</a> from timer.o(i.TIMER4_IRQHandler) referenced from startup_gd32f450_470.o(RESET)
 <LI><a href="#[50]">TIMER5_DAC_IRQHandler</a> from startup_gd32f450_470.o(.text) referenced from startup_gd32f450_470.o(RESET)
 <LI><a href="#[51]">TIMER6_IRQHandler</a> from startup_gd32f450_470.o(.text) referenced from startup_gd32f450_470.o(RESET)
 <LI><a href="#[45]">TIMER7_BRK_TIMER11_IRQHandler</a> from startup_gd32f450_470.o(.text) referenced from startup_gd32f450_470.o(RESET)
 <LI><a href="#[48]">TIMER7_Channel_IRQHandler</a> from startup_gd32f450_470.o(.text) referenced from startup_gd32f450_470.o(RESET)
 <LI><a href="#[47]">TIMER7_TRG_CMT_TIMER13_IRQHandler</a> from startup_gd32f450_470.o(.text) referenced from startup_gd32f450_470.o(RESET)
 <LI><a href="#[46]">TIMER7_UP_TIMER12_IRQHandler</a> from startup_gd32f450_470.o(.text) referenced from startup_gd32f450_470.o(RESET)
 <LI><a href="#[71]">TLI_ER_IRQHandler</a> from startup_gd32f450_470.o(.text) referenced from startup_gd32f450_470.o(RESET)
 <LI><a href="#[70]">TLI_IRQHandler</a> from startup_gd32f450_470.o(.text) referenced from startup_gd32f450_470.o(RESET)
 <LI><a href="#[69]">TRNG_IRQHandler</a> from startup_gd32f450_470.o(.text) referenced from startup_gd32f450_470.o(RESET)
 <LI><a href="#[7b]">TakePhotoCallback</a> from camera.o(i.TakePhotoCallback) referenced from camera.o(i.InitCamera)
 <LI><a href="#[4e]">UART3_IRQHandler</a> from startup_gd32f450_470.o(.text) referenced from startup_gd32f450_470.o(RESET)
 <LI><a href="#[4f]">UART4_IRQHandler</a> from startup_gd32f450_470.o(.text) referenced from startup_gd32f450_470.o(RESET)
 <LI><a href="#[6b]">UART6_IRQHandler</a> from startup_gd32f450_470.o(.text) referenced from startup_gd32f450_470.o(RESET)
 <LI><a href="#[6c]">UART7_IRQHandler</a> from startup_gd32f450_470.o(.text) referenced from startup_gd32f450_470.o(RESET)
 <LI><a href="#[3f]">USART0_IRQHandler</a> from uart0.o(i.USART0_IRQHandler) referenced from startup_gd32f450_470.o(RESET)
 <LI><a href="#[40]">USART1_IRQHandler</a> from startup_gd32f450_470.o(.text) referenced from startup_gd32f450_470.o(RESET)
 <LI><a href="#[41]">USART2_IRQHandler</a> from uart2.o(i.USART2_IRQHandler) referenced from startup_gd32f450_470.o(RESET)
 <LI><a href="#[61]">USART5_IRQHandler</a> from startup_gd32f450_470.o(.text) referenced from startup_gd32f450_470.o(RESET)
 <LI><a href="#[5d]">USBFS_IRQHandler</a> from startup_gd32f450_470.o(.text) referenced from startup_gd32f450_470.o(RESET)
 <LI><a href="#[44]">USBFS_WKUP_IRQHandler</a> from startup_gd32f450_470.o(.text) referenced from startup_gd32f450_470.o(RESET)
 <LI><a href="#[65]">USBHS_EP1_In_IRQHandler</a> from startup_gd32f450_470.o(.text) referenced from startup_gd32f450_470.o(RESET)
 <LI><a href="#[64]">USBHS_EP1_Out_IRQHandler</a> from startup_gd32f450_470.o(.text) referenced from startup_gd32f450_470.o(RESET)
 <LI><a href="#[67]">USBHS_IRQHandler</a> from startup_gd32f450_470.o(.text) referenced from startup_gd32f450_470.o(RESET)
 <LI><a href="#[66]">USBHS_WKUP_IRQHandler</a> from startup_gd32f450_470.o(.text) referenced from startup_gd32f450_470.o(RESET)
 <LI><a href="#[81]">UpdataString</a> from guitop.o(i.UpdataString) referenced from guitop.o(i.InitGUI)
 <LI><a href="#[15]">UsageFault_Handler</a> from gd32f4xx_it.o(i.UsageFault_Handler) referenced from startup_gd32f450_470.o(RESET)
 <LI><a href="#[1a]">WWDGT_IRQHandler</a> from startup_gd32f450_470.o(.text) referenced from startup_gd32f450_470.o(RESET)
 <LI><a href="#[75]">__main</a> from entry.o(.ARM.Collect$$$$00000000) referenced from startup_gd32f450_470.o(.text)
 <LI><a href="#[8a]">_sputc</a> from printf8.o(i._sputc) referenced from printf8.o(i.__0sprintf$8)
 <LI><a href="#[1]">forward_concat</a> from layers_generic_float.o(i.forward_concat) referenced 40 times from network_1.o(.data)
 <LI><a href="#[c]">forward_conv2d_rgb_sssa8_ch</a> from layers_conv2d_rgb_sssa8_ch.o(i.forward_conv2d_rgb_sssa8_ch) referenced 2 times from network_1.o(.data)
 <LI><a href="#[a]">forward_dw_3x3_sssa8_ch</a> from layers_dw_sssa8_ch.o(i.forward_dw_3x3_sssa8_ch) referenced 38 times from network_1.o(.data)
 <LI><a href="#[5]">forward_dw_sssa8_ch</a> from layers_dw_sssa8_ch.o(i.forward_dw_sssa8_ch) referenced 16 times from network_1.o(.data)
 <LI><a href="#[9]">forward_gather</a> from layers_generic_float.o(i.forward_gather) referenced 52 times from network_1.o(.data)
 <LI><a href="#[b]">forward_mp_integer_INT8</a> from layers_pool_stm32_integer.o(i.forward_mp_integer_INT8) referenced 2 times from network_1.o(.data)
 <LI><a href="#[7]">forward_pad</a> from layers_generic_float.o(i.forward_pad) referenced 44 times from network_1.o(.data)
 <LI><a href="#[3]">forward_pw_sssa8_ch</a> from layers_pw_sssa8_ch.o(i.forward_pw_sssa8_ch) referenced 102 times from network_1.o(.data)
 <LI><a href="#[6]">forward_sm</a> from layers_nl_generic_float.o(i.forward_sm) referenced 4 times from network_1.o(.data)
 <LI><a href="#[2]">forward_transpose</a> from layers_generic_float.o(i.forward_transpose) referenced 8 times from network_1.o(.data)
 <LI><a href="#[8]">forward_upsample</a> from layers_generic_float.o(i.forward_upsample) referenced 2 times from network_1.o(.data)
 <LI><a href="#[89]">fputc</a> from uart0.o(i.fputc) referenced from printf8.o(i.__0printf$8)
 <LI><a href="#[8b]">func_dummy</a> from layers_conv2d_rgb_sssa8_ch.o(i.func_dummy) referenced from layers_conv2d_rgb_sssa8_ch.o(i.forward_conv2d_rgb_sssa8_ch)
 <LI><a href="#[8c]">func_dummy</a> from layers_dw_sssa8_ch.o(i.func_dummy) referenced from layers_dw_sssa8_ch.o(i.forward_dw_3x3_sssa8_ch)
 <LI><a href="#[8c]">func_dummy</a> from layers_dw_sssa8_ch.o(i.func_dummy) referenced from layers_dw_sssa8_ch.o(i.forward_dw_sssa8_ch)
 <LI><a href="#[8d]">func_dummy</a> from layers_pw_sssa8_ch.o(i.func_dummy) referenced from layers_pw_sssa8_ch.o(i.forward_pw_sssa8_ch)
 <LI><a href="#[73]">main</a> from main.o(i.main) referenced from entry9a.o(.ARM.Collect$$$$0000000B)
 <LI><a href="#[4]">nl_func_array_integer</a> from layers_nl_stm32_integer.o(i.nl_func_array_integer) referenced 8 times from network_1.o(.data)
 <LI><a href="#[0]">node_convert</a> from core_convert.o(i.node_convert) referenced 14 times from network_1.o(.data)
 <LI><a href="#[d]">node_convert_integer</a> from core_convert.o(i.node_convert_integer) referenced 2 times from network_1.o(.data)
</UL>
<P>
<H3>
Global Symbols
</H3>
<P><STRONG><a name="[75]"></a>__main</STRONG> (Thumb, 0 bytes, Stack size unknown bytes, entry.o(.ARM.Collect$$$$00000000))
<BR>[Address Reference Count : 1]<UL><LI> startup_gd32f450_470.o(.text)
</UL>
<P><STRONG><a name="[2a7]"></a>_main_stk</STRONG> (Thumb, 0 bytes, Stack size unknown bytes, entry2.o(.ARM.Collect$$$$00000001))

<P><STRONG><a name="[8e]"></a>_main_scatterload</STRONG> (Thumb, 0 bytes, Stack size unknown bytes, entry5.o(.ARM.Collect$$$$00000004))
<BR><BR>[Calls]<UL><LI><a href="#[8f]">&gt;&gt;</a>&nbsp;&nbsp;&nbsp;__scatterload
</UL>

<P><STRONG><a name="[99]"></a>__main_after_scatterload</STRONG> (Thumb, 0 bytes, Stack size unknown bytes, entry5.o(.ARM.Collect$$$$00000004))
<BR><BR>[Called By]<UL><LI><a href="#[8f]">&gt;&gt;</a>&nbsp;&nbsp;&nbsp;__scatterload
</UL>

<P><STRONG><a name="[2a8]"></a>_main_clock</STRONG> (Thumb, 0 bytes, Stack size unknown bytes, entry7b.o(.ARM.Collect$$$$00000008))

<P><STRONG><a name="[2a9]"></a>_main_cpp_init</STRONG> (Thumb, 0 bytes, Stack size unknown bytes, entry8b.o(.ARM.Collect$$$$0000000A))

<P><STRONG><a name="[2aa]"></a>_main_init</STRONG> (Thumb, 0 bytes, Stack size unknown bytes, entry9a.o(.ARM.Collect$$$$0000000B))

<P><STRONG><a name="[2ab]"></a>__rt_final_cpp</STRONG> (Thumb, 0 bytes, Stack size unknown bytes, entry10a.o(.ARM.Collect$$$$0000000D))

<P><STRONG><a name="[2ac]"></a>__rt_final_exit</STRONG> (Thumb, 0 bytes, Stack size unknown bytes, entry11a.o(.ARM.Collect$$$$0000000F))

<P><STRONG><a name="[10]"></a>Reset_Handler</STRONG> (Thumb, 8 bytes, Stack size 0 bytes, startup_gd32f450_470.o(.text))
<BR>[Address Reference Count : 1]<UL><LI> startup_gd32f450_470.o(RESET)
</UL>
<P><STRONG><a name="[2c]"></a>ADC_IRQHandler</STRONG> (Thumb, 0 bytes, Stack size 0 bytes, startup_gd32f450_470.o(.text))
<BR><BR>[Calls]<UL><LI><a href="#[2c]">&gt;&gt;</a>&nbsp;&nbsp;&nbsp;ADC_IRQHandler
</UL>
<BR>[Called By]<UL><LI><a href="#[2c]">&gt;&gt;</a>&nbsp;&nbsp;&nbsp;ADC_IRQHandler
</UL>
<BR>[Address Reference Count : 1]<UL><LI> startup_gd32f450_470.o(RESET)
</UL>
<P><STRONG><a name="[30]"></a>CAN0_EWMC_IRQHandler</STRONG> (Thumb, 0 bytes, Stack size 0 bytes, startup_gd32f450_470.o(.text))
<BR>[Address Reference Count : 1]<UL><LI> startup_gd32f450_470.o(RESET)
</UL>
<P><STRONG><a name="[2e]"></a>CAN0_RX0_IRQHandler</STRONG> (Thumb, 0 bytes, Stack size 0 bytes, startup_gd32f450_470.o(.text))
<BR>[Address Reference Count : 1]<UL><LI> startup_gd32f450_470.o(RESET)
</UL>
<P><STRONG><a name="[2f]"></a>CAN0_RX1_IRQHandler</STRONG> (Thumb, 0 bytes, Stack size 0 bytes, startup_gd32f450_470.o(.text))
<BR>[Address Reference Count : 1]<UL><LI> startup_gd32f450_470.o(RESET)
</UL>
<P><STRONG><a name="[2d]"></a>CAN0_TX_IRQHandler</STRONG> (Thumb, 0 bytes, Stack size 0 bytes, startup_gd32f450_470.o(.text))
<BR>[Address Reference Count : 1]<UL><LI> startup_gd32f450_470.o(RESET)
</UL>
<P><STRONG><a name="[5c]"></a>CAN1_EWMC_IRQHandler</STRONG> (Thumb, 0 bytes, Stack size 0 bytes, startup_gd32f450_470.o(.text))
<BR>[Address Reference Count : 1]<UL><LI> startup_gd32f450_470.o(RESET)
</UL>
<P><STRONG><a name="[5a]"></a>CAN1_RX0_IRQHandler</STRONG> (Thumb, 0 bytes, Stack size 0 bytes, startup_gd32f450_470.o(.text))
<BR>[Address Reference Count : 1]<UL><LI> startup_gd32f450_470.o(RESET)
</UL>
<P><STRONG><a name="[5b]"></a>CAN1_RX1_IRQHandler</STRONG> (Thumb, 0 bytes, Stack size 0 bytes, startup_gd32f450_470.o(.text))
<BR>[Address Reference Count : 1]<UL><LI> startup_gd32f450_470.o(RESET)
</UL>
<P><STRONG><a name="[59]"></a>CAN1_TX_IRQHandler</STRONG> (Thumb, 0 bytes, Stack size 0 bytes, startup_gd32f450_470.o(.text))
<BR>[Address Reference Count : 1]<UL><LI> startup_gd32f450_470.o(RESET)
</UL>
<P><STRONG><a name="[25]"></a>DMA0_Channel0_IRQHandler</STRONG> (Thumb, 0 bytes, Stack size 0 bytes, startup_gd32f450_470.o(.text))
<BR>[Address Reference Count : 1]<UL><LI> startup_gd32f450_470.o(RESET)
</UL>
<P><STRONG><a name="[26]"></a>DMA0_Channel1_IRQHandler</STRONG> (Thumb, 0 bytes, Stack size 0 bytes, startup_gd32f450_470.o(.text))
<BR>[Address Reference Count : 1]<UL><LI> startup_gd32f450_470.o(RESET)
</UL>
<P><STRONG><a name="[27]"></a>DMA0_Channel2_IRQHandler</STRONG> (Thumb, 0 bytes, Stack size 0 bytes, startup_gd32f450_470.o(.text))
<BR>[Address Reference Count : 1]<UL><LI> startup_gd32f450_470.o(RESET)
</UL>
<P><STRONG><a name="[28]"></a>DMA0_Channel3_IRQHandler</STRONG> (Thumb, 0 bytes, Stack size 0 bytes, startup_gd32f450_470.o(.text))
<BR>[Address Reference Count : 1]<UL><LI> startup_gd32f450_470.o(RESET)
</UL>
<P><STRONG><a name="[29]"></a>DMA0_Channel4_IRQHandler</STRONG> (Thumb, 0 bytes, Stack size 0 bytes, startup_gd32f450_470.o(.text))
<BR>[Address Reference Count : 1]<UL><LI> startup_gd32f450_470.o(RESET)
</UL>
<P><STRONG><a name="[2a]"></a>DMA0_Channel5_IRQHandler</STRONG> (Thumb, 0 bytes, Stack size 0 bytes, startup_gd32f450_470.o(.text))
<BR>[Address Reference Count : 1]<UL><LI> startup_gd32f450_470.o(RESET)
</UL>
<P><STRONG><a name="[2b]"></a>DMA0_Channel6_IRQHandler</STRONG> (Thumb, 0 bytes, Stack size 0 bytes, startup_gd32f450_470.o(.text))
<BR>[Address Reference Count : 1]<UL><LI> startup_gd32f450_470.o(RESET)
</UL>
<P><STRONG><a name="[49]"></a>DMA0_Channel7_IRQHandler</STRONG> (Thumb, 0 bytes, Stack size 0 bytes, startup_gd32f450_470.o(.text))
<BR>[Address Reference Count : 1]<UL><LI> startup_gd32f450_470.o(RESET)
</UL>
<P><STRONG><a name="[52]"></a>DMA1_Channel0_IRQHandler</STRONG> (Thumb, 0 bytes, Stack size 0 bytes, startup_gd32f450_470.o(.text))
<BR>[Address Reference Count : 1]<UL><LI> startup_gd32f450_470.o(RESET)
</UL>
<P><STRONG><a name="[53]"></a>DMA1_Channel1_IRQHandler</STRONG> (Thumb, 0 bytes, Stack size 0 bytes, startup_gd32f450_470.o(.text))
<BR>[Address Reference Count : 1]<UL><LI> startup_gd32f450_470.o(RESET)
</UL>
<P><STRONG><a name="[54]"></a>DMA1_Channel2_IRQHandler</STRONG> (Thumb, 0 bytes, Stack size 0 bytes, startup_gd32f450_470.o(.text))
<BR>[Address Reference Count : 1]<UL><LI> startup_gd32f450_470.o(RESET)
</UL>
<P><STRONG><a name="[55]"></a>DMA1_Channel3_IRQHandler</STRONG> (Thumb, 0 bytes, Stack size 0 bytes, startup_gd32f450_470.o(.text))
<BR>[Address Reference Count : 1]<UL><LI> startup_gd32f450_470.o(RESET)
</UL>
<P><STRONG><a name="[56]"></a>DMA1_Channel4_IRQHandler</STRONG> (Thumb, 0 bytes, Stack size 0 bytes, startup_gd32f450_470.o(.text))
<BR>[Address Reference Count : 1]<UL><LI> startup_gd32f450_470.o(RESET)
</UL>
<P><STRONG><a name="[5e]"></a>DMA1_Channel5_IRQHandler</STRONG> (Thumb, 0 bytes, Stack size 0 bytes, startup_gd32f450_470.o(.text))
<BR>[Address Reference Count : 1]<UL><LI> startup_gd32f450_470.o(RESET)
</UL>
<P><STRONG><a name="[5f]"></a>DMA1_Channel6_IRQHandler</STRONG> (Thumb, 0 bytes, Stack size 0 bytes, startup_gd32f450_470.o(.text))
<BR>[Address Reference Count : 1]<UL><LI> startup_gd32f450_470.o(RESET)
</UL>
<P><STRONG><a name="[60]"></a>DMA1_Channel7_IRQHandler</STRONG> (Thumb, 0 bytes, Stack size 0 bytes, startup_gd32f450_470.o(.text))
<BR>[Address Reference Count : 1]<UL><LI> startup_gd32f450_470.o(RESET)
</UL>
<P><STRONG><a name="[57]"></a>ENET_IRQHandler</STRONG> (Thumb, 0 bytes, Stack size 0 bytes, startup_gd32f450_470.o(.text))
<BR>[Address Reference Count : 1]<UL><LI> startup_gd32f450_470.o(RESET)
</UL>
<P><STRONG><a name="[58]"></a>ENET_WKUP_IRQHandler</STRONG> (Thumb, 0 bytes, Stack size 0 bytes, startup_gd32f450_470.o(.text))
<BR>[Address Reference Count : 1]<UL><LI> startup_gd32f450_470.o(RESET)
</UL>
<P><STRONG><a name="[4a]"></a>EXMC_IRQHandler</STRONG> (Thumb, 0 bytes, Stack size 0 bytes, startup_gd32f450_470.o(.text))
<BR>[Address Reference Count : 1]<UL><LI> startup_gd32f450_470.o(RESET)
</UL>
<P><STRONG><a name="[20]"></a>EXTI0_IRQHandler</STRONG> (Thumb, 0 bytes, Stack size 0 bytes, startup_gd32f450_470.o(.text))
<BR>[Address Reference Count : 1]<UL><LI> startup_gd32f450_470.o(RESET)
</UL>
<P><STRONG><a name="[42]"></a>EXTI10_15_IRQHandler</STRONG> (Thumb, 0 bytes, Stack size 0 bytes, startup_gd32f450_470.o(.text))
<BR>[Address Reference Count : 1]<UL><LI> startup_gd32f450_470.o(RESET)
</UL>
<P><STRONG><a name="[21]"></a>EXTI1_IRQHandler</STRONG> (Thumb, 0 bytes, Stack size 0 bytes, startup_gd32f450_470.o(.text))
<BR>[Address Reference Count : 1]<UL><LI> startup_gd32f450_470.o(RESET)
</UL>
<P><STRONG><a name="[22]"></a>EXTI2_IRQHandler</STRONG> (Thumb, 0 bytes, Stack size 0 bytes, startup_gd32f450_470.o(.text))
<BR>[Address Reference Count : 1]<UL><LI> startup_gd32f450_470.o(RESET)
</UL>
<P><STRONG><a name="[23]"></a>EXTI3_IRQHandler</STRONG> (Thumb, 0 bytes, Stack size 0 bytes, startup_gd32f450_470.o(.text))
<BR>[Address Reference Count : 1]<UL><LI> startup_gd32f450_470.o(RESET)
</UL>
<P><STRONG><a name="[24]"></a>EXTI4_IRQHandler</STRONG> (Thumb, 0 bytes, Stack size 0 bytes, startup_gd32f450_470.o(.text))
<BR>[Address Reference Count : 1]<UL><LI> startup_gd32f450_470.o(RESET)
</UL>
<P><STRONG><a name="[31]"></a>EXTI5_9_IRQHandler</STRONG> (Thumb, 0 bytes, Stack size 0 bytes, startup_gd32f450_470.o(.text))
<BR>[Address Reference Count : 1]<UL><LI> startup_gd32f450_470.o(RESET)
</UL>
<P><STRONG><a name="[1e]"></a>FMC_IRQHandler</STRONG> (Thumb, 0 bytes, Stack size 0 bytes, startup_gd32f450_470.o(.text))
<BR>[Address Reference Count : 1]<UL><LI> startup_gd32f450_470.o(RESET)
</UL>
<P><STRONG><a name="[6a]"></a>FPU_IRQHandler</STRONG> (Thumb, 0 bytes, Stack size 0 bytes, startup_gd32f450_470.o(.text))
<BR>[Address Reference Count : 1]<UL><LI> startup_gd32f450_470.o(RESET)
</UL>
<P><STRONG><a name="[3a]"></a>I2C0_ER_IRQHandler</STRONG> (Thumb, 0 bytes, Stack size 0 bytes, startup_gd32f450_470.o(.text))
<BR>[Address Reference Count : 1]<UL><LI> startup_gd32f450_470.o(RESET)
</UL>
<P><STRONG><a name="[39]"></a>I2C0_EV_IRQHandler</STRONG> (Thumb, 0 bytes, Stack size 0 bytes, startup_gd32f450_470.o(.text))
<BR>[Address Reference Count : 1]<UL><LI> startup_gd32f450_470.o(RESET)
</UL>
<P><STRONG><a name="[3c]"></a>I2C1_ER_IRQHandler</STRONG> (Thumb, 0 bytes, Stack size 0 bytes, startup_gd32f450_470.o(.text))
<BR>[Address Reference Count : 1]<UL><LI> startup_gd32f450_470.o(RESET)
</UL>
<P><STRONG><a name="[3b]"></a>I2C1_EV_IRQHandler</STRONG> (Thumb, 0 bytes, Stack size 0 bytes, startup_gd32f450_470.o(.text))
<BR>[Address Reference Count : 1]<UL><LI> startup_gd32f450_470.o(RESET)
</UL>
<P><STRONG><a name="[63]"></a>I2C2_ER_IRQHandler</STRONG> (Thumb, 0 bytes, Stack size 0 bytes, startup_gd32f450_470.o(.text))
<BR>[Address Reference Count : 1]<UL><LI> startup_gd32f450_470.o(RESET)
</UL>
<P><STRONG><a name="[62]"></a>I2C2_EV_IRQHandler</STRONG> (Thumb, 0 bytes, Stack size 0 bytes, startup_gd32f450_470.o(.text))
<BR>[Address Reference Count : 1]<UL><LI> startup_gd32f450_470.o(RESET)
</UL>
<P><STRONG><a name="[72]"></a>IPA_IRQHandler</STRONG> (Thumb, 0 bytes, Stack size 0 bytes, startup_gd32f450_470.o(.text))
<BR>[Address Reference Count : 1]<UL><LI> startup_gd32f450_470.o(RESET)
</UL>
<P><STRONG><a name="[1b]"></a>LVD_IRQHandler</STRONG> (Thumb, 0 bytes, Stack size 0 bytes, startup_gd32f450_470.o(.text))
<BR>[Address Reference Count : 1]<UL><LI> startup_gd32f450_470.o(RESET)
</UL>
<P><STRONG><a name="[1f]"></a>RCU_CTC_IRQHandler</STRONG> (Thumb, 0 bytes, Stack size 0 bytes, startup_gd32f450_470.o(.text))
<BR>[Address Reference Count : 1]<UL><LI> startup_gd32f450_470.o(RESET)
</UL>
<P><STRONG><a name="[1d]"></a>RTC_WKUP_IRQHandler</STRONG> (Thumb, 0 bytes, Stack size 0 bytes, startup_gd32f450_470.o(.text))
<BR>[Address Reference Count : 1]<UL><LI> startup_gd32f450_470.o(RESET)
</UL>
<P><STRONG><a name="[3d]"></a>SPI0_IRQHandler</STRONG> (Thumb, 0 bytes, Stack size 0 bytes, startup_gd32f450_470.o(.text))
<BR>[Address Reference Count : 1]<UL><LI> startup_gd32f450_470.o(RESET)
</UL>
<P><STRONG><a name="[3e]"></a>SPI1_IRQHandler</STRONG> (Thumb, 0 bytes, Stack size 0 bytes, startup_gd32f450_470.o(.text))
<BR>[Address Reference Count : 1]<UL><LI> startup_gd32f450_470.o(RESET)
</UL>
<P><STRONG><a name="[4d]"></a>SPI2_IRQHandler</STRONG> (Thumb, 0 bytes, Stack size 0 bytes, startup_gd32f450_470.o(.text))
<BR>[Address Reference Count : 1]<UL><LI> startup_gd32f450_470.o(RESET)
</UL>
<P><STRONG><a name="[6d]"></a>SPI3_IRQHandler</STRONG> (Thumb, 0 bytes, Stack size 0 bytes, startup_gd32f450_470.o(.text))
<BR>[Address Reference Count : 1]<UL><LI> startup_gd32f450_470.o(RESET)
</UL>
<P><STRONG><a name="[6e]"></a>SPI4_IRQHandler</STRONG> (Thumb, 0 bytes, Stack size 0 bytes, startup_gd32f450_470.o(.text))
<BR>[Address Reference Count : 1]<UL><LI> startup_gd32f450_470.o(RESET)
</UL>
<P><STRONG><a name="[6f]"></a>SPI5_IRQHandler</STRONG> (Thumb, 0 bytes, Stack size 0 bytes, startup_gd32f450_470.o(.text))
<BR>[Address Reference Count : 1]<UL><LI> startup_gd32f450_470.o(RESET)
</UL>
<P><STRONG><a name="[1c]"></a>TAMPER_STAMP_IRQHandler</STRONG> (Thumb, 0 bytes, Stack size 0 bytes, startup_gd32f450_470.o(.text))
<BR>[Address Reference Count : 1]<UL><LI> startup_gd32f450_470.o(RESET)
</UL>
<P><STRONG><a name="[32]"></a>TIMER0_BRK_TIMER8_IRQHandler</STRONG> (Thumb, 0 bytes, Stack size 0 bytes, startup_gd32f450_470.o(.text))
<BR>[Address Reference Count : 1]<UL><LI> startup_gd32f450_470.o(RESET)
</UL>
<P><STRONG><a name="[35]"></a>TIMER0_Channel_IRQHandler</STRONG> (Thumb, 0 bytes, Stack size 0 bytes, startup_gd32f450_470.o(.text))
<BR>[Address Reference Count : 1]<UL><LI> startup_gd32f450_470.o(RESET)
</UL>
<P><STRONG><a name="[34]"></a>TIMER0_TRG_CMT_TIMER10_IRQHandler</STRONG> (Thumb, 0 bytes, Stack size 0 bytes, startup_gd32f450_470.o(.text))
<BR>[Address Reference Count : 1]<UL><LI> startup_gd32f450_470.o(RESET)
</UL>
<P><STRONG><a name="[33]"></a>TIMER0_UP_TIMER9_IRQHandler</STRONG> (Thumb, 0 bytes, Stack size 0 bytes, startup_gd32f450_470.o(.text))
<BR>[Address Reference Count : 1]<UL><LI> startup_gd32f450_470.o(RESET)
</UL>
<P><STRONG><a name="[37]"></a>TIMER2_IRQHandler</STRONG> (Thumb, 0 bytes, Stack size 0 bytes, startup_gd32f450_470.o(.text))
<BR>[Address Reference Count : 1]<UL><LI> startup_gd32f450_470.o(RESET)
</UL>
<P><STRONG><a name="[38]"></a>TIMER3_IRQHandler</STRONG> (Thumb, 0 bytes, Stack size 0 bytes, startup_gd32f450_470.o(.text))
<BR>[Address Reference Count : 1]<UL><LI> startup_gd32f450_470.o(RESET)
</UL>
<P><STRONG><a name="[50]"></a>TIMER5_DAC_IRQHandler</STRONG> (Thumb, 0 bytes, Stack size 0 bytes, startup_gd32f450_470.o(.text))
<BR>[Address Reference Count : 1]<UL><LI> startup_gd32f450_470.o(RESET)
</UL>
<P><STRONG><a name="[51]"></a>TIMER6_IRQHandler</STRONG> (Thumb, 0 bytes, Stack size 0 bytes, startup_gd32f450_470.o(.text))
<BR>[Address Reference Count : 1]<UL><LI> startup_gd32f450_470.o(RESET)
</UL>
<P><STRONG><a name="[45]"></a>TIMER7_BRK_TIMER11_IRQHandler</STRONG> (Thumb, 0 bytes, Stack size 0 bytes, startup_gd32f450_470.o(.text))
<BR>[Address Reference Count : 1]<UL><LI> startup_gd32f450_470.o(RESET)
</UL>
<P><STRONG><a name="[48]"></a>TIMER7_Channel_IRQHandler</STRONG> (Thumb, 0 bytes, Stack size 0 bytes, startup_gd32f450_470.o(.text))
<BR>[Address Reference Count : 1]<UL><LI> startup_gd32f450_470.o(RESET)
</UL>
<P><STRONG><a name="[47]"></a>TIMER7_TRG_CMT_TIMER13_IRQHandler</STRONG> (Thumb, 0 bytes, Stack size 0 bytes, startup_gd32f450_470.o(.text))
<BR>[Address Reference Count : 1]<UL><LI> startup_gd32f450_470.o(RESET)
</UL>
<P><STRONG><a name="[46]"></a>TIMER7_UP_TIMER12_IRQHandler</STRONG> (Thumb, 0 bytes, Stack size 0 bytes, startup_gd32f450_470.o(.text))
<BR>[Address Reference Count : 1]<UL><LI> startup_gd32f450_470.o(RESET)
</UL>
<P><STRONG><a name="[71]"></a>TLI_ER_IRQHandler</STRONG> (Thumb, 0 bytes, Stack size 0 bytes, startup_gd32f450_470.o(.text))
<BR>[Address Reference Count : 1]<UL><LI> startup_gd32f450_470.o(RESET)
</UL>
<P><STRONG><a name="[70]"></a>TLI_IRQHandler</STRONG> (Thumb, 0 bytes, Stack size 0 bytes, startup_gd32f450_470.o(.text))
<BR>[Address Reference Count : 1]<UL><LI> startup_gd32f450_470.o(RESET)
</UL>
<P><STRONG><a name="[69]"></a>TRNG_IRQHandler</STRONG> (Thumb, 0 bytes, Stack size 0 bytes, startup_gd32f450_470.o(.text))
<BR>[Address Reference Count : 1]<UL><LI> startup_gd32f450_470.o(RESET)
</UL>
<P><STRONG><a name="[4e]"></a>UART3_IRQHandler</STRONG> (Thumb, 0 bytes, Stack size 0 bytes, startup_gd32f450_470.o(.text))
<BR>[Address Reference Count : 1]<UL><LI> startup_gd32f450_470.o(RESET)
</UL>
<P><STRONG><a name="[4f]"></a>UART4_IRQHandler</STRONG> (Thumb, 0 bytes, Stack size 0 bytes, startup_gd32f450_470.o(.text))
<BR>[Address Reference Count : 1]<UL><LI> startup_gd32f450_470.o(RESET)
</UL>
<P><STRONG><a name="[6b]"></a>UART6_IRQHandler</STRONG> (Thumb, 0 bytes, Stack size 0 bytes, startup_gd32f450_470.o(.text))
<BR>[Address Reference Count : 1]<UL><LI> startup_gd32f450_470.o(RESET)
</UL>
<P><STRONG><a name="[6c]"></a>UART7_IRQHandler</STRONG> (Thumb, 0 bytes, Stack size 0 bytes, startup_gd32f450_470.o(.text))
<BR>[Address Reference Count : 1]<UL><LI> startup_gd32f450_470.o(RESET)
</UL>
<P><STRONG><a name="[40]"></a>USART1_IRQHandler</STRONG> (Thumb, 0 bytes, Stack size 0 bytes, startup_gd32f450_470.o(.text))
<BR>[Address Reference Count : 1]<UL><LI> startup_gd32f450_470.o(RESET)
</UL>
<P><STRONG><a name="[61]"></a>USART5_IRQHandler</STRONG> (Thumb, 0 bytes, Stack size 0 bytes, startup_gd32f450_470.o(.text))
<BR>[Address Reference Count : 1]<UL><LI> startup_gd32f450_470.o(RESET)
</UL>
<P><STRONG><a name="[5d]"></a>USBFS_IRQHandler</STRONG> (Thumb, 0 bytes, Stack size 0 bytes, startup_gd32f450_470.o(.text))
<BR>[Address Reference Count : 1]<UL><LI> startup_gd32f450_470.o(RESET)
</UL>
<P><STRONG><a name="[44]"></a>USBFS_WKUP_IRQHandler</STRONG> (Thumb, 0 bytes, Stack size 0 bytes, startup_gd32f450_470.o(.text))
<BR>[Address Reference Count : 1]<UL><LI> startup_gd32f450_470.o(RESET)
</UL>
<P><STRONG><a name="[65]"></a>USBHS_EP1_In_IRQHandler</STRONG> (Thumb, 0 bytes, Stack size 0 bytes, startup_gd32f450_470.o(.text))
<BR>[Address Reference Count : 1]<UL><LI> startup_gd32f450_470.o(RESET)
</UL>
<P><STRONG><a name="[64]"></a>USBHS_EP1_Out_IRQHandler</STRONG> (Thumb, 0 bytes, Stack size 0 bytes, startup_gd32f450_470.o(.text))
<BR>[Address Reference Count : 1]<UL><LI> startup_gd32f450_470.o(RESET)
</UL>
<P><STRONG><a name="[67]"></a>USBHS_IRQHandler</STRONG> (Thumb, 0 bytes, Stack size 0 bytes, startup_gd32f450_470.o(.text))
<BR>[Address Reference Count : 1]<UL><LI> startup_gd32f450_470.o(RESET)
</UL>
<P><STRONG><a name="[66]"></a>USBHS_WKUP_IRQHandler</STRONG> (Thumb, 0 bytes, Stack size 0 bytes, startup_gd32f450_470.o(.text))
<BR>[Address Reference Count : 1]<UL><LI> startup_gd32f450_470.o(RESET)
</UL>
<P><STRONG><a name="[1a]"></a>WWDGT_IRQHandler</STRONG> (Thumb, 0 bytes, Stack size 0 bytes, startup_gd32f450_470.o(.text))
<BR>[Address Reference Count : 1]<UL><LI> startup_gd32f450_470.o(RESET)
</UL>
<P><STRONG><a name="[1e2]"></a>__aeabi_memcpy</STRONG> (Thumb, 36 bytes, Stack size 0 bytes, memcpya.o(.text))
<BR><BR>[Called By]<UL><LI><a href="#[260]">&gt;&gt;</a>&nbsp;&nbsp;&nbsp;transpose_items
<LI><a href="#[1e3]">&gt;&gt;</a>&nbsp;&nbsp;&nbsp;_platform_network_state_update_output
<LI><a href="#[1e1]">&gt;&gt;</a>&nbsp;&nbsp;&nbsp;_platform_network_state_update_input
<LI><a href="#[7]">&gt;&gt;</a>&nbsp;&nbsp;&nbsp;forward_pad
<LI><a href="#[9]">&gt;&gt;</a>&nbsp;&nbsp;&nbsp;forward_gather
<LI><a href="#[1]">&gt;&gt;</a>&nbsp;&nbsp;&nbsp;forward_concat
</UL>

<P><STRONG><a name="[1d5]"></a>__aeabi_memcpy4</STRONG> (Thumb, 0 bytes, Stack size 0 bytes, memcpya.o(.text))
<BR><BR>[Called By]<UL><LI><a href="#[1d8]">&gt;&gt;</a>&nbsp;&nbsp;&nbsp;_platform_ai_buffer_array_copy
<LI><a href="#[1d2]">&gt;&gt;</a>&nbsp;&nbsp;&nbsp;_ai_platform_get_io_buffers_info
<LI><a href="#[8]">&gt;&gt;</a>&nbsp;&nbsp;&nbsp;forward_upsample
<LI><a href="#[1f1]">&gt;&gt;</a>&nbsp;&nbsp;&nbsp;ai_platform_network_init
</UL>

<P><STRONG><a name="[2ad]"></a>__aeabi_memcpy8</STRONG> (Thumb, 0 bytes, Stack size 0 bytes, memcpya.o(.text), UNUSED)

<P><STRONG><a name="[91]"></a>__aeabi_memset</STRONG> (Thumb, 14 bytes, Stack size 0 bytes, memseta.o(.text), UNUSED)
<BR><BR>[Called By]<UL><LI><a href="#[92]">&gt;&gt;</a>&nbsp;&nbsp;&nbsp;_memset$wrapper
<LI><a href="#[90]">&gt;&gt;</a>&nbsp;&nbsp;&nbsp;__aeabi_memclr
</UL>

<P><STRONG><a name="[2ae]"></a>__aeabi_memset4</STRONG> (Thumb, 0 bytes, Stack size 0 bytes, memseta.o(.text), UNUSED)

<P><STRONG><a name="[2af]"></a>__aeabi_memset8</STRONG> (Thumb, 0 bytes, Stack size 0 bytes, memseta.o(.text), UNUSED)

<P><STRONG><a name="[90]"></a>__aeabi_memclr</STRONG> (Thumb, 4 bytes, Stack size 0 bytes, memseta.o(.text), UNUSED)
<BR><BR>[Calls]<UL><LI><a href="#[91]">&gt;&gt;</a>&nbsp;&nbsp;&nbsp;__aeabi_memset
</UL>

<P><STRONG><a name="[1d3]"></a>__aeabi_memclr4</STRONG> (Thumb, 0 bytes, Stack size 0 bytes, memseta.o(.text))
<BR><BR>[Called By]<UL><LI><a href="#[1d2]">&gt;&gt;</a>&nbsp;&nbsp;&nbsp;_ai_platform_get_io_buffers_info
<LI><a href="#[8]">&gt;&gt;</a>&nbsp;&nbsp;&nbsp;forward_upsample
</UL>

<P><STRONG><a name="[2b0]"></a>__aeabi_memclr8</STRONG> (Thumb, 0 bytes, Stack size 0 bytes, memseta.o(.text), UNUSED)

<P><STRONG><a name="[92]"></a>_memset$wrapper</STRONG> (Thumb, 18 bytes, Stack size 8 bytes, memseta.o(.text), UNUSED)
<BR><BR>[Calls]<UL><LI><a href="#[91]">&gt;&gt;</a>&nbsp;&nbsp;&nbsp;__aeabi_memset
</UL>

<P><STRONG><a name="[1e8]"></a>memcmp</STRONG> (Thumb, 26 bytes, Stack size 12 bytes, memcmp.o(.text))
<BR><BR>[Stack]<UL><LI>Max Depth = 12<LI>Call Chain = memcmp
</UL>
<BR>[Called By]<UL><LI><a href="#[1e7]">&gt;&gt;</a>&nbsp;&nbsp;&nbsp;ai_check_custom_types
</UL>

<P><STRONG><a name="[93]"></a>__aeabi_f2lz</STRONG> (Thumb, 66 bytes, Stack size 8 bytes, ffixl.o(.text))
<BR><BR>[Stack]<UL><LI>Max Depth = 8<LI>Call Chain = __aeabi_f2lz
</UL>
<BR>[Calls]<UL><LI><a href="#[94]">&gt;&gt;</a>&nbsp;&nbsp;&nbsp;__aeabi_llsl
</UL>
<BR>[Called By]<UL><LI><a href="#[204]">&gt;&gt;</a>&nbsp;&nbsp;&nbsp;align_factor_ch
</UL>

<P><STRONG><a name="[95]"></a>__aeabi_uldivmod</STRONG> (Thumb, 98 bytes, Stack size 40 bytes, uldiv.o(.text), UNUSED)
<BR><BR>[Calls]<UL><LI><a href="#[96]">&gt;&gt;</a>&nbsp;&nbsp;&nbsp;__aeabi_llsr
<LI><a href="#[94]">&gt;&gt;</a>&nbsp;&nbsp;&nbsp;__aeabi_llsl
</UL>
<BR>[Called By]<UL><LI><a href="#[1c4]">&gt;&gt;</a>&nbsp;&nbsp;&nbsp;_printf_core
</UL>

<P><STRONG><a name="[94]"></a>__aeabi_llsl</STRONG> (Thumb, 30 bytes, Stack size 0 bytes, llshl.o(.text))
<BR><BR>[Called By]<UL><LI><a href="#[93]">&gt;&gt;</a>&nbsp;&nbsp;&nbsp;__aeabi_f2lz
<LI><a href="#[95]">&gt;&gt;</a>&nbsp;&nbsp;&nbsp;__aeabi_uldivmod
</UL>

<P><STRONG><a name="[2b1]"></a>_ll_shift_l</STRONG> (Thumb, 0 bytes, Stack size 0 bytes, llshl.o(.text), UNUSED)

<P><STRONG><a name="[2b2]"></a>__I$use$fp</STRONG> (Thumb, 0 bytes, Stack size 8 bytes, iusefp.o(.text), UNUSED)

<P><STRONG><a name="[97]"></a>_frnd</STRONG> (Thumb, 60 bytes, Stack size 8 bytes, frnd.o(.text))
<BR><BR>[Stack]<UL><LI>Max Depth = 8<LI>Call Chain = _frnd
</UL>
<BR>[Calls]<UL><LI><a href="#[98]">&gt;&gt;</a>&nbsp;&nbsp;&nbsp;_float_round
</UL>
<BR>[Called By]<UL><LI><a href="#[1d1]">&gt;&gt;</a>&nbsp;&nbsp;&nbsp;__hardfp_roundf
</UL>

<P><STRONG><a name="[2b3]"></a>__fp_status</STRONG> (Thumb, 4 bytes, Stack size 0 bytes, fpstat.o(.text), UNUSED)

<P><STRONG><a name="[1cd]"></a>__ieee_status</STRONG> (Thumb, 0 bytes, Stack size 0 bytes, fpstat.o(.text))
<BR><BR>[Called By]<UL><LI><a href="#[1cc]">&gt;&gt;</a>&nbsp;&nbsp;&nbsp;__hardfp_powf
</UL>

<P><STRONG><a name="[8f]"></a>__scatterload</STRONG> (Thumb, 28 bytes, Stack size 0 bytes, init.o(.text))
<BR><BR>[Calls]<UL><LI><a href="#[99]">&gt;&gt;</a>&nbsp;&nbsp;&nbsp;__main_after_scatterload
</UL>
<BR>[Called By]<UL><LI><a href="#[8e]">&gt;&gt;</a>&nbsp;&nbsp;&nbsp;_main_scatterload
</UL>

<P><STRONG><a name="[2b4]"></a>__scatterload_rt2</STRONG> (Thumb, 0 bytes, Stack size 0 bytes, init.o(.text), UNUSED)

<P><STRONG><a name="[96]"></a>__aeabi_llsr</STRONG> (Thumb, 32 bytes, Stack size 0 bytes, llushr.o(.text), UNUSED)
<BR><BR>[Called By]<UL><LI><a href="#[95]">&gt;&gt;</a>&nbsp;&nbsp;&nbsp;__aeabi_uldivmod
</UL>

<P><STRONG><a name="[2b5]"></a>_ll_ushift_r</STRONG> (Thumb, 0 bytes, Stack size 0 bytes, llushr.o(.text), UNUSED)

<P><STRONG><a name="[98]"></a>_float_round</STRONG> (Thumb, 18 bytes, Stack size 0 bytes, fepilogue.o(.text))
<BR><BR>[Called By]<UL><LI><a href="#[97]">&gt;&gt;</a>&nbsp;&nbsp;&nbsp;_frnd
</UL>

<P><STRONG><a name="[2b6]"></a>_float_epilogue</STRONG> (Thumb, 92 bytes, Stack size 4 bytes, fepilogue.o(.text), UNUSED)

<P><STRONG><a name="[2b7]"></a>__decompress</STRONG> (Thumb, 0 bytes, Stack size unknown bytes, __dczerorl2.o(.text), UNUSED)

<P><STRONG><a name="[2b8]"></a>__decompress1</STRONG> (Thumb, 86 bytes, Stack size unknown bytes, __dczerorl2.o(.text), UNUSED)

<P><STRONG><a name="[b3]"></a>BMPEncodeWithRGB565</STRONG> (Thumb, 502 bytes, Stack size 80 bytes, bmpencoder.o(i.BMPEncodeWithRGB565))
<BR><BR>[Stack]<UL><LI>Max Depth = 680<LI>Call Chain = BMPEncodeWithRGB565 &rArr; CheckDir &rArr; f_mkdir &rArr; dir_register &rArr; dir_find &rArr; dir_next &rArr; create_chain &rArr; put_fat &rArr; move_window &rArr; sync_window &rArr; disk_write &rArr; FTLWriteSectors &rArr; NandCopyBlockWithWrite &rArr; NandCopyBlockWithoutWrite &rArr; NandCopyPageWithoutWrite &rArr; NandWaitReady &rArr; NandReadStatus
</UL>
<BR>[Calls]<UL><LI><a href="#[ad]">&gt;&gt;</a>&nbsp;&nbsp;&nbsp;LCDReadPoint
<LI><a href="#[b7]">&gt;&gt;</a>&nbsp;&nbsp;&nbsp;f_write
<LI><a href="#[a7]">&gt;&gt;</a>&nbsp;&nbsp;&nbsp;f_open
<LI><a href="#[b6]">&gt;&gt;</a>&nbsp;&nbsp;&nbsp;f_lseek
<LI><a href="#[aa]">&gt;&gt;</a>&nbsp;&nbsp;&nbsp;f_close
<LI><a href="#[a4]">&gt;&gt;</a>&nbsp;&nbsp;&nbsp;MyFree
<LI><a href="#[b5]">&gt;&gt;</a>&nbsp;&nbsp;&nbsp;GetNewName
<LI><a href="#[b4]">&gt;&gt;</a>&nbsp;&nbsp;&nbsp;CheckDir
<LI><a href="#[a8]">&gt;&gt;</a>&nbsp;&nbsp;&nbsp;MyMalloc
<LI><a href="#[9d]">&gt;&gt;</a>&nbsp;&nbsp;&nbsp;__2printf
</UL>
<BR>[Called By]<UL><LI><a href="#[1b4]">&gt;&gt;</a>&nbsp;&nbsp;&nbsp;ScreeShot
</UL>

<P><STRONG><a name="[b8]"></a>BeepCalcDown</STRONG> (Thumb, 46 bytes, Stack size 8 bytes, beep.o(i.BeepCalcDown))
<BR><BR>[Stack]<UL><LI>Max Depth = 8<LI>Call Chain = BeepCalcDown
</UL>
<BR>[Calls]<UL><LI><a href="#[b9]">&gt;&gt;</a>&nbsp;&nbsp;&nbsp;gpio_bit_set
<LI><a href="#[ba]">&gt;&gt;</a>&nbsp;&nbsp;&nbsp;gpio_bit_reset
</UL>
<BR>[Called By]<UL><LI><a href="#[36]">&gt;&gt;</a>&nbsp;&nbsp;&nbsp;TIMER1_IRQHandler
</UL>

<P><STRONG><a name="[1b9]"></a>BeepWithTime</STRONG> (Thumb, 6 bytes, Stack size 0 bytes, beep.o(i.BeepWithTime))
<BR><BR>[Called By]<UL><LI><a href="#[7b]">&gt;&gt;</a>&nbsp;&nbsp;&nbsp;TakePhotoCallback
</UL>

<P><STRONG><a name="[14]"></a>BusFault_Handler</STRONG> (Thumb, 4 bytes, Stack size 0 bytes, gd32f4xx_it.o(i.BusFault_Handler))
<BR>[Address Reference Count : 1]<UL><LI> startup_gd32f450_470.o(RESET)
</UL>
<P><STRONG><a name="[c3]"></a>ClearRadioWidgetFocus</STRONG> (Thumb, 22 bytes, Stack size 8 bytes, radiowidget.o(i.ClearRadioWidgetFocus))
<BR><BR>[Stack]<UL><LI>Max Depth = 720<LI>Call Chain = ClearRadioWidgetFocus &rArr; DrawBackground &rArr; GUIDrawImage &rArr; DisplayBMP &rArr; BMPDisplayInFatFs &rArr; f_open &rArr; dir_register &rArr; dir_find &rArr; dir_next &rArr; create_chain &rArr; put_fat &rArr; move_window &rArr; sync_window &rArr; disk_write &rArr; FTLWriteSectors &rArr; NandCopyBlockWithWrite &rArr; NandCopyBlockWithoutWrite &rArr; NandCopyPageWithoutWrite &rArr; NandWaitReady &rArr; NandReadStatus
</UL>
<BR>[Calls]<UL><LI><a href="#[c4]">&gt;&gt;</a>&nbsp;&nbsp;&nbsp;DrawBackground
</UL>
<BR>[Called By]<UL><LI><a href="#[83]">&gt;&gt;</a>&nbsp;&nbsp;&nbsp;RadioPressCallback
</UL>

<P><STRONG><a name="[1a0]"></a>Clr1msFlag</STRONG> (Thumb, 8 bytes, Stack size 0 bytes, timer.o(i.Clr1msFlag))
<BR><BR>[Called By]<UL><LI><a href="#[19d]">&gt;&gt;</a>&nbsp;&nbsp;&nbsp;Proc1msTask
</UL>

<P><STRONG><a name="[1a3]"></a>Clr2msFlag</STRONG> (Thumb, 8 bytes, Stack size 0 bytes, timer.o(i.Clr2msFlag))
<BR><BR>[Called By]<UL><LI><a href="#[1a1]">&gt;&gt;</a>&nbsp;&nbsp;&nbsp;Proc2msTask
</UL>

<P><STRONG><a name="[cb]"></a>ConfigDCI</STRONG> (Thumb, 216 bytes, Stack size 64 bytes, dci.o(i.ConfigDCI))
<BR><BR>[Stack]<UL><LI>Max Depth = 88<LI>Call Chain = ConfigDCI &rArr; nvic_irq_enable
</UL>
<BR>[Calls]<UL><LI><a href="#[9f]">&gt;&gt;</a>&nbsp;&nbsp;&nbsp;rcu_periph_clock_enable
<LI><a href="#[ce]">&gt;&gt;</a>&nbsp;&nbsp;&nbsp;nvic_irq_enable
<LI><a href="#[d2]">&gt;&gt;</a>&nbsp;&nbsp;&nbsp;dma_single_data_mode_init
<LI><a href="#[d4]">&gt;&gt;</a>&nbsp;&nbsp;&nbsp;dma_flow_controller_config
<LI><a href="#[d1]">&gt;&gt;</a>&nbsp;&nbsp;&nbsp;dma_deinit
<LI><a href="#[d3]">&gt;&gt;</a>&nbsp;&nbsp;&nbsp;dma_channel_subperipheral_select
<LI><a href="#[d5]">&gt;&gt;</a>&nbsp;&nbsp;&nbsp;dma_channel_enable
<LI><a href="#[d0]">&gt;&gt;</a>&nbsp;&nbsp;&nbsp;dci_interrupt_flag_clear
<LI><a href="#[cf]">&gt;&gt;</a>&nbsp;&nbsp;&nbsp;dci_interrupt_enable
<LI><a href="#[cd]">&gt;&gt;</a>&nbsp;&nbsp;&nbsp;dci_init
<LI><a href="#[d6]">&gt;&gt;</a>&nbsp;&nbsp;&nbsp;dci_enable
<LI><a href="#[cc]">&gt;&gt;</a>&nbsp;&nbsp;&nbsp;dci_deinit
<LI><a href="#[d7]">&gt;&gt;</a>&nbsp;&nbsp;&nbsp;dci_capture_enable
</UL>
<BR>[Called By]<UL><LI><a href="#[218]">&gt;&gt;</a>&nbsp;&nbsp;&nbsp;detect_once
<LI><a href="#[141]">&gt;&gt;</a>&nbsp;&nbsp;&nbsp;InitDCI
<LI><a href="#[68]">&gt;&gt;</a>&nbsp;&nbsp;&nbsp;DCI_IRQHandler
</UL>

<P><STRONG><a name="[fb]"></a>CreateButtonWidget</STRONG> (Thumb, 40 bytes, Stack size 16 bytes, buttonwidget.o(i.CreateButtonWidget))
<BR><BR>[Stack]<UL><LI>Max Depth = 728<LI>Call Chain = CreateButtonWidget &rArr; DrawBackground &rArr; GUIDrawImage &rArr; DisplayBMP &rArr; BMPDisplayInFatFs &rArr; f_open &rArr; dir_register &rArr; dir_find &rArr; dir_next &rArr; create_chain &rArr; put_fat &rArr; move_window &rArr; sync_window &rArr; disk_write &rArr; FTLWriteSectors &rArr; NandCopyBlockWithWrite &rArr; NandCopyBlockWithoutWrite &rArr; NandCopyPageWithoutWrite &rArr; NandWaitReady &rArr; NandReadStatus
</UL>
<BR>[Calls]<UL><LI><a href="#[fe]">&gt;&gt;</a>&nbsp;&nbsp;&nbsp;DrawText
<LI><a href="#[fd]">&gt;&gt;</a>&nbsp;&nbsp;&nbsp;DrawBackground
<LI><a href="#[fc]">&gt;&gt;</a>&nbsp;&nbsp;&nbsp;GUISaveBackground
</UL>
<BR>[Called By]<UL><LI><a href="#[14d]">&gt;&gt;</a>&nbsp;&nbsp;&nbsp;InitGUIButton
</UL>

<P><STRONG><a name="[ff]"></a>CreateLUT</STRONG> (Thumb, 236 bytes, Stack size 24 bytes, ftl.o(i.CreateLUT))
<BR><BR>[Stack]<UL><LI>Max Depth = 72<LI>Call Chain = CreateLUT &rArr; NandReadSpare &rArr; NANDWaitRB
</UL>
<BR>[Calls]<UL><LI><a href="#[100]">&gt;&gt;</a>&nbsp;&nbsp;&nbsp;NandReadSpare
<LI><a href="#[9d]">&gt;&gt;</a>&nbsp;&nbsp;&nbsp;__2printf
</UL>
<BR>[Called By]<UL><LI><a href="#[144]">&gt;&gt;</a>&nbsp;&nbsp;&nbsp;InitFTL
<LI><a href="#[111]">&gt;&gt;</a>&nbsp;&nbsp;&nbsp;FTLFormat
</UL>

<P><STRONG><a name="[101]"></a>CreateRadioWidget</STRONG> (Thumb, 32 bytes, Stack size 16 bytes, radiowidget.o(i.CreateRadioWidget))
<BR><BR>[Stack]<UL><LI>Max Depth = 728<LI>Call Chain = CreateRadioWidget &rArr; DrawBackground &rArr; GUIDrawImage &rArr; DisplayBMP &rArr; BMPDisplayInFatFs &rArr; f_open &rArr; dir_register &rArr; dir_find &rArr; dir_next &rArr; create_chain &rArr; put_fat &rArr; move_window &rArr; sync_window &rArr; disk_write &rArr; FTLWriteSectors &rArr; NandCopyBlockWithWrite &rArr; NandCopyBlockWithoutWrite &rArr; NandCopyPageWithoutWrite &rArr; NandWaitReady &rArr; NandReadStatus
</UL>
<BR>[Calls]<UL><LI><a href="#[fc]">&gt;&gt;</a>&nbsp;&nbsp;&nbsp;GUISaveBackground
<LI><a href="#[c4]">&gt;&gt;</a>&nbsp;&nbsp;&nbsp;DrawBackground
</UL>
<BR>[Called By]<UL><LI><a href="#[14c]">&gt;&gt;</a>&nbsp;&nbsp;&nbsp;InitGUIRadio
</UL>

<P><STRONG><a name="[68]"></a>DCI_IRQHandler</STRONG> (Thumb, 42 bytes, Stack size 8 bytes, dci.o(i.DCI_IRQHandler))
<BR><BR>[Stack]<UL><LI>Max Depth = 96<LI>Call Chain = DCI_IRQHandler &rArr; ConfigDCI &rArr; nvic_irq_enable
</UL>
<BR>[Calls]<UL><LI><a href="#[cb]">&gt;&gt;</a>&nbsp;&nbsp;&nbsp;ConfigDCI
<LI><a href="#[102]">&gt;&gt;</a>&nbsp;&nbsp;&nbsp;dci_interrupt_flag_get
<LI><a href="#[d0]">&gt;&gt;</a>&nbsp;&nbsp;&nbsp;dci_interrupt_flag_clear
</UL>
<BR>[Address Reference Count : 1]<UL><LI> startup_gd32f450_470.o(RESET)
</UL>
<P><STRONG><a name="[1ac]"></a>DeQueue</STRONG> (Thumb, 68 bytes, Stack size 12 bytes, queue.o(i.DeQueue))
<BR><BR>[Stack]<UL><LI>Max Depth = 12<LI>Call Chain = DeQueue
</UL>
<BR>[Called By]<UL><LI><a href="#[1ad]">&gt;&gt;</a>&nbsp;&nbsp;&nbsp;ReadSendBuf
<LI><a href="#[1ab]">&gt;&gt;</a>&nbsp;&nbsp;&nbsp;ReadSendBuf
</UL>

<P><STRONG><a name="[17]"></a>DebugMon_Handler</STRONG> (Thumb, 2 bytes, Stack size 0 bytes, gd32f4xx_it.o(i.DebugMon_Handler))
<BR>[Address Reference Count : 1]<UL><LI> startup_gd32f450_470.o(RESET)
</UL>
<P><STRONG><a name="[db]"></a>DelayNms</STRONG> (Thumb, 32 bytes, Stack size 8 bytes, systick.o(i.DelayNms))
<BR><BR>[Stack]<UL><LI>Max Depth = 8<LI>Call Chain = DelayNms
</UL>
<BR>[Called By]<UL><LI><a href="#[137]">&gt;&gt;</a>&nbsp;&nbsp;&nbsp;InitCamera
<LI><a href="#[138]">&gt;&gt;</a>&nbsp;&nbsp;&nbsp;InitOV2640
<LI><a href="#[14a]">&gt;&gt;</a>&nbsp;&nbsp;&nbsp;InitGT1151Q
<LI><a href="#[da]">&gt;&gt;</a>&nbsp;&nbsp;&nbsp;ConfigGT1151QAddr
<LI><a href="#[a5]">&gt;&gt;</a>&nbsp;&nbsp;&nbsp;ForceMountSDCard
<LI><a href="#[a6]">&gt;&gt;</a>&nbsp;&nbsp;&nbsp;ForceMountNandFlash
<LI><a href="#[145]">&gt;&gt;</a>&nbsp;&nbsp;&nbsp;InitNandFlash
</UL>

<P><STRONG><a name="[e4]"></a>DelayNus</STRONG> (Thumb, 26 bytes, Stack size 8 bytes, systick.o(i.DelayNus))
<BR><BR>[Stack]<UL><LI>Max Depth = 8<LI>Call Chain = DelayNus
</UL>
<BR>[Called By]<UL><LI><a href="#[88]">&gt;&gt;</a>&nbsp;&nbsp;&nbsp;Delay
<LI><a href="#[80]">&gt;&gt;</a>&nbsp;&nbsp;&nbsp;Delay
<LI><a href="#[195]">&gt;&gt;</a>&nbsp;&nbsp;&nbsp;NandCopyPageWithoutWrite
<LI><a href="#[194]">&gt;&gt;</a>&nbsp;&nbsp;&nbsp;NandCopyPageWithWrite
<LI><a href="#[10e]">&gt;&gt;</a>&nbsp;&nbsp;&nbsp;NandWriteSpare
<LI><a href="#[119]">&gt;&gt;</a>&nbsp;&nbsp;&nbsp;NandWritePage
<LI><a href="#[115]">&gt;&gt;</a>&nbsp;&nbsp;&nbsp;NandReadPage
<LI><a href="#[e3]">&gt;&gt;</a>&nbsp;&nbsp;&nbsp;ConfigSDRAM
</UL>

<P><STRONG><a name="[103]"></a>DisplayBMP</STRONG> (Thumb, 42 bytes, Stack size 16 bytes, bmp.o(i.DisplayBMP))
<BR><BR>[Stack]<UL><LI>Max Depth = 656<LI>Call Chain = DisplayBMP &rArr; BMPDisplayInFatFs &rArr; f_open &rArr; dir_register &rArr; dir_find &rArr; dir_next &rArr; create_chain &rArr; put_fat &rArr; move_window &rArr; sync_window &rArr; disk_write &rArr; FTLWriteSectors &rArr; NandCopyBlockWithWrite &rArr; NandCopyBlockWithoutWrite &rArr; NandCopyPageWithoutWrite &rArr; NandWaitReady &rArr; NandReadStatus
</UL>
<BR>[Calls]<UL><LI><a href="#[b0]">&gt;&gt;</a>&nbsp;&nbsp;&nbsp;BMPDisplayInMem
<LI><a href="#[a3]">&gt;&gt;</a>&nbsp;&nbsp;&nbsp;BMPDisplayInFatFs
</UL>
<BR>[Called By]<UL><LI><a href="#[10a]">&gt;&gt;</a>&nbsp;&nbsp;&nbsp;GUIDrawImage
</UL>

<P><STRONG><a name="[105]"></a>DisplayJPEGInFlash</STRONG> (Thumb, 68 bytes, Stack size 144 bytes, jpeg.o(i.DisplayJPEGInFlash))
<BR><BR>[Stack]<UL><LI>Max Depth = 336<LI>Call Chain = DisplayJPEGInFlash &rArr; jd_decomp &rArr; mcu_load &rArr; block_idct
</UL>
<BR>[Calls]<UL><LI><a href="#[106]">&gt;&gt;</a>&nbsp;&nbsp;&nbsp;jd_prepare
<LI><a href="#[107]">&gt;&gt;</a>&nbsp;&nbsp;&nbsp;jd_decomp
<LI><a href="#[9d]">&gt;&gt;</a>&nbsp;&nbsp;&nbsp;__2printf
</UL>
<BR>[Called By]<UL><LI><a href="#[10a]">&gt;&gt;</a>&nbsp;&nbsp;&nbsp;GUIDrawImage
<LI><a href="#[104]">&gt;&gt;</a>&nbsp;&nbsp;&nbsp;DisplayBackground
</UL>

<P><STRONG><a name="[1c2]"></a>EnQueue</STRONG> (Thumb, 72 bytes, Stack size 16 bytes, queue.o(i.EnQueue))
<BR><BR>[Stack]<UL><LI>Max Depth = 16<LI>Call Chain = EnQueue
</UL>
<BR>[Called By]<UL><LI><a href="#[1c1]">&gt;&gt;</a>&nbsp;&nbsp;&nbsp;WriteReceiveBuf
<LI><a href="#[1bd]">&gt;&gt;</a>&nbsp;&nbsp;&nbsp;WriteReceiveBuf
</UL>

<P><STRONG><a name="[10d]"></a>FTLBadBlockMark</STRONG> (Thumb, 44 bytes, Stack size 16 bytes, ftl.o(i.FTLBadBlockMark))
<BR><BR>[Stack]<UL><LI>Max Depth = 80<LI>Call Chain = FTLBadBlockMark &rArr; NandWriteSpare &rArr; NandWaitReady &rArr; NandReadStatus
</UL>
<BR>[Calls]<UL><LI><a href="#[10e]">&gt;&gt;</a>&nbsp;&nbsp;&nbsp;NandWriteSpare
</UL>
<BR>[Called By]<UL><LI><a href="#[117]">&gt;&gt;</a>&nbsp;&nbsp;&nbsp;FTLWriteSectors
<LI><a href="#[111]">&gt;&gt;</a>&nbsp;&nbsp;&nbsp;FTLFormat
</UL>

<P><STRONG><a name="[10f]"></a>FTLCheckBlockFlag</STRONG> (Thumb, 68 bytes, Stack size 16 bytes, ftl.o(i.FTLCheckBlockFlag))
<BR><BR>[Stack]<UL><LI>Max Depth = 64<LI>Call Chain = FTLCheckBlockFlag &rArr; NandReadSpare &rArr; NANDWaitRB
</UL>
<BR>[Calls]<UL><LI><a href="#[100]">&gt;&gt;</a>&nbsp;&nbsp;&nbsp;NandReadSpare
</UL>
<BR>[Called By]<UL><LI><a href="#[111]">&gt;&gt;</a>&nbsp;&nbsp;&nbsp;FTLFormat
</UL>

<P><STRONG><a name="[110]"></a>FTLFineUnuseBlock</STRONG> (Thumb, 188 bytes, Stack size 32 bytes, ftl.o(i.FTLFineUnuseBlock))
<BR><BR>[Stack]<UL><LI>Max Depth = 80<LI>Call Chain = FTLFineUnuseBlock &rArr; NandReadSpare &rArr; NANDWaitRB
</UL>
<BR>[Calls]<UL><LI><a href="#[100]">&gt;&gt;</a>&nbsp;&nbsp;&nbsp;NandReadSpare
</UL>
<BR>[Called By]<UL><LI><a href="#[117]">&gt;&gt;</a>&nbsp;&nbsp;&nbsp;FTLWriteSectors
</UL>

<P><STRONG><a name="[111]"></a>FTLFormat</STRONG> (Thumb, 194 bytes, Stack size 32 bytes, ftl.o(i.FTLFormat))
<BR><BR>[Stack]<UL><LI>Max Depth = 112<LI>Call Chain = FTLFormat &rArr; FTLBadBlockMark &rArr; NandWriteSpare &rArr; NandWaitReady &rArr; NandReadStatus
</UL>
<BR>[Calls]<UL><LI><a href="#[10e]">&gt;&gt;</a>&nbsp;&nbsp;&nbsp;NandWriteSpare
<LI><a href="#[112]">&gt;&gt;</a>&nbsp;&nbsp;&nbsp;NandEraseBlock
<LI><a href="#[10f]">&gt;&gt;</a>&nbsp;&nbsp;&nbsp;FTLCheckBlockFlag
<LI><a href="#[10d]">&gt;&gt;</a>&nbsp;&nbsp;&nbsp;FTLBadBlockMark
<LI><a href="#[ff]">&gt;&gt;</a>&nbsp;&nbsp;&nbsp;CreateLUT
<LI><a href="#[9d]">&gt;&gt;</a>&nbsp;&nbsp;&nbsp;__2printf
</UL>
<BR>[Called By]<UL><LI><a href="#[144]">&gt;&gt;</a>&nbsp;&nbsp;&nbsp;InitFTL
</UL>

<P><STRONG><a name="[114]"></a>FTLLogicNumToPhysicalNum</STRONG> (Thumb, 26 bytes, Stack size 0 bytes, ftl.o(i.FTLLogicNumToPhysicalNum))
<BR><BR>[Called By]<UL><LI><a href="#[117]">&gt;&gt;</a>&nbsp;&nbsp;&nbsp;FTLWriteSectors
<LI><a href="#[113]">&gt;&gt;</a>&nbsp;&nbsp;&nbsp;FTLReadSectors
</UL>

<P><STRONG><a name="[113]"></a>FTLReadSectors</STRONG> (Thumb, 136 bytes, Stack size 40 bytes, ftl.o(i.FTLReadSectors))
<BR><BR>[Stack]<UL><LI>Max Depth = 160<LI>Call Chain = FTLReadSectors &rArr; NandReadPage &rArr; NandECCCorrection &rArr; __2printf
</UL>
<BR>[Calls]<UL><LI><a href="#[115]">&gt;&gt;</a>&nbsp;&nbsp;&nbsp;NandReadPage
<LI><a href="#[114]">&gt;&gt;</a>&nbsp;&nbsp;&nbsp;FTLLogicNumToPhysicalNum
</UL>
<BR>[Called By]<UL><LI><a href="#[22b]">&gt;&gt;</a>&nbsp;&nbsp;&nbsp;disk_read
</UL>

<P><STRONG><a name="[116]"></a>FTLSetBlockUseFlag</STRONG> (Thumb, 26 bytes, Stack size 16 bytes, ftl.o(i.FTLSetBlockUseFlag))
<BR><BR>[Stack]<UL><LI>Max Depth = 80<LI>Call Chain = FTLSetBlockUseFlag &rArr; NandWriteSpare &rArr; NandWaitReady &rArr; NandReadStatus
</UL>
<BR>[Calls]<UL><LI><a href="#[10e]">&gt;&gt;</a>&nbsp;&nbsp;&nbsp;NandWriteSpare
</UL>
<BR>[Called By]<UL><LI><a href="#[117]">&gt;&gt;</a>&nbsp;&nbsp;&nbsp;FTLWriteSectors
</UL>

<P><STRONG><a name="[117]"></a>FTLWriteSectors</STRONG> (Thumb, 404 bytes, Stack size 72 bytes, ftl.o(i.FTLWriteSectors))
<BR><BR>[Stack]<UL><LI>Max Depth = 224<LI>Call Chain = FTLWriteSectors &rArr; NandCopyBlockWithWrite &rArr; NandCopyBlockWithoutWrite &rArr; NandCopyPageWithoutWrite &rArr; NandWaitReady &rArr; NandReadStatus
</UL>
<BR>[Calls]<UL><LI><a href="#[119]">&gt;&gt;</a>&nbsp;&nbsp;&nbsp;NandWritePage
<LI><a href="#[112]">&gt;&gt;</a>&nbsp;&nbsp;&nbsp;NandEraseBlock
<LI><a href="#[11a]">&gt;&gt;</a>&nbsp;&nbsp;&nbsp;NandCopyBlockWithoutWrite
<LI><a href="#[11b]">&gt;&gt;</a>&nbsp;&nbsp;&nbsp;NandCopyBlockWithWrite
<LI><a href="#[118]">&gt;&gt;</a>&nbsp;&nbsp;&nbsp;NandCheckPage
<LI><a href="#[116]">&gt;&gt;</a>&nbsp;&nbsp;&nbsp;FTLSetBlockUseFlag
<LI><a href="#[114]">&gt;&gt;</a>&nbsp;&nbsp;&nbsp;FTLLogicNumToPhysicalNum
<LI><a href="#[110]">&gt;&gt;</a>&nbsp;&nbsp;&nbsp;FTLFineUnuseBlock
<LI><a href="#[10d]">&gt;&gt;</a>&nbsp;&nbsp;&nbsp;FTLBadBlockMark
</UL>
<BR>[Called By]<UL><LI><a href="#[22f]">&gt;&gt;</a>&nbsp;&nbsp;&nbsp;disk_write
</UL>

<P><STRONG><a name="[c2]"></a>GD25Q16Read</STRONG> (Thumb, 76 bytes, Stack size 24 bytes, gd25qxx.o(i.GD25Q16Read))
<BR><BR>[Stack]<UL><LI>Max Depth = 32<LI>Call Chain = GD25Q16Read &rArr; SPI4ReadWriteByte
</UL>
<BR>[Calls]<UL><LI><a href="#[b9]">&gt;&gt;</a>&nbsp;&nbsp;&nbsp;gpio_bit_set
<LI><a href="#[ba]">&gt;&gt;</a>&nbsp;&nbsp;&nbsp;gpio_bit_reset
<LI><a href="#[11f]">&gt;&gt;</a>&nbsp;&nbsp;&nbsp;SPI4ReadWriteByte
</UL>
<BR>[Called By]<UL><LI><a href="#[128]">&gt;&gt;</a>&nbsp;&nbsp;&nbsp;GetCNFont24x24
<LI><a href="#[121]">&gt;&gt;</a>&nbsp;&nbsp;&nbsp;GD25Q16Write
<LI><a href="#[c1]">&gt;&gt;</a>&nbsp;&nbsp;&nbsp;CheckFontLib
</UL>

<P><STRONG><a name="[121]"></a>GD25Q16Write</STRONG> (Thumb, 168 bytes, Stack size 48 bytes, gd25qxx.o(i.GD25Q16Write))
<BR><BR>[Stack]<UL><LI>Max Depth = 80<LI>Call Chain = GD25Q16Write &rArr; GD25Q16Read &rArr; SPI4ReadWriteByte
</UL>
<BR>[Calls]<UL><LI><a href="#[122]">&gt;&gt;</a>&nbsp;&nbsp;&nbsp;GD25Q16X4KErase
<LI><a href="#[c2]">&gt;&gt;</a>&nbsp;&nbsp;&nbsp;GD25Q16Read
<LI><a href="#[11d]">&gt;&gt;</a>&nbsp;&nbsp;&nbsp;GD25Q16PageProgram
</UL>
<BR>[Called By]<UL><LI><a href="#[148]">&gt;&gt;</a>&nbsp;&nbsp;&nbsp;UpdataFontLib
</UL>

<P><STRONG><a name="[122]"></a>GD25Q16X4KErase</STRONG> (Thumb, 58 bytes, Stack size 8 bytes, gd25qxx.o(i.GD25Q16X4KErase))
<BR><BR>[Stack]<UL><LI>Max Depth = 24<LI>Call Chain = GD25Q16X4KErase &rArr; GD25Q16WriteEnable &rArr; SPI4ReadWriteByte
</UL>
<BR>[Calls]<UL><LI><a href="#[b9]">&gt;&gt;</a>&nbsp;&nbsp;&nbsp;gpio_bit_set
<LI><a href="#[ba]">&gt;&gt;</a>&nbsp;&nbsp;&nbsp;gpio_bit_reset
<LI><a href="#[11f]">&gt;&gt;</a>&nbsp;&nbsp;&nbsp;SPI4ReadWriteByte
<LI><a href="#[11e]">&gt;&gt;</a>&nbsp;&nbsp;&nbsp;GD25Q16WriteEnable
<LI><a href="#[120]">&gt;&gt;</a>&nbsp;&nbsp;&nbsp;GD25Q16WaitForWriteEnd
</UL>
<BR>[Called By]<UL><LI><a href="#[121]">&gt;&gt;</a>&nbsp;&nbsp;&nbsp;GD25Q16Write
</UL>

<P><STRONG><a name="[108]"></a>GUIDrawBackground</STRONG> (Thumb, 36 bytes, Stack size 32 bytes, guiplatform.o(i.GUIDrawBackground))
<BR><BR>[Stack]<UL><LI>Max Depth = 88<LI>Call Chain = GUIDrawBackground &rArr; LCDColorFill &rArr; LCDDrawPoint
</UL>
<BR>[Calls]<UL><LI><a href="#[123]">&gt;&gt;</a>&nbsp;&nbsp;&nbsp;LCDColorFill
</UL>
<BR>[Called By]<UL><LI><a href="#[fd]">&gt;&gt;</a>&nbsp;&nbsp;&nbsp;DrawBackground
<LI><a href="#[c4]">&gt;&gt;</a>&nbsp;&nbsp;&nbsp;DrawBackground
<LI><a href="#[81]">&gt;&gt;</a>&nbsp;&nbsp;&nbsp;UpdataString
</UL>

<P><STRONG><a name="[124]"></a>GUIDrawChar</STRONG> (Thumb, 76 bytes, Stack size 64 bytes, guiplatform.o(i.GUIDrawChar))
<BR><BR>[Stack]<UL><LI>Max Depth = 200<LI>Call Chain = GUIDrawChar &rArr; LCDShowChar &rArr; GetCNFont24x24 &rArr; GD25Q16Read &rArr; SPI4ReadWriteByte
</UL>
<BR>[Calls]<UL><LI><a href="#[125]">&gt;&gt;</a>&nbsp;&nbsp;&nbsp;LCDShowChar
</UL>
<BR>[Called By]<UL><LI><a href="#[10c]">&gt;&gt;</a>&nbsp;&nbsp;&nbsp;GUIDrawTextLine
</UL>

<P><STRONG><a name="[10a]"></a>GUIDrawImage</STRONG> (Thumb, 44 bytes, Stack size 24 bytes, guiplatform.o(i.GUIDrawImage))
<BR><BR>[Stack]<UL><LI>Max Depth = 680<LI>Call Chain = GUIDrawImage &rArr; DisplayBMP &rArr; BMPDisplayInFatFs &rArr; f_open &rArr; dir_register &rArr; dir_find &rArr; dir_next &rArr; create_chain &rArr; put_fat &rArr; move_window &rArr; sync_window &rArr; disk_write &rArr; FTLWriteSectors &rArr; NandCopyBlockWithWrite &rArr; NandCopyBlockWithoutWrite &rArr; NandCopyPageWithoutWrite &rArr; NandWaitReady &rArr; NandReadStatus
</UL>
<BR>[Calls]<UL><LI><a href="#[105]">&gt;&gt;</a>&nbsp;&nbsp;&nbsp;DisplayJPEGInFlash
<LI><a href="#[103]">&gt;&gt;</a>&nbsp;&nbsp;&nbsp;DisplayBMP
</UL>
<BR>[Called By]<UL><LI><a href="#[fd]">&gt;&gt;</a>&nbsp;&nbsp;&nbsp;DrawBackground
<LI><a href="#[c4]">&gt;&gt;</a>&nbsp;&nbsp;&nbsp;DrawBackground
</UL>

<P><STRONG><a name="[10c]"></a>GUIDrawTextLine</STRONG> (Thumb, 140 bytes, Stack size 64 bytes, guiplatform.o(i.GUIDrawTextLine))
<BR><BR>[Stack]<UL><LI>Max Depth = 264<LI>Call Chain = GUIDrawTextLine &rArr; GUIDrawChar &rArr; LCDShowChar &rArr; GetCNFont24x24 &rArr; GD25Q16Read &rArr; SPI4ReadWriteByte
</UL>
<BR>[Calls]<UL><LI><a href="#[10b]">&gt;&gt;</a>&nbsp;&nbsp;&nbsp;GetFontWidth
<LI><a href="#[124]">&gt;&gt;</a>&nbsp;&nbsp;&nbsp;GUIDrawChar
</UL>
<BR>[Called By]<UL><LI><a href="#[fe]">&gt;&gt;</a>&nbsp;&nbsp;&nbsp;DrawText
<LI><a href="#[81]">&gt;&gt;</a>&nbsp;&nbsp;&nbsp;UpdataString
</UL>

<P><STRONG><a name="[109]"></a>GUIFillColor</STRONG> (Thumb, 36 bytes, Stack size 32 bytes, guiplatform.o(i.GUIFillColor))
<BR><BR>[Stack]<UL><LI>Max Depth = 228<LI>Call Chain = GUIFillColor &rArr; LCDFillPixel &rArr; LCDFill &rArr; LCDDrawPoint
</UL>
<BR>[Calls]<UL><LI><a href="#[126]">&gt;&gt;</a>&nbsp;&nbsp;&nbsp;LCDFillPixel
</UL>
<BR>[Called By]<UL><LI><a href="#[143]">&gt;&gt;</a>&nbsp;&nbsp;&nbsp;InitGUI
<LI><a href="#[fd]">&gt;&gt;</a>&nbsp;&nbsp;&nbsp;DrawBackground
<LI><a href="#[c4]">&gt;&gt;</a>&nbsp;&nbsp;&nbsp;DrawBackground
</UL>

<P><STRONG><a name="[127]"></a>GUIReadPoint</STRONG> (Thumb, 16 bytes, Stack size 16 bytes, guiplatform.o(i.GUIReadPoint))
<BR><BR>[Stack]<UL><LI>Max Depth = 28<LI>Call Chain = GUIReadPoint &rArr; LCDReadPoint
</UL>
<BR>[Calls]<UL><LI><a href="#[ad]">&gt;&gt;</a>&nbsp;&nbsp;&nbsp;LCDReadPoint
</UL>
<BR>[Called By]<UL><LI><a href="#[fc]">&gt;&gt;</a>&nbsp;&nbsp;&nbsp;GUISaveBackground
</UL>

<P><STRONG><a name="[fc]"></a>GUISaveBackground</STRONG> (Thumb, 78 bytes, Stack size 56 bytes, guiplatform.o(i.GUISaveBackground))
<BR><BR>[Stack]<UL><LI>Max Depth = 84<LI>Call Chain = GUISaveBackground &rArr; GUIReadPoint &rArr; LCDReadPoint
</UL>
<BR>[Calls]<UL><LI><a href="#[127]">&gt;&gt;</a>&nbsp;&nbsp;&nbsp;GUIReadPoint
</UL>
<BR>[Called By]<UL><LI><a href="#[143]">&gt;&gt;</a>&nbsp;&nbsp;&nbsp;InitGUI
<LI><a href="#[fb]">&gt;&gt;</a>&nbsp;&nbsp;&nbsp;CreateButtonWidget
<LI><a href="#[101]">&gt;&gt;</a>&nbsp;&nbsp;&nbsp;CreateRadioWidget
</UL>

<P><STRONG><a name="[19e]"></a>Get1msFlag</STRONG> (Thumb, 6 bytes, Stack size 0 bytes, timer.o(i.Get1msFlag))
<BR><BR>[Called By]<UL><LI><a href="#[19d]">&gt;&gt;</a>&nbsp;&nbsp;&nbsp;Proc1msTask
</UL>

<P><STRONG><a name="[1a2]"></a>Get2msFlag</STRONG> (Thumb, 6 bytes, Stack size 0 bytes, timer.o(i.Get2msFlag))
<BR><BR>[Called By]<UL><LI><a href="#[1a1]">&gt;&gt;</a>&nbsp;&nbsp;&nbsp;Proc2msTask
</UL>

<P><STRONG><a name="[128]"></a>GetCNFont24x24</STRONG> (Thumb, 156 bytes, Stack size 32 bytes, fontlib.o(i.GetCNFont24x24))
<BR><BR>[Stack]<UL><LI>Max Depth = 64<LI>Call Chain = GetCNFont24x24 &rArr; GD25Q16Read &rArr; SPI4ReadWriteByte
</UL>
<BR>[Calls]<UL><LI><a href="#[c2]">&gt;&gt;</a>&nbsp;&nbsp;&nbsp;GD25Q16Read
</UL>
<BR>[Called By]<UL><LI><a href="#[125]">&gt;&gt;</a>&nbsp;&nbsp;&nbsp;LCDShowChar
</UL>

<P><STRONG><a name="[10b]"></a>GetFontWidth</STRONG> (Thumb, 28 bytes, Stack size 0 bytes, guiplatform.o(i.GetFontWidth))
<BR><BR>[Called By]<UL><LI><a href="#[10c]">&gt;&gt;</a>&nbsp;&nbsp;&nbsp;GUIDrawTextLine
<LI><a href="#[fe]">&gt;&gt;</a>&nbsp;&nbsp;&nbsp;DrawText
</UL>

<P><STRONG><a name="[12]"></a>HardFault_Handler</STRONG> (Thumb, 4 bytes, Stack size 0 bytes, gd32f4xx_it.o(i.HardFault_Handler))
<BR>[Address Reference Count : 1]<UL><LI> startup_gd32f450_470.o(RESET)
</UL>
<P><STRONG><a name="[12e]"></a>IICCommonEnd</STRONG> (Thumb, 54 bytes, Stack size 8 bytes, iiccommon.o(i.IICCommonEnd))
<BR><BR>[Stack]<UL><LI>Max Depth = 8<LI>Call Chain = IICCommonEnd
</UL>
<BR>[Called By]<UL><LI><a href="#[135]">&gt;&gt;</a>&nbsp;&nbsp;&nbsp;IICCommonWriteBytesEx
<LI><a href="#[134]">&gt;&gt;</a>&nbsp;&nbsp;&nbsp;IICCommonWriteBytes
<LI><a href="#[130]">&gt;&gt;</a>&nbsp;&nbsp;&nbsp;IICCommonReadBytesEx
<LI><a href="#[12b]">&gt;&gt;</a>&nbsp;&nbsp;&nbsp;IICCommonReadBytes
</UL>

<P><STRONG><a name="[133]"></a>IICCommonReadACK</STRONG> (Thumb, 52 bytes, Stack size 16 bytes, iiccommon.o(i.IICCommonReadACK))
<BR><BR>[Stack]<UL><LI>Max Depth = 16<LI>Call Chain = IICCommonReadACK
</UL>
<BR>[Called By]<UL><LI><a href="#[12d]">&gt;&gt;</a>&nbsp;&nbsp;&nbsp;IICCommonSendOneByte
</UL>

<P><STRONG><a name="[12b]"></a>IICCommonReadBytes</STRONG> (Thumb, 156 bytes, Stack size 24 bytes, iiccommon.o(i.IICCommonReadBytes))
<BR><BR>[Stack]<UL><LI>Max Depth = 64<LI>Call Chain = IICCommonReadBytes &rArr; IICCommonSendOneByte &rArr; IICCommonReadACK
</UL>
<BR>[Calls]<UL><LI><a href="#[12c]">&gt;&gt;</a>&nbsp;&nbsp;&nbsp;IICCommonStart
<LI><a href="#[12d]">&gt;&gt;</a>&nbsp;&nbsp;&nbsp;IICCommonSendOneByte
<LI><a href="#[12f]">&gt;&gt;</a>&nbsp;&nbsp;&nbsp;IICCommonReadOneByte
<LI><a href="#[12e]">&gt;&gt;</a>&nbsp;&nbsp;&nbsp;IICCommonEnd
</UL>
<BR>[Called By]<UL><LI><a href="#[171]">&gt;&gt;</a>&nbsp;&nbsp;&nbsp;SCCBReadReg
</UL>

<P><STRONG><a name="[130]"></a>IICCommonReadBytesEx</STRONG> (Thumb, 178 bytes, Stack size 24 bytes, iiccommon.o(i.IICCommonReadBytesEx))
<BR><BR>[Stack]<UL><LI>Max Depth = 64<LI>Call Chain = IICCommonReadBytesEx &rArr; IICCommonSendOneByte &rArr; IICCommonReadACK
</UL>
<BR>[Calls]<UL><LI><a href="#[12c]">&gt;&gt;</a>&nbsp;&nbsp;&nbsp;IICCommonStart
<LI><a href="#[12d]">&gt;&gt;</a>&nbsp;&nbsp;&nbsp;IICCommonSendOneByte
<LI><a href="#[12f]">&gt;&gt;</a>&nbsp;&nbsp;&nbsp;IICCommonReadOneByte
<LI><a href="#[12e]">&gt;&gt;</a>&nbsp;&nbsp;&nbsp;IICCommonEnd
</UL>
<BR>[Called By]<UL><LI><a href="#[1b2]">&gt;&gt;</a>&nbsp;&nbsp;&nbsp;ScanGT1151Q
<LI><a href="#[14a]">&gt;&gt;</a>&nbsp;&nbsp;&nbsp;InitGT1151Q
</UL>

<P><STRONG><a name="[12f]"></a>IICCommonReadOneByte</STRONG> (Thumb, 86 bytes, Stack size 24 bytes, iiccommon.o(i.IICCommonReadOneByte))
<BR><BR>[Stack]<UL><LI>Max Depth = 32<LI>Call Chain = IICCommonReadOneByte &rArr; IICCommonSendNAck
</UL>
<BR>[Calls]<UL><LI><a href="#[132]">&gt;&gt;</a>&nbsp;&nbsp;&nbsp;IICCommonSendNAck
<LI><a href="#[131]">&gt;&gt;</a>&nbsp;&nbsp;&nbsp;IICCommonSendAck
</UL>
<BR>[Called By]<UL><LI><a href="#[130]">&gt;&gt;</a>&nbsp;&nbsp;&nbsp;IICCommonReadBytesEx
<LI><a href="#[12b]">&gt;&gt;</a>&nbsp;&nbsp;&nbsp;IICCommonReadBytes
</UL>

<P><STRONG><a name="[131]"></a>IICCommonSendAck</STRONG> (Thumb, 54 bytes, Stack size 8 bytes, iiccommon.o(i.IICCommonSendAck))
<BR><BR>[Stack]<UL><LI>Max Depth = 8<LI>Call Chain = IICCommonSendAck
</UL>
<BR>[Called By]<UL><LI><a href="#[12f]">&gt;&gt;</a>&nbsp;&nbsp;&nbsp;IICCommonReadOneByte
</UL>

<P><STRONG><a name="[132]"></a>IICCommonSendNAck</STRONG> (Thumb, 54 bytes, Stack size 8 bytes, iiccommon.o(i.IICCommonSendNAck))
<BR><BR>[Stack]<UL><LI>Max Depth = 8<LI>Call Chain = IICCommonSendNAck
</UL>
<BR>[Called By]<UL><LI><a href="#[12f]">&gt;&gt;</a>&nbsp;&nbsp;&nbsp;IICCommonReadOneByte
</UL>

<P><STRONG><a name="[12d]"></a>IICCommonSendOneByte</STRONG> (Thumb, 98 bytes, Stack size 24 bytes, iiccommon.o(i.IICCommonSendOneByte))
<BR><BR>[Stack]<UL><LI>Max Depth = 40<LI>Call Chain = IICCommonSendOneByte &rArr; IICCommonReadACK
</UL>
<BR>[Calls]<UL><LI><a href="#[133]">&gt;&gt;</a>&nbsp;&nbsp;&nbsp;IICCommonReadACK
</UL>
<BR>[Called By]<UL><LI><a href="#[135]">&gt;&gt;</a>&nbsp;&nbsp;&nbsp;IICCommonWriteBytesEx
<LI><a href="#[134]">&gt;&gt;</a>&nbsp;&nbsp;&nbsp;IICCommonWriteBytes
<LI><a href="#[130]">&gt;&gt;</a>&nbsp;&nbsp;&nbsp;IICCommonReadBytesEx
<LI><a href="#[12b]">&gt;&gt;</a>&nbsp;&nbsp;&nbsp;IICCommonReadBytes
</UL>

<P><STRONG><a name="[12c]"></a>IICCommonStart</STRONG> (Thumb, 78 bytes, Stack size 8 bytes, iiccommon.o(i.IICCommonStart))
<BR><BR>[Stack]<UL><LI>Max Depth = 8<LI>Call Chain = IICCommonStart
</UL>
<BR>[Called By]<UL><LI><a href="#[135]">&gt;&gt;</a>&nbsp;&nbsp;&nbsp;IICCommonWriteBytesEx
<LI><a href="#[134]">&gt;&gt;</a>&nbsp;&nbsp;&nbsp;IICCommonWriteBytes
<LI><a href="#[130]">&gt;&gt;</a>&nbsp;&nbsp;&nbsp;IICCommonReadBytesEx
<LI><a href="#[12b]">&gt;&gt;</a>&nbsp;&nbsp;&nbsp;IICCommonReadBytes
</UL>

<P><STRONG><a name="[134]"></a>IICCommonWriteBytes</STRONG> (Thumb, 112 bytes, Stack size 24 bytes, iiccommon.o(i.IICCommonWriteBytes))
<BR><BR>[Stack]<UL><LI>Max Depth = 64<LI>Call Chain = IICCommonWriteBytes &rArr; IICCommonSendOneByte &rArr; IICCommonReadACK
</UL>
<BR>[Calls]<UL><LI><a href="#[12c]">&gt;&gt;</a>&nbsp;&nbsp;&nbsp;IICCommonStart
<LI><a href="#[12d]">&gt;&gt;</a>&nbsp;&nbsp;&nbsp;IICCommonSendOneByte
<LI><a href="#[12e]">&gt;&gt;</a>&nbsp;&nbsp;&nbsp;IICCommonEnd
</UL>
<BR>[Called By]<UL><LI><a href="#[170]">&gt;&gt;</a>&nbsp;&nbsp;&nbsp;SCCBWriteReg
</UL>

<P><STRONG><a name="[135]"></a>IICCommonWriteBytesEx</STRONG> (Thumb, 134 bytes, Stack size 24 bytes, iiccommon.o(i.IICCommonWriteBytesEx))
<BR><BR>[Stack]<UL><LI>Max Depth = 64<LI>Call Chain = IICCommonWriteBytesEx &rArr; IICCommonSendOneByte &rArr; IICCommonReadACK
</UL>
<BR>[Calls]<UL><LI><a href="#[12c]">&gt;&gt;</a>&nbsp;&nbsp;&nbsp;IICCommonStart
<LI><a href="#[12d]">&gt;&gt;</a>&nbsp;&nbsp;&nbsp;IICCommonSendOneByte
<LI><a href="#[12e]">&gt;&gt;</a>&nbsp;&nbsp;&nbsp;IICCommonEnd
</UL>
<BR>[Called By]<UL><LI><a href="#[1b2]">&gt;&gt;</a>&nbsp;&nbsp;&nbsp;ScanGT1151Q
</UL>

<P><STRONG><a name="[136]"></a>InitBeep</STRONG> (Thumb, 14 bytes, Stack size 8 bytes, beep.o(i.InitBeep))
<BR><BR>[Stack]<UL><LI>Max Depth = 36<LI>Call Chain = InitBeep &rArr; ConfigBeepGPIO &rArr; gpio_output_options_set
</UL>
<BR>[Calls]<UL><LI><a href="#[c5]">&gt;&gt;</a>&nbsp;&nbsp;&nbsp;ConfigBeepGPIO
</UL>
<BR>[Called By]<UL><LI><a href="#[178]">&gt;&gt;</a>&nbsp;&nbsp;&nbsp;InitSoftware
</UL>

<P><STRONG><a name="[14e]"></a>InitButtonWidgetStruct</STRONG> (Thumb, 78 bytes, Stack size 0 bytes, buttonwidget.o(i.InitButtonWidgetStruct))
<BR><BR>[Called By]<UL><LI><a href="#[14d]">&gt;&gt;</a>&nbsp;&nbsp;&nbsp;InitGUIButton
</UL>

<P><STRONG><a name="[137]"></a>InitCamera</STRONG> (Thumb, 220 bytes, Stack size 24 bytes, camera.o(i.InitCamera))
<BR><BR>[Stack]<UL><LI>Max Depth = 776<LI>Call Chain = InitCamera &rArr; InitGUI &rArr; InitGUIRadio &rArr; CreateRadioWidget &rArr; DrawBackground &rArr; GUIDrawImage &rArr; DisplayBMP &rArr; BMPDisplayInFatFs &rArr; f_open &rArr; dir_register &rArr; dir_find &rArr; dir_next &rArr; create_chain &rArr; put_fat &rArr; move_window &rArr; sync_window &rArr; disk_write &rArr; FTLWriteSectors &rArr; NandCopyBlockWithWrite &rArr; NandCopyBlockWithoutWrite &rArr; NandCopyPageWithoutWrite &rArr; NandWaitReady &rArr; NandReadStatus
</UL>
<BR>[Calls]<UL><LI><a href="#[142]">&gt;&gt;</a>&nbsp;&nbsp;&nbsp;LCDShowString
<LI><a href="#[a8]">&gt;&gt;</a>&nbsp;&nbsp;&nbsp;MyMalloc
<LI><a href="#[143]">&gt;&gt;</a>&nbsp;&nbsp;&nbsp;InitGUI
<LI><a href="#[140]">&gt;&gt;</a>&nbsp;&nbsp;&nbsp;OV2640SpecialEffects
<LI><a href="#[139]">&gt;&gt;</a>&nbsp;&nbsp;&nbsp;OV2640RGB565Mode
<LI><a href="#[13a]">&gt;&gt;</a>&nbsp;&nbsp;&nbsp;OV2640OutSizeSet
<LI><a href="#[13c]">&gt;&gt;</a>&nbsp;&nbsp;&nbsp;OV2640LightMode
<LI><a href="#[13f]">&gt;&gt;</a>&nbsp;&nbsp;&nbsp;OV2640Contrast
<LI><a href="#[13d]">&gt;&gt;</a>&nbsp;&nbsp;&nbsp;OV2640ColorSaturation
<LI><a href="#[13e]">&gt;&gt;</a>&nbsp;&nbsp;&nbsp;OV2640Brightness
<LI><a href="#[13b]">&gt;&gt;</a>&nbsp;&nbsp;&nbsp;OV2640AutoExposure
<LI><a href="#[138]">&gt;&gt;</a>&nbsp;&nbsp;&nbsp;InitOV2640
<LI><a href="#[141]">&gt;&gt;</a>&nbsp;&nbsp;&nbsp;InitDCI
<LI><a href="#[db]">&gt;&gt;</a>&nbsp;&nbsp;&nbsp;DelayNms
</UL>
<BR>[Called By]<UL><LI><a href="#[178]">&gt;&gt;</a>&nbsp;&nbsp;&nbsp;InitSoftware
</UL>

<P><STRONG><a name="[141]"></a>InitDCI</STRONG> (Thumb, 76 bytes, Stack size 32 bytes, dci.o(i.InitDCI))
<BR><BR>[Stack]<UL><LI>Max Depth = 120<LI>Call Chain = InitDCI &rArr; ConfigDCI &rArr; nvic_irq_enable
</UL>
<BR>[Calls]<UL><LI><a href="#[cb]">&gt;&gt;</a>&nbsp;&nbsp;&nbsp;ConfigDCI
<LI><a href="#[d8]">&gt;&gt;</a>&nbsp;&nbsp;&nbsp;ConfigDCIGPIO
<LI><a href="#[c8]">&gt;&gt;</a>&nbsp;&nbsp;&nbsp;ConfigCKOut0
</UL>
<BR>[Called By]<UL><LI><a href="#[137]">&gt;&gt;</a>&nbsp;&nbsp;&nbsp;InitCamera
</UL>

<P><STRONG><a name="[144]"></a>InitFTL</STRONG> (Thumb, 142 bytes, Stack size 8 bytes, ftl.o(i.InitFTL))
<BR><BR>[Stack]<UL><LI>Max Depth = 120<LI>Call Chain = InitFTL &rArr; FTLFormat &rArr; FTLBadBlockMark &rArr; NandWriteSpare &rArr; NandWaitReady &rArr; NandReadStatus
</UL>
<BR>[Calls]<UL><LI><a href="#[145]">&gt;&gt;</a>&nbsp;&nbsp;&nbsp;InitNandFlash
<LI><a href="#[111]">&gt;&gt;</a>&nbsp;&nbsp;&nbsp;FTLFormat
<LI><a href="#[ff]">&gt;&gt;</a>&nbsp;&nbsp;&nbsp;CreateLUT
<LI><a href="#[9d]">&gt;&gt;</a>&nbsp;&nbsp;&nbsp;__2printf
</UL>
<BR>[Called By]<UL><LI><a href="#[227]">&gt;&gt;</a>&nbsp;&nbsp;&nbsp;disk_initialize
</UL>

<P><STRONG><a name="[146]"></a>InitFontLib</STRONG> (Thumb, 32 bytes, Stack size 8 bytes, fontlib.o(i.InitFontLib))
<BR><BR>[Stack]<UL><LI>Max Depth = 592<LI>Call Chain = InitFontLib &rArr; CheckFontLib &rArr; f_open &rArr; dir_register &rArr; dir_find &rArr; dir_next &rArr; create_chain &rArr; put_fat &rArr; move_window &rArr; sync_window &rArr; disk_write &rArr; FTLWriteSectors &rArr; NandCopyBlockWithWrite &rArr; NandCopyBlockWithoutWrite &rArr; NandCopyPageWithoutWrite &rArr; NandWaitReady &rArr; NandReadStatus
</UL>
<BR>[Calls]<UL><LI><a href="#[147]">&gt;&gt;</a>&nbsp;&nbsp;&nbsp;InitGD25QXX
<LI><a href="#[148]">&gt;&gt;</a>&nbsp;&nbsp;&nbsp;UpdataFontLib
<LI><a href="#[c1]">&gt;&gt;</a>&nbsp;&nbsp;&nbsp;CheckFontLib
<LI><a href="#[9d]">&gt;&gt;</a>&nbsp;&nbsp;&nbsp;__2printf
</UL>
<BR>[Called By]<UL><LI><a href="#[178]">&gt;&gt;</a>&nbsp;&nbsp;&nbsp;InitSoftware
</UL>

<P><STRONG><a name="[147]"></a>InitGD25QXX</STRONG> (Thumb, 48 bytes, Stack size 8 bytes, gd25qxx.o(i.InitGD25QXX))
<BR><BR>[Stack]<UL><LI>Max Depth = 60<LI>Call Chain = InitGD25QXX &rArr; InitSPI4 &rArr; gpio_af_set
</UL>
<BR>[Calls]<UL><LI><a href="#[c7]">&gt;&gt;</a>&nbsp;&nbsp;&nbsp;gpio_output_options_set
<LI><a href="#[c6]">&gt;&gt;</a>&nbsp;&nbsp;&nbsp;gpio_mode_set
<LI><a href="#[b9]">&gt;&gt;</a>&nbsp;&nbsp;&nbsp;gpio_bit_set
<LI><a href="#[9f]">&gt;&gt;</a>&nbsp;&nbsp;&nbsp;rcu_periph_clock_enable
<LI><a href="#[149]">&gt;&gt;</a>&nbsp;&nbsp;&nbsp;InitSPI4
</UL>
<BR>[Called By]<UL><LI><a href="#[146]">&gt;&gt;</a>&nbsp;&nbsp;&nbsp;InitFontLib
</UL>

<P><STRONG><a name="[14a]"></a>InitGT1151Q</STRONG> (Thumb, 88 bytes, Stack size 16 bytes, gt1151q.o(i.InitGT1151Q))
<BR><BR>[Stack]<UL><LI>Max Depth = 80<LI>Call Chain = InitGT1151Q &rArr; IICCommonReadBytesEx &rArr; IICCommonSendOneByte &rArr; IICCommonReadACK
</UL>
<BR>[Calls]<UL><LI><a href="#[130]">&gt;&gt;</a>&nbsp;&nbsp;&nbsp;IICCommonReadBytesEx
<LI><a href="#[db]">&gt;&gt;</a>&nbsp;&nbsp;&nbsp;DelayNms
<LI><a href="#[dc]">&gt;&gt;</a>&nbsp;&nbsp;&nbsp;ConfigGT1151QGPIO
<LI><a href="#[da]">&gt;&gt;</a>&nbsp;&nbsp;&nbsp;ConfigGT1151QAddr
<LI><a href="#[9d]">&gt;&gt;</a>&nbsp;&nbsp;&nbsp;__2printf
</UL>
<BR>[Called By]<UL><LI><a href="#[179]">&gt;&gt;</a>&nbsp;&nbsp;&nbsp;InitTouch
</UL>

<P><STRONG><a name="[143]"></a>InitGUI</STRONG> (Thumb, 114 bytes, Stack size 16 bytes, guitop.o(i.InitGUI))
<BR><BR>[Stack]<UL><LI>Max Depth = 752<LI>Call Chain = InitGUI &rArr; InitGUIRadio &rArr; CreateRadioWidget &rArr; DrawBackground &rArr; GUIDrawImage &rArr; DisplayBMP &rArr; BMPDisplayInFatFs &rArr; f_open &rArr; dir_register &rArr; dir_find &rArr; dir_next &rArr; create_chain &rArr; put_fat &rArr; move_window &rArr; sync_window &rArr; disk_write &rArr; FTLWriteSectors &rArr; NandCopyBlockWithWrite &rArr; NandCopyBlockWithoutWrite &rArr; NandCopyPageWithoutWrite &rArr; NandWaitReady &rArr; NandReadStatus
</UL>
<BR>[Calls]<UL><LI><a href="#[14b]">&gt;&gt;</a>&nbsp;&nbsp;&nbsp;LCDDisplayDir
<LI><a href="#[a8]">&gt;&gt;</a>&nbsp;&nbsp;&nbsp;MyMalloc
<LI><a href="#[fc]">&gt;&gt;</a>&nbsp;&nbsp;&nbsp;GUISaveBackground
<LI><a href="#[109]">&gt;&gt;</a>&nbsp;&nbsp;&nbsp;GUIFillColor
<LI><a href="#[81]">&gt;&gt;</a>&nbsp;&nbsp;&nbsp;UpdataString
<LI><a href="#[104]">&gt;&gt;</a>&nbsp;&nbsp;&nbsp;DisplayBackground
<LI><a href="#[14c]">&gt;&gt;</a>&nbsp;&nbsp;&nbsp;InitGUIRadio
<LI><a href="#[14d]">&gt;&gt;</a>&nbsp;&nbsp;&nbsp;InitGUIButton
</UL>
<BR>[Called By]<UL><LI><a href="#[137]">&gt;&gt;</a>&nbsp;&nbsp;&nbsp;InitCamera
</UL>

<P><STRONG><a name="[14d]"></a>InitGUIButton</STRONG> (Thumb, 178 bytes, Stack size 8 bytes, guibutton.o(i.InitGUIButton))
<BR><BR>[Stack]<UL><LI>Max Depth = 736<LI>Call Chain = InitGUIButton &rArr; CreateButtonWidget &rArr; DrawBackground &rArr; GUIDrawImage &rArr; DisplayBMP &rArr; BMPDisplayInFatFs &rArr; f_open &rArr; dir_register &rArr; dir_find &rArr; dir_next &rArr; create_chain &rArr; put_fat &rArr; move_window &rArr; sync_window &rArr; disk_write &rArr; FTLWriteSectors &rArr; NandCopyBlockWithWrite &rArr; NandCopyBlockWithoutWrite &rArr; NandCopyPageWithoutWrite &rArr; NandWaitReady &rArr; NandReadStatus
</UL>
<BR>[Calls]<UL><LI><a href="#[14e]">&gt;&gt;</a>&nbsp;&nbsp;&nbsp;InitButtonWidgetStruct
<LI><a href="#[fb]">&gt;&gt;</a>&nbsp;&nbsp;&nbsp;CreateButtonWidget
</UL>
<BR>[Called By]<UL><LI><a href="#[143]">&gt;&gt;</a>&nbsp;&nbsp;&nbsp;InitGUI
</UL>

<P><STRONG><a name="[14c]"></a>InitGUIRadio</STRONG> (Thumb, 188 bytes, Stack size 8 bytes, guiradio.o(i.InitGUIRadio))
[...]
<BR><BR>[Stack]<UL><LI>Max Depth = 12<LI>Call Chain = mem_set
</UL>
<BR>[Called By]<UL><LI><a href="#[bf]">&gt;&gt;</a>&nbsp;&nbsp;&nbsp;f_mkdir
<LI><a href="#[23f]">&gt;&gt;</a>&nbsp;&nbsp;&nbsp;sync_fs
<LI><a href="#[223]">&gt;&gt;</a>&nbsp;&nbsp;&nbsp;dir_register
<LI><a href="#[21d]">&gt;&gt;</a>&nbsp;&nbsp;&nbsp;dir_next
<LI><a href="#[211]">&gt;&gt;</a>&nbsp;&nbsp;&nbsp;create_name
</UL>

<P><STRONG><a name="[206]"></a>move_window</STRONG> (Thumb, 50 bytes, Stack size 16 bytes, ff.o(i.move_window))
<BR><BR>[Stack]<UL><LI>Max Depth = 280<LI>Call Chain = move_window &rArr; sync_window &rArr; disk_write &rArr; FTLWriteSectors &rArr; NandCopyBlockWithWrite &rArr; NandCopyBlockWithoutWrite &rArr; NandCopyPageWithoutWrite &rArr; NandWaitReady &rArr; NandReadStatus
</UL>
<BR>[Calls]<UL><LI><a href="#[22b]">&gt;&gt;</a>&nbsp;&nbsp;&nbsp;disk_read
<LI><a href="#[221]">&gt;&gt;</a>&nbsp;&nbsp;&nbsp;sync_window
</UL>
<BR>[Called By]<UL><LI><a href="#[a7]">&gt;&gt;</a>&nbsp;&nbsp;&nbsp;f_open
<LI><a href="#[20e]">&gt;&gt;</a>&nbsp;&nbsp;&nbsp;put_fat
<LI><a href="#[20d]">&gt;&gt;</a>&nbsp;&nbsp;&nbsp;get_fat
<LI><a href="#[237]">&gt;&gt;</a>&nbsp;&nbsp;&nbsp;f_sync
<LI><a href="#[23b]">&gt;&gt;</a>&nbsp;&nbsp;&nbsp;find_volume
<LI><a href="#[223]">&gt;&gt;</a>&nbsp;&nbsp;&nbsp;dir_register
<LI><a href="#[21e]">&gt;&gt;</a>&nbsp;&nbsp;&nbsp;dir_find
<LI><a href="#[21b]">&gt;&gt;</a>&nbsp;&nbsp;&nbsp;dir_alloc
<LI><a href="#[205]">&gt;&gt;</a>&nbsp;&nbsp;&nbsp;check_fs
</UL>

<P><STRONG><a name="[23e]"></a>remove_chain</STRONG> (Thumb, 108 bytes, Stack size 24 bytes, ff.o(i.remove_chain))
<BR><BR>[Stack]<UL><LI>Max Depth = 344<LI>Call Chain = remove_chain &rArr; put_fat &rArr; move_window &rArr; sync_window &rArr; disk_write &rArr; FTLWriteSectors &rArr; NandCopyBlockWithWrite &rArr; NandCopyBlockWithoutWrite &rArr; NandCopyPageWithoutWrite &rArr; NandWaitReady &rArr; NandReadStatus
</UL>
<BR>[Calls]<UL><LI><a href="#[20e]">&gt;&gt;</a>&nbsp;&nbsp;&nbsp;put_fat
<LI><a href="#[20d]">&gt;&gt;</a>&nbsp;&nbsp;&nbsp;get_fat
</UL>
<BR>[Called By]<UL><LI><a href="#[a7]">&gt;&gt;</a>&nbsp;&nbsp;&nbsp;f_open
<LI><a href="#[bf]">&gt;&gt;</a>&nbsp;&nbsp;&nbsp;f_mkdir
</UL>

<P><STRONG><a name="[23d]"></a>st_clust</STRONG> (Thumb, 8 bytes, Stack size 0 bytes, ff.o(i.st_clust))
<BR><BR>[Called By]<UL><LI><a href="#[a7]">&gt;&gt;</a>&nbsp;&nbsp;&nbsp;f_open
<LI><a href="#[bf]">&gt;&gt;</a>&nbsp;&nbsp;&nbsp;f_mkdir
<LI><a href="#[237]">&gt;&gt;</a>&nbsp;&nbsp;&nbsp;f_sync
</UL>

<P><STRONG><a name="[21f]"></a>sum_sfn</STRONG> (Thumb, 32 bytes, Stack size 12 bytes, ff.o(i.sum_sfn))
<BR><BR>[Stack]<UL><LI>Max Depth = 12<LI>Call Chain = sum_sfn
</UL>
<BR>[Called By]<UL><LI><a href="#[223]">&gt;&gt;</a>&nbsp;&nbsp;&nbsp;dir_register
<LI><a href="#[21e]">&gt;&gt;</a>&nbsp;&nbsp;&nbsp;dir_find
</UL>

<P><STRONG><a name="[23f]"></a>sync_fs</STRONG> (Thumb, 110 bytes, Stack size 16 bytes, ff.o(i.sync_fs))
<BR><BR>[Stack]<UL><LI>Max Depth = 280<LI>Call Chain = sync_fs &rArr; sync_window &rArr; disk_write &rArr; FTLWriteSectors &rArr; NandCopyBlockWithWrite &rArr; NandCopyBlockWithoutWrite &rArr; NandCopyPageWithoutWrite &rArr; NandWaitReady &rArr; NandReadStatus
</UL>
<BR>[Calls]<UL><LI><a href="#[22f]">&gt;&gt;</a>&nbsp;&nbsp;&nbsp;disk_write
<LI><a href="#[229]">&gt;&gt;</a>&nbsp;&nbsp;&nbsp;disk_ioctl
<LI><a href="#[221]">&gt;&gt;</a>&nbsp;&nbsp;&nbsp;sync_window
<LI><a href="#[214]">&gt;&gt;</a>&nbsp;&nbsp;&nbsp;mem_set
</UL>
<BR>[Called By]<UL><LI><a href="#[bf]">&gt;&gt;</a>&nbsp;&nbsp;&nbsp;f_mkdir
<LI><a href="#[237]">&gt;&gt;</a>&nbsp;&nbsp;&nbsp;f_sync
</UL>

<P><STRONG><a name="[221]"></a>sync_window</STRONG> (Thumb, 76 bytes, Stack size 16 bytes, ff.o(i.sync_window))
<BR><BR>[Stack]<UL><LI>Max Depth = 264<LI>Call Chain = sync_window &rArr; disk_write &rArr; FTLWriteSectors &rArr; NandCopyBlockWithWrite &rArr; NandCopyBlockWithoutWrite &rArr; NandCopyPageWithoutWrite &rArr; NandWaitReady &rArr; NandReadStatus
</UL>
<BR>[Calls]<UL><LI><a href="#[22f]">&gt;&gt;</a>&nbsp;&nbsp;&nbsp;disk_write
</UL>
<BR>[Called By]<UL><LI><a href="#[bf]">&gt;&gt;</a>&nbsp;&nbsp;&nbsp;f_mkdir
<LI><a href="#[23f]">&gt;&gt;</a>&nbsp;&nbsp;&nbsp;sync_fs
<LI><a href="#[206]">&gt;&gt;</a>&nbsp;&nbsp;&nbsp;move_window
<LI><a href="#[21d]">&gt;&gt;</a>&nbsp;&nbsp;&nbsp;dir_next
</UL>

<P><STRONG><a name="[238]"></a>validate</STRONG> (Thumb, 54 bytes, Stack size 16 bytes, ff.o(i.validate))
<BR><BR>[Stack]<UL><LI>Max Depth = 16<LI>Call Chain = validate
</UL>
<BR>[Calls]<UL><LI><a href="#[246]">&gt;&gt;</a>&nbsp;&nbsp;&nbsp;disk_status
</UL>
<BR>[Called By]<UL><LI><a href="#[b7]">&gt;&gt;</a>&nbsp;&nbsp;&nbsp;f_write
<LI><a href="#[b6]">&gt;&gt;</a>&nbsp;&nbsp;&nbsp;f_lseek
<LI><a href="#[c0]">&gt;&gt;</a>&nbsp;&nbsp;&nbsp;f_closedir
<LI><a href="#[aa]">&gt;&gt;</a>&nbsp;&nbsp;&nbsp;f_close
<LI><a href="#[a9]">&gt;&gt;</a>&nbsp;&nbsp;&nbsp;f_read
<LI><a href="#[237]">&gt;&gt;</a>&nbsp;&nbsp;&nbsp;f_sync
</UL>

<P><STRONG><a name="[df]"></a>ConfigNVIC</STRONG> (Thumb, 12 bytes, Stack size 8 bytes, nvic.o(i.ConfigNVIC))
<BR><BR>[Stack]<UL><LI>Max Depth = 8<LI>Call Chain = ConfigNVIC
</UL>
<BR>[Calls]<UL><LI><a href="#[e0]">&gt;&gt;</a>&nbsp;&nbsp;&nbsp;nvic_priority_group_set
</UL>
<BR>[Called By]<UL><LI><a href="#[152]">&gt;&gt;</a>&nbsp;&nbsp;&nbsp;InitNVIC
</UL>

<P><STRONG><a name="[1b5]"></a>TimDelayDec</STRONG> (Thumb, 18 bytes, Stack size 0 bytes, systick.o(i.TimDelayDec))
<BR><BR>[Called By]<UL><LI><a href="#[19]">&gt;&gt;</a>&nbsp;&nbsp;&nbsp;SysTick_Handler
</UL>

<P><STRONG><a name="[17b]"></a>__NVIC_SetPriority</STRONG> (Thumb, 32 bytes, Stack size 8 bytes, systick.o(i.__NVIC_SetPriority))
<BR><BR>[Stack]<UL><LI>Max Depth = 8<LI>Call Chain = __NVIC_SetPriority
</UL>
<BR>[Called By]<UL><LI><a href="#[156]">&gt;&gt;</a>&nbsp;&nbsp;&nbsp;InitSysTick
</UL>

<P><STRONG><a name="[2a6]"></a>system_clock_240m_25m_hxtal</STRONG> (Thumb, 240 bytes, Stack size 0 bytes, system_gd32f4xx.o(i.system_clock_240m_25m_hxtal))
<BR><BR>[Called By]<UL><LI><a href="#[1b6]">&gt;&gt;</a>&nbsp;&nbsp;&nbsp;system_clock_config
</UL>

<P><STRONG><a name="[1b6]"></a>system_clock_config</STRONG> (Thumb, 8 bytes, Stack size 8 bytes, system_gd32f4xx.o(i.system_clock_config))
<BR><BR>[Stack]<UL><LI>Max Depth = 8<LI>Call Chain = system_clock_config
</UL>
<BR>[Calls]<UL><LI><a href="#[2a6]">&gt;&gt;</a>&nbsp;&nbsp;&nbsp;system_clock_240m_25m_hxtal
</UL>
<BR>[Called By]<UL><LI><a href="#[74]">&gt;&gt;</a>&nbsp;&nbsp;&nbsp;SystemInit
</UL>

<P><STRONG><a name="[1f3]"></a>network_1_configure_activations</STRONG> (Thumb, 6426 bytes, Stack size 16 bytes, network_1.o(i.network_1_configure_activations))
<BR><BR>[Stack]<UL><LI>Max Depth = 40<LI>Call Chain = network_1_configure_activations &rArr; ai_platform_get_activations_map &rArr; _platform_get_table_map_from_buffer_array
</UL>
<BR>[Calls]<UL><LI><a href="#[1e0]">&gt;&gt;</a>&nbsp;&nbsp;&nbsp;ai_platform_network_set_error
<LI><a href="#[1f9]">&gt;&gt;</a>&nbsp;&nbsp;&nbsp;ai_platform_get_activations_map
</UL>
<BR>[Called By]<UL><LI><a href="#[1ee]">&gt;&gt;</a>&nbsp;&nbsp;&nbsp;ai_network_1_init
</UL>

<P><STRONG><a name="[1f2]"></a>network_1_configure_weights</STRONG> (Thumb, 6898 bytes, Stack size 16 bytes, network_1.o(i.network_1_configure_weights))
<BR><BR>[Stack]<UL><LI>Max Depth = 40<LI>Call Chain = network_1_configure_weights &rArr; ai_platform_get_weights_map &rArr; _platform_get_table_map_from_buffer_array
</UL>
<BR>[Calls]<UL><LI><a href="#[1e0]">&gt;&gt;</a>&nbsp;&nbsp;&nbsp;ai_platform_network_set_error
<LI><a href="#[1fb]">&gt;&gt;</a>&nbsp;&nbsp;&nbsp;ai_platform_get_weights_map
</UL>
<BR>[Called By]<UL><LI><a href="#[1ee]">&gt;&gt;</a>&nbsp;&nbsp;&nbsp;ai_network_1_init
</UL>

<P><STRONG><a name="[bb]"></a>CRC_Lock</STRONG> (Thumb, 74 bytes, Stack size 8 bytes, ai_platform_interface.o(i.CRC_Lock))
<BR><BR>[Stack]<UL><LI>Max Depth = 8<LI>Call Chain = CRC_Lock
</UL>
<BR>[Calls]<UL><LI><a href="#[bd]">&gt;&gt;</a>&nbsp;&nbsp;&nbsp;_ai_platform_release_crc
<LI><a href="#[bc]">&gt;&gt;</a>&nbsp;&nbsp;&nbsp;_ai_platform_acquire_crc
</UL>
<BR>[Called By]<UL><LI><a href="#[1ec]">&gt;&gt;</a>&nbsp;&nbsp;&nbsp;ai_platform_network_create
<LI><a href="#[1fc]">&gt;&gt;</a>&nbsp;&nbsp;&nbsp;ai_platform_interface_api_get_version
<LI><a href="#[1f8]">&gt;&gt;</a>&nbsp;&nbsp;&nbsp;ai_platform_context_acquire
</UL>

<P><STRONG><a name="[1d2]"></a>_ai_platform_get_io_buffers_info</STRONG> (Thumb, 218 bytes, Stack size 136 bytes, ai_platform_interface.o(i._ai_platform_get_io_buffers_info))
<BR><BR>[Stack]<UL><LI>Max Depth = 152<LI>Call Chain = _ai_platform_get_io_buffers_info &rArr; ai_array_to_buffer_fmt
</UL>
<BR>[Calls]<UL><LI><a href="#[1d4]">&gt;&gt;</a>&nbsp;&nbsp;&nbsp;ai_array_to_buffer_fmt
<LI><a href="#[1d3]">&gt;&gt;</a>&nbsp;&nbsp;&nbsp;__aeabi_memclr4
<LI><a href="#[1d5]">&gt;&gt;</a>&nbsp;&nbsp;&nbsp;__aeabi_memcpy4
</UL>
<BR>[Called By]<UL><LI><a href="#[1f6]">&gt;&gt;</a>&nbsp;&nbsp;&nbsp;ai_platform_outputs_get
<LI><a href="#[1f5]">&gt;&gt;</a>&nbsp;&nbsp;&nbsp;ai_platform_inputs_get
</UL>

<P><STRONG><a name="[1d8]"></a>_platform_ai_buffer_array_copy</STRONG> (Thumb, 76 bytes, Stack size 16 bytes, ai_platform_interface.o(i._platform_ai_buffer_array_copy))
<BR><BR>[Stack]<UL><LI>Max Depth = 16<LI>Call Chain = _platform_ai_buffer_array_copy
</UL>
<BR>[Calls]<UL><LI><a href="#[1d5]">&gt;&gt;</a>&nbsp;&nbsp;&nbsp;__aeabi_memcpy4
</UL>
<BR>[Called By]<UL><LI><a href="#[1f1]">&gt;&gt;</a>&nbsp;&nbsp;&nbsp;ai_platform_network_init
</UL>

<P><STRONG><a name="[1fa]"></a>_platform_get_table_map_from_buffer</STRONG> (Thumb, 74 bytes, Stack size 12 bytes, ai_platform_interface.o(i._platform_get_table_map_from_buffer))
<BR><BR>[Stack]<UL><LI>Max Depth = 12<LI>Call Chain = _platform_get_table_map_from_buffer
</UL>
<BR>[Called By]<UL><LI><a href="#[1fb]">&gt;&gt;</a>&nbsp;&nbsp;&nbsp;ai_platform_get_weights_map
<LI><a href="#[1f9]">&gt;&gt;</a>&nbsp;&nbsp;&nbsp;ai_platform_get_activations_map
</UL>

<P><STRONG><a name="[1d9]"></a>_platform_get_table_map_from_buffer_array</STRONG> (Thumb, 68 bytes, Stack size 16 bytes, ai_platform_interface.o(i._platform_get_table_map_from_buffer_array))
<BR><BR>[Stack]<UL><LI>Max Depth = 16<LI>Call Chain = _platform_get_table_map_from_buffer_array
</UL>
<BR>[Calls]<UL><LI><a href="#[1da]">&gt;&gt;</a>&nbsp;&nbsp;&nbsp;ai_buffer_array_sane
</UL>
<BR>[Called By]<UL><LI><a href="#[1fb]">&gt;&gt;</a>&nbsp;&nbsp;&nbsp;ai_platform_get_weights_map
<LI><a href="#[1f9]">&gt;&gt;</a>&nbsp;&nbsp;&nbsp;ai_platform_get_activations_map
</UL>

<P><STRONG><a name="[200]"></a>_platform_network_buffers_signature_valid</STRONG> (Thumb, 14 bytes, Stack size 0 bytes, ai_platform_interface.o(i._platform_network_buffers_signature_valid))
<BR><BR>[Called By]<UL><LI><a href="#[1f1]">&gt;&gt;</a>&nbsp;&nbsp;&nbsp;ai_platform_network_init
</UL>

<P><STRONG><a name="[1db]"></a>_platform_network_io_bind</STRONG> (Thumb, 528 bytes, Stack size 48 bytes, ai_platform_interface.o(i._platform_network_io_bind))
<BR><BR>[Stack]<UL><LI>Max Depth = 64<LI>Call Chain = _platform_network_io_bind &rArr; ai_array_to_buffer_fmt
</UL>
<BR>[Calls]<UL><LI><a href="#[1de]">&gt;&gt;</a>&nbsp;&nbsp;&nbsp;get_tensor_byte_size
<LI><a href="#[1d4]">&gt;&gt;</a>&nbsp;&nbsp;&nbsp;ai_array_to_buffer_fmt
<LI><a href="#[1dd]">&gt;&gt;</a>&nbsp;&nbsp;&nbsp;ai_array_get_data_byte_size
<LI><a href="#[1df]">&gt;&gt;</a>&nbsp;&nbsp;&nbsp;_platform_network_state_setup
<LI><a href="#[1dc]">&gt;&gt;</a>&nbsp;&nbsp;&nbsp;ai_buffer_get_size
<LI><a href="#[1e0]">&gt;&gt;</a>&nbsp;&nbsp;&nbsp;ai_platform_network_set_error
</UL>
<BR>[Called By]<UL><LI><a href="#[1f7]">&gt;&gt;</a>&nbsp;&nbsp;&nbsp;ai_platform_network_process
</UL>

<P><STRONG><a name="[1df]"></a>_platform_network_state_setup</STRONG> (Thumb, 62 bytes, Stack size 16 bytes, ai_platform_interface.o(i._platform_network_state_setup))
<BR><BR>[Stack]<UL><LI>Max Depth = 16<LI>Call Chain = _platform_network_state_setup
</UL>
<BR>[Calls]<UL><LI><a href="#[1de]">&gt;&gt;</a>&nbsp;&nbsp;&nbsp;get_tensor_byte_size
</UL>
<BR>[Called By]<UL><LI><a href="#[1db]">&gt;&gt;</a>&nbsp;&nbsp;&nbsp;_platform_network_io_bind
</UL>

<P><STRONG><a name="[1e1]"></a>_platform_network_state_update_input</STRONG> (Thumb, 104 bytes, Stack size 16 bytes, ai_platform_interface.o(i._platform_network_state_update_input))
<BR><BR>[Stack]<UL><LI>Max Depth = 16<LI>Call Chain = _platform_network_state_update_input
</UL>
<BR>[Calls]<UL><LI><a href="#[1e2]">&gt;&gt;</a>&nbsp;&nbsp;&nbsp;__aeabi_memcpy
</UL>
<BR>[Called By]<UL><LI><a href="#[1f7]">&gt;&gt;</a>&nbsp;&nbsp;&nbsp;ai_platform_network_process
</UL>

<P><STRONG><a name="[1e3]"></a>_platform_network_state_update_output</STRONG> (Thumb, 128 bytes, Stack size 24 bytes, ai_platform_interface.o(i._platform_network_state_update_output))
<BR><BR>[Stack]<UL><LI>Max Depth = 24<LI>Call Chain = _platform_network_state_update_output
</UL>
<BR>[Calls]<UL><LI><a href="#[1e2]">&gt;&gt;</a>&nbsp;&nbsp;&nbsp;__aeabi_memcpy
</UL>
<BR>[Called By]<UL><LI><a href="#[1f7]">&gt;&gt;</a>&nbsp;&nbsp;&nbsp;ai_platform_network_process
</UL>

<P><STRONG><a name="[260]"></a>transpose_items</STRONG> (Thumb, 360 bytes, Stack size 112 bytes, layers_generic_float.o(i.transpose_items))
<BR><BR>[Stack]<UL><LI>Max Depth = 112<LI>Call Chain = transpose_items
</UL>
<BR>[Calls]<UL><LI><a href="#[1e2]">&gt;&gt;</a>&nbsp;&nbsp;&nbsp;__aeabi_memcpy
</UL>
<BR>[Called By]<UL><LI><a href="#[2]">&gt;&gt;</a>&nbsp;&nbsp;&nbsp;forward_transpose
</UL>

<P><STRONG><a name="[1d6]"></a>_lite_nl_softmax_if32of32</STRONG> (Thumb, 46 bytes, Stack size 32 bytes, layers_nl_generic_float.o(i._lite_nl_softmax_if32of32))
<BR><BR>[Stack]<UL><LI>Max Depth = 80<LI>Call Chain = _lite_nl_softmax_if32of32 &rArr; _lite_nl_softmax_if32of32_kernel &rArr; __hardfp_expf
</UL>
<BR>[Calls]<UL><LI><a href="#[1d7]">&gt;&gt;</a>&nbsp;&nbsp;&nbsp;_lite_nl_softmax_if32of32_kernel
</UL>
<BR>[Called By]<UL><LI><a href="#[6]">&gt;&gt;</a>&nbsp;&nbsp;&nbsp;forward_sm
</UL>

<P><STRONG><a name="[1d7]"></a>_lite_nl_softmax_if32of32_kernel</STRONG> (Thumb, 146 bytes, Stack size 32 bytes, layers_nl_generic_float.o(i._lite_nl_softmax_if32of32_kernel))
<BR><BR>[Stack]<UL><LI>Max Depth = 48<LI>Call Chain = _lite_nl_softmax_if32of32_kernel &rArr; __hardfp_expf
</UL>
<BR>[Calls]<UL><LI><a href="#[1c6]">&gt;&gt;</a>&nbsp;&nbsp;&nbsp;__hardfp_expf
</UL>
<BR>[Called By]<UL><LI><a href="#[1d6]">&gt;&gt;</a>&nbsp;&nbsp;&nbsp;_lite_nl_softmax_if32of32
</UL>

<P><STRONG><a name="[25f]"></a>ai_shape_get_size</STRONG> (Thumb, 26 bytes, Stack size 0 bytes, layers_nl_generic_float.o(i.ai_shape_get_size))
<BR><BR>[Called By]<UL><LI><a href="#[6]">&gt;&gt;</a>&nbsp;&nbsp;&nbsp;forward_sm
</UL>

<P><STRONG><a name="[24c]"></a>ai_shape_get_size</STRONG> (Thumb, 26 bytes, Stack size 0 bytes, layers_dw_sssa8_ch.o(i.ai_shape_get_size))
<BR><BR>[Called By]<UL><LI><a href="#[5]">&gt;&gt;</a>&nbsp;&nbsp;&nbsp;forward_dw_sssa8_ch
<LI><a href="#[a]">&gt;&gt;</a>&nbsp;&nbsp;&nbsp;forward_dw_3x3_sssa8_ch
</UL>

<P><STRONG><a name="[249]"></a>core_nl_get_params</STRONG> (Thumb, 12 bytes, Stack size 0 bytes, layers_dw_sssa8_ch.o(i.core_nl_get_params))
<BR><BR>[Called By]<UL><LI><a href="#[5]">&gt;&gt;</a>&nbsp;&nbsp;&nbsp;forward_dw_sssa8_ch
<LI><a href="#[a]">&gt;&gt;</a>&nbsp;&nbsp;&nbsp;forward_dw_3x3_sssa8_ch
</UL>

<P><STRONG><a name="[24a]"></a>core_nl_get_params_ptr</STRONG> (Thumb, 18 bytes, Stack size 0 bytes, layers_dw_sssa8_ch.o(i.core_nl_get_params_ptr))
<BR><BR>[Called By]<UL><LI><a href="#[5]">&gt;&gt;</a>&nbsp;&nbsp;&nbsp;forward_dw_sssa8_ch
<LI><a href="#[a]">&gt;&gt;</a>&nbsp;&nbsp;&nbsp;forward_dw_3x3_sssa8_ch
</UL>

<P><STRONG><a name="[8c]"></a>func_dummy</STRONG> (Thumb, 2 bytes, Stack size 0 bytes, layers_dw_sssa8_ch.o(i.func_dummy))
<BR>[Address Reference Count : 2]<UL><LI> layers_dw_sssa8_ch.o(i.forward_dw_3x3_sssa8_ch)
<LI> layers_dw_sssa8_ch.o(i.forward_dw_sssa8_ch)
</UL>
<P><STRONG><a name="[25d]"></a>core_nl_get_params</STRONG> (Thumb, 12 bytes, Stack size 0 bytes, layers_pw_sssa8_ch.o(i.core_nl_get_params))
<BR><BR>[Called By]<UL><LI><a href="#[3]">&gt;&gt;</a>&nbsp;&nbsp;&nbsp;forward_pw_sssa8_ch
</UL>

<P><STRONG><a name="[25e]"></a>core_nl_get_params_ptr</STRONG> (Thumb, 18 bytes, Stack size 0 bytes, layers_pw_sssa8_ch.o(i.core_nl_get_params_ptr))
<BR><BR>[Called By]<UL><LI><a href="#[3]">&gt;&gt;</a>&nbsp;&nbsp;&nbsp;forward_pw_sssa8_ch
</UL>

<P><STRONG><a name="[8d]"></a>func_dummy</STRONG> (Thumb, 2 bytes, Stack size 0 bytes, layers_pw_sssa8_ch.o(i.func_dummy))
<BR>[Address Reference Count : 1]<UL><LI> layers_pw_sssa8_ch.o(i.forward_pw_sssa8_ch)
</UL>
<P><STRONG><a name="[8b]"></a>func_dummy</STRONG> (Thumb, 2 bytes, Stack size 0 bytes, layers_conv2d_rgb_sssa8_ch.o(i.func_dummy))
<BR>[Address Reference Count : 1]<UL><LI> layers_conv2d_rgb_sssa8_ch.o(i.forward_conv2d_rgb_sssa8_ch)
</UL>
<P><STRONG><a name="[26b]"></a>_float_to_integer</STRONG> (Thumb, 208 bytes, Stack size 16 bytes, core_convert.o(i._float_to_integer))
<BR><BR>[Stack]<UL><LI>Max Depth = 16<LI>Call Chain = _float_to_integer
</UL>
<BR>[Called By]<UL><LI><a href="#[0]">&gt;&gt;</a>&nbsp;&nbsp;&nbsp;node_convert
</UL>

<P><STRONG><a name="[26a]"></a>_integer_to_float</STRONG> (Thumb, 150 bytes, Stack size 16 bytes, core_convert.o(i._integer_to_float))
<BR><BR>[Stack]<UL><LI>Max Depth = 16<LI>Call Chain = _integer_to_float
</UL>
<BR>[Called By]<UL><LI><a href="#[0]">&gt;&gt;</a>&nbsp;&nbsp;&nbsp;node_convert
</UL>

<P><STRONG><a name="[269]"></a>ai_shape_get_size</STRONG> (Thumb, 26 bytes, Stack size 0 bytes, core_convert.o(i.ai_shape_get_size))
<BR><BR>[Called By]<UL><LI><a href="#[d]">&gt;&gt;</a>&nbsp;&nbsp;&nbsp;node_convert_integer
<LI><a href="#[0]">&gt;&gt;</a>&nbsp;&nbsp;&nbsp;node_convert
</UL>

<P><STRONG><a name="[1ea]"></a>_ai_forward_layer</STRONG> (Thumb, 18 bytes, Stack size 8 bytes, layers.o(i._ai_forward_layer))
<BR><BR>[Stack]<UL><LI>Max Depth = 8<LI>Call Chain = _ai_forward_layer
</UL>
<BR>[Called By]<UL><LI><a href="#[1e9]">&gt;&gt;</a>&nbsp;&nbsp;&nbsp;ai_layers_forward_all
</UL>

<P><STRONG><a name="[256]"></a>ai_padding_opt_phase2</STRONG> (Thumb, 38 bytes, Stack size 0 bytes, forward_lite_dw_sssa8_ch.o(i.ai_padding_opt_phase2))
<BR><BR>[Called By]<UL><LI><a href="#[24d]">&gt;&gt;</a>&nbsp;&nbsp;&nbsp;forward_lite_dw_sssa8_ch
</UL>

<P><STRONG><a name="[252]"></a>ai_padding_opt_phase2</STRONG> (Thumb, 38 bytes, Stack size 0 bytes, forward_lite_conv2d_sssa8_ch.o(i.ai_padding_opt_phase2))
<BR><BR>[Called By]<UL><LI><a href="#[248]">&gt;&gt;</a>&nbsp;&nbsp;&nbsp;forward_lite_conv2d_rgb_sssa8_ch
</UL>

<P><STRONG><a name="[1c4]"></a>_printf_core</STRONG> (Thumb, 996 bytes, Stack size 104 bytes, printf8.o(i._printf_core), UNUSED)
<BR><BR>[Calls]<UL><LI><a href="#[95]">&gt;&gt;</a>&nbsp;&nbsp;&nbsp;__aeabi_uldivmod
<LI><a href="#[1e4]">&gt;&gt;</a>&nbsp;&nbsp;&nbsp;_printf_pre_padding
<LI><a href="#[1e5]">&gt;&gt;</a>&nbsp;&nbsp;&nbsp;_printf_post_padding
</UL>
<BR>[Called By]<UL><LI><a href="#[1c5]">&gt;&gt;</a>&nbsp;&nbsp;&nbsp;__0sprintf$8
<LI><a href="#[1c3]">&gt;&gt;</a>&nbsp;&nbsp;&nbsp;__0printf$8
</UL>

<P><STRONG><a name="[1e5]"></a>_printf_post_padding</STRONG> (Thumb, 36 bytes, Stack size 24 bytes, printf8.o(i._printf_post_padding), UNUSED)
<BR><BR>[Called By]<UL><LI><a href="#[1c4]">&gt;&gt;</a>&nbsp;&nbsp;&nbsp;_printf_core
</UL>

<P><STRONG><a name="[1e4]"></a>_printf_pre_padding</STRONG> (Thumb, 46 bytes, Stack size 24 bytes, printf8.o(i._printf_pre_padding), UNUSED)
<BR><BR>[Called By]<UL><LI><a href="#[1c4]">&gt;&gt;</a>&nbsp;&nbsp;&nbsp;_printf_core
</UL>

<P><STRONG><a name="[8a]"></a>_sputc</STRONG> (Thumb, 10 bytes, Stack size 0 bytes, printf8.o(i._sputc))
<BR><BR>[Called By]<UL><LI><a href="#[1c5]">&gt;&gt;</a>&nbsp;&nbsp;&nbsp;__0sprintf$8
</UL>
<BR>[Address Reference Count : 1]<UL><LI> printf8.o(i.__0sprintf$8)
</UL><P>
<H3>
Undefined Global Symbols
</H3><HR></body></html>
