Archive member included to satisfy reference by file (symbol)

../Edge_AI/ST_Lib/Lib\libNetworkRuntime801_CM4_GCC.a(ai_platform.o)
                              ./objects/network_1.o (ai_buffer_array_item_set_address)
../Edge_AI/ST_Lib/Lib\libNetworkRuntime801_CM4_GCC.a(ai_platform_interface.o)
                              ./objects/network_1.o (ai_platform_get_weights_map)
../Edge_AI/ST_Lib/Lib\libNetworkRuntime801_CM4_GCC.a(core_mem_manager.o)
                              ../Edge_AI/ST_Lib/Lib\libNetworkRuntime801_CM4_GCC.a(ai_platform_interface.o) (core_mem_alloc)
../Edge_AI/ST_Lib/Lib\libNetworkRuntime801_CM4_GCC.a(core_convert.o)
                              ./objects/network_2.o (node_convert)
../Edge_AI/ST_Lib/Lib\libNetworkRuntime801_CM4_GCC.a(core_common.o)
                              ../Edge_AI/ST_Lib/Lib\libNetworkRuntime801_CM4_GCC.a(ai_platform_interface.o) (core_init)
../Edge_AI/ST_Lib/Lib\libNetworkRuntime801_CM4_GCC.a(layers_conv2d_stm32_integer.o)
                              ./objects/network_2.o (forward_dense_integer_SSSA)
../Edge_AI/ST_Lib/Lib\libNetworkRuntime801_CM4_GCC.a(layers_generic_float.o)
                              ./objects/network_1.o (forward_pad)
../Edge_AI/ST_Lib/Lib\libNetworkRuntime801_CM4_GCC.a(layers_nl_stm32_integer.o)
                              ./objects/network_2.o (nl_func_array_integer)
../Edge_AI/ST_Lib/Lib\libNetworkRuntime801_CM4_GCC.a(layers_stm32_integer.o)
                              ./objects/network_1.o (forward_eltwise_integer_INT8)
../Edge_AI/ST_Lib/Lib\libNetworkRuntime801_CM4_GCC.a(layers_dw_sssa8_ch.o)
                              ./objects/network_1.o (forward_dw_sssa8_ch)
../Edge_AI/ST_Lib/Lib\libNetworkRuntime801_CM4_GCC.a(layers_pw_sssa8_ch.o)
                              ./objects/network_1.o (forward_pw_sssa8_ch)
../Edge_AI/ST_Lib/Lib\libNetworkRuntime801_CM4_GCC.a(layers.o)
                              ../Edge_AI/ST_Lib/Lib\libNetworkRuntime801_CM4_GCC.a(ai_platform_interface.o) (ai_check_custom_types)
../Edge_AI/ST_Lib/Lib\libNetworkRuntime801_CM4_GCC.a(layers_conv2d_rgb_sssa8_ch.o)
                              ./objects/network_1.o (forward_conv2d_rgb_sssa8_ch)
../Edge_AI/ST_Lib/Lib\libNetworkRuntime801_CM4_GCC.a(layers_pool_stm32_integer.o)
                              ./objects/network_2.o (forward_ap_integer_INT8)
../Edge_AI/ST_Lib/Lib\libNetworkRuntime801_CM4_GCC.a(lite_generic_float.o)
                              ../Edge_AI/ST_Lib/Lib\libNetworkRuntime801_CM4_GCC.a(layers_generic_float.o) (forward_lite_topK_axis_0_if32of32)
../Edge_AI/ST_Lib/Lib\libNetworkRuntime801_CM4_GCC.a(forward_lite_pw_sssa8_ch.o)
                              ../Edge_AI/ST_Lib/Lib\libNetworkRuntime801_CM4_GCC.a(layers_pw_sssa8_ch.o) (forward_lite_pw_sssa8_ch)
../Edge_AI/ST_Lib/Lib\libNetworkRuntime801_CM4_GCC.a(forward_lite_convert.o)
                              ../Edge_AI/ST_Lib/Lib\libNetworkRuntime801_CM4_GCC.a(core_convert.o) (forward_lite_node_convert_is1os8)
../Edge_AI/ST_Lib/Lib\libNetworkRuntime801_CM4_GCC.a(forward_lite_conv2d_sssa8_ch.o)
                              ../Edge_AI/ST_Lib/Lib\libNetworkRuntime801_CM4_GCC.a(layers_conv2d_rgb_sssa8_ch.o) (forward_lite_conv2d_rgb_sssa8_ch)
../Edge_AI/ST_Lib/Lib\libNetworkRuntime801_CM4_GCC.a(lite_nl_generic_integer.o)
                              ../Edge_AI/ST_Lib/Lib\libNetworkRuntime801_CM4_GCC.a(layers_nl_stm32_integer.o) (forward_lite_nl_softmax_is8os8)
../Edge_AI/ST_Lib/Lib\libNetworkRuntime801_CM4_GCC.a(forward_lite_dw_sssa8_ch.o)
                              ../Edge_AI/ST_Lib/Lib\libNetworkRuntime801_CM4_GCC.a(layers_dw_sssa8_ch.o) (st_dw_sssa8_ch_Wadapt)
../Edge_AI/ST_Lib/Lib\libNetworkRuntime801_CM4_GCC.a(ai_math_helpers.o)
                              ../Edge_AI/ST_Lib/Lib\libNetworkRuntime801_CM4_GCC.a(lite_generic_float.o) (ai_math_sqrt)
../Edge_AI/ST_Lib/Lib\libNetworkRuntime801_CM4_GCC.a(st_ssua8_convolve_dw.o)
                              ../Edge_AI/ST_Lib/Lib\libNetworkRuntime801_CM4_GCC.a(layers_conv2d_stm32_integer.o) (st_ssua8_conv_dw_Wadapt)
../Edge_AI/ST_Lib/Lib\libNetworkRuntime801_CM4_GCC.a(st_uaua8_ch_convolve.o)
                              ../Edge_AI/ST_Lib/Lib\libNetworkRuntime801_CM4_GCC.a(layers_conv2d_stm32_integer.o) (st_uaua8_ch_convolve_rank1upd)
../Edge_AI/ST_Lib/Lib\libNetworkRuntime801_CM4_GCC.a(st_ssua8_ch_convolve.o)
                              ../Edge_AI/ST_Lib/Lib\libNetworkRuntime801_CM4_GCC.a(layers_conv2d_stm32_integer.o) (st_ssua8_ch_convolve_rank1upd)
../Edge_AI/ST_Lib/Lib\libNetworkRuntime801_CM4_GCC.a(st_uaua8_convolve.o)
                              ../Edge_AI/ST_Lib/Lib\libNetworkRuntime801_CM4_GCC.a(layers_conv2d_stm32_integer.o) (st_uaua8_convolve_rank1upd)
../Edge_AI/ST_Lib/Lib\libNetworkRuntime801_CM4_GCC.a(st_ssua8_convolve.o)
                              ../Edge_AI/ST_Lib/Lib\libNetworkRuntime801_CM4_GCC.a(layers_conv2d_stm32_integer.o) (st_ssua8_convolve_rank1upd)
[...]
Memory Configuration

Name             Origin             Length             Attributes
FLASH            0x0000000008000000 0x00000000003c0000 xr
RAM              0x0000000024000000 0x00000000000d0000 xrw
ARM.__at_0xC1000000 0x00000000c1000000 0x0000000000080000 xrw
ARM.__at_0xC1080000 0x00000000c1080000 0x0000000000080000 xrw
DTCM             0x0000000020000000 0x0000000000020000 xrw
*default*        0x0000000000000000 0xffffffffffffffff

Linker script and memory map

LOAD d:/keil5/keil5/arm/gcc/bin/../lib/gcc/arm-none-eabi/10.3.1/thumb/v7e-m+dp/hard/crti.o
LOAD d:/keil5/keil5/arm/gcc/bin/../lib/gcc/arm-none-eabi/10.3.1/thumb/v7e-m+dp/hard/crtbegin.o
LOAD d:/keil5/keil5/arm/gcc/bin/../lib/gcc/arm-none-eabi/10.3.1/../../../../arm-none-eabi/lib/thumb/v7e-m+dp/hard/crt0.o
LOAD ./objects/main.o
LOAD ./objects/gd32h7xx_it.o
LOAD ./objects/systick.o
LOAD ./objects/dci_ov2640.o
LOAD ./objects/exmc_sdram.o
LOAD ./objects/picture.o
LOAD ./objects/sccb.o
LOAD ./objects/tlilcd.o
LOAD ./objects/system_gd32h7xx.o
LOAD ./objects/gd32h7xx_adc.o
LOAD ./objects/gd32h7xx_can.o
LOAD ./objects/gd32h7xx_cau.o
LOAD ./objects/gd32h7xx_cau_aes.o
LOAD ./objects/gd32h7xx_cau_des.o
LOAD ./objects/gd32h7xx_cau_tdes.o
LOAD ./objects/gd32h7xx_cmp.o
LOAD ./objects/gd32h7xx_cpdm.o
LOAD ./objects/gd32h7xx_crc.o
LOAD ./objects/gd32h7xx_ctc.o
LOAD ./objects/gd32h7xx_dac.o
LOAD ./objects/gd32h7xx_dbg.o
LOAD ./objects/gd32h7xx_dci.o
LOAD ./objects/gd32h7xx_dma.o
LOAD ./objects/gd32h7xx_edout.o
LOAD ./objects/gd32h7xx_efuse.o
LOAD ./objects/gd32h7xx_enet.o
LOAD ./objects/gd32h7xx_exmc.o
LOAD ./objects/gd32h7xx_exti.o
LOAD ./objects/gd32h7xx_fac.o
LOAD ./objects/gd32h7xx_fmc.o
LOAD ./objects/gd32h7xx_fwdgt.o
LOAD ./objects/gd32h7xx_gpio.o
LOAD ./objects/gd32h7xx_hau.o
LOAD ./objects/gd32h7xx_hau_sha_md5.o
LOAD ./objects/gd32h7xx_hpdf.o
LOAD ./objects/gd32h7xx_hwsem.o
LOAD ./objects/gd32h7xx_i2c.o
LOAD ./objects/gd32h7xx_ipa.o
LOAD ./objects/gd32h7xx_lpdts.o
LOAD ./objects/gd32h7xx_mdio.o
LOAD ./objects/gd32h7xx_mdma.o
LOAD ./objects/gd32h7xx_misc.o
LOAD ./objects/gd32h7xx_ospi.o
LOAD ./objects/gd32h7xx_ospim.o
LOAD ./objects/gd32h7xx_pmu.o
LOAD ./objects/gd32h7xx_rameccmu.o
LOAD ./objects/gd32h7xx_rcu.o
LOAD ./objects/gd32h7xx_rspdif.o
LOAD ./objects/gd32h7xx_rtc.o
LOAD ./objects/gd32h7xx_rtdec.o
LOAD ./objects/gd32h7xx_sai.o
LOAD ./objects/gd32h7xx_sdio.o
LOAD ./objects/gd32h7xx_spi.o
LOAD ./objects/gd32h7xx_syscfg.o
LOAD ./objects/gd32h7xx_timer.o
LOAD ./objects/gd32h7xx_tli.o
LOAD ./objects/gd32h7xx_tmu.o
LOAD ./objects/gd32h7xx_trigsel.o
LOAD ./objects/gd32h7xx_trng.o
LOAD ./objects/gd32h7xx_usart.o
LOAD ./objects/gd32h7xx_vref.o
LOAD ./objects/gd32h7xx_wwdgt.o
LOAD ./objects/gd32h759i_eval.o
LOAD ./objects/startup_gd32h7xx.o
LOAD ./objects/ai_model.o
LOAD ./objects/network_1.o
LOAD ./objects/network_1_data.o
LOAD ./objects/network_1_data_params.o
LOAD ./objects/network_2.o
LOAD ./objects/network_2_data.o
LOAD ./objects/network_2_data_params.o
LOAD ../Edge_AI/ST_Lib/Lib\libNetworkRuntime801_CM4_GCC.a
LOAD d:/keil5/keil5/arm/gcc/bin/../lib/gcc/arm-none-eabi/10.3.1/../../../../arm-none-eabi/lib/thumb/v7e-m+dp/hard\libm.a
START GROUP
LOAD d:/keil5/keil5/arm/gcc/bin/../lib/gcc/arm-none-eabi/10.3.1/thumb/v7e-m+dp/hard\libgcc.a
LOAD d:/keil5/keil5/arm/gcc/bin/../lib/gcc/arm-none-eabi/10.3.1/../../../../arm-none-eabi/lib/thumb/v7e-m+dp/hard\libc.a
END GROUP
LOAD d:/keil5/keil5/arm/gcc/bin/../lib/gcc/arm-none-eabi/10.3.1/thumb/v7e-m+dp/hard/crtend.o
LOAD d:/keil5/keil5/arm/gcc/bin/../lib/gcc/arm-none-eabi/10.3.1/thumb/v7e-m+dp/hard/crtn.o
                0x0000000000002000                __stack_size = DEFINED (__stack_size)?__stack_size:0x2000

.vectors        0x0000000008000000      0x3a4
                0x0000000008000000                . = ALIGN (0x4)
 *(.vectors)
 .vectors       0x0000000008000000      0x3a4 ./objects/startup_gd32h7xx.o
                0x0000000008000000                __gVectors
                0x00000000080003a4                . = ALIGN (0x4)
                0x00000000080003a4                __Vectors_End = .
                0x00000000080003a4                __Vectors_Size = (__Vectors_End - __gVectors)

.text           0x00000000080003b0    0x16c14
                0x00000000080003b0                . = ALIGN (0x4)
 *(.text)
 .text          0x00000000080003b0       0x40 d:/keil5/keil5/arm/gcc/bin/../lib/gcc/arm-none-eabi/10.3.1/thumb/v7e-m+dp/hard/crtbegin.o
 .text          0x00000000080003f0       0x30 d:/keil5/keil5/arm/gcc/bin/../lib/gcc/arm-none-eabi/10.3.1/thumb/v7e-m+dp/hard\libgcc.a(_aeabi_uldivmod.o)
                0x00000000080003f0                __aeabi_uldivmod
 .text          0x0000000008000420       0x28 d:/keil5/keil5/arm/gcc/bin/../lib/gcc/arm-none-eabi/10.3.1/thumb/v7e-m+dp/hard\libgcc.a(_fixsfdi.o)
                0x0000000008000420                __fixsfdi
                0x0000000008000420                __aeabi_f2lz
 .text          0x0000000008000448       0x40 d:/keil5/keil5/arm/gcc/bin/../lib/gcc/arm-none-eabi/10.3.1/thumb/v7e-m+dp/hard\libgcc.a(_fixunssfdi.o)
                0x0000000008000448                __fixunssfdi
                0x0000000008000448                __aeabi_f2ulz
 .text          0x0000000008000488      0x2d0 d:/keil5/keil5/arm/gcc/bin/../lib/gcc/arm-none-eabi/10.3.1/thumb/v7e-m+dp/hard\libgcc.a(_udivmoddi4.o)
                0x0000000008000488                __udivmoddi4
 .text          0x0000000008000758        0x4 d:/keil5/keil5/arm/gcc/bin/../lib/gcc/arm-none-eabi/10.3.1/thumb/v7e-m+dp/hard\libgcc.a(_dvmd_tls.o)
                0x0000000008000758                __aeabi_idiv0
                0x0000000008000758                __aeabi_ldiv0
 *fill*         0x000000000800075c        0x4 
 .text          0x0000000008000760       0xa0 d:/keil5/keil5/arm/gcc/bin/../lib/gcc/arm-none-eabi/10.3.1/../../../../arm-none-eabi/lib/thumb/v7e-m+dp/hard\libc.a(lib_a-memchr.o)
                0x0000000008000760                memchr
 .text          0x0000000008000800       0x10 d:/keil5/keil5/arm/gcc/bin/../lib/gcc/arm-none-eabi/10.3.1/../../../../arm-none-eabi/lib/thumb/v7e-m+dp/hard\libc.a(lib_a-strlen.o)
                0x0000000008000800                strlen
 *(.text*)
 .text.detect_once
                0x0000000008000810      0x2f4 ./objects/main.o
                0x0000000008000810                detect_once
 .text.main     0x0000000008000b04       0x78 ./objects/main.o
                0x0000000008000b04                main
 .text.cache_enable
                0x0000000008000b7c       0xdc ./objects/main.o
                0x0000000008000b7c                cache_enable
 .text.image_save
                0x0000000008000c58       0x60 ./objects/main.o
                0x0000000008000c58                image_save
 .text.image_display
                0x0000000008000cb8       0x40 ./objects/main.o
                0x0000000008000cb8                image_display
 .text.timer_config
                0x0000000008000cf8       0x60 ./objects/main.o
                0x0000000008000cf8                timer_config
 .text.TIMER1_IRQHandler
                0x0000000008000d58       0x3c ./objects/main.o
                0x0000000008000d58                TIMER1_IRQHandler
 .text.__NVIC_SystemReset
                0x0000000008000d94       0x2c ./objects/gd32h7xx_it.o
 .text.NMI_Handler
                0x0000000008000dc0        0x6 ./objects/gd32h7xx_it.o
                0x0000000008000dc0                NMI_Handler
 .text.HardFault_Handler
                0x0000000008000dc6        0x6 ./objects/gd32h7xx_it.o
                0x0000000008000dc6                HardFault_Handler
 .text.MemManage_Handler
                0x0000000008000dcc        0x6 ./objects/gd32h7xx_it.o
                0x0000000008000dcc                MemManage_Handler
 .text.BusFault_Handler
                0x0000000008000dd2        0x6 ./objects/gd32h7xx_it.o
                0x0000000008000dd2                BusFault_Handler
 .text.UsageFault_Handler
                0x0000000008000dd8        0x6 ./objects/gd32h7xx_it.o
                0x0000000008000dd8                UsageFault_Handler
 .text.DebugMon_Handler
                0x0000000008000dde        0x6 ./objects/gd32h7xx_it.o
                0x0000000008000dde                DebugMon_Handler
 .text.SVC_Handler
                0x0000000008000de4        0x6 ./objects/gd32h7xx_it.o
                0x0000000008000de4                SVC_Handler
 .text.PendSV_Handler
                0x0000000008000dea        0x6 ./objects/gd32h7xx_it.o
                0x0000000008000dea                PendSV_Handler
 .text.SysTick_Handler
                0x0000000008000df0        0xc ./objects/gd32h7xx_it.o
                0x0000000008000df0                SysTick_Handler
 .text.DMA1_Channel7_IRQHandler
                0x0000000008000dfc       0xb0 ./objects/gd32h7xx_it.o
                0x0000000008000dfc                DMA1_Channel7_IRQHandler
 .text.EXTI5_9_IRQHandler
                0x0000000008000eac       0x2c ./objects/gd32h7xx_it.o
                0x0000000008000eac                EXTI5_9_IRQHandler
 .text.EXTI10_15_IRQHandler
                0x0000000008000ed8       0x24 ./objects/gd32h7xx_it.o
                0x0000000008000ed8                EXTI10_15_IRQHandler
 .text.EXTI0_IRQHandler
                0x0000000008000efc        0x8 ./objects/gd32h7xx_it.o
                0x0000000008000efc                EXTI0_IRQHandler
 .text.__NVIC_SetPriority
                0x0000000008000f04       0x54 ./objects/systick.o
 .text.SysTick_Config
                0x0000000008000f58       0x44 ./objects/systick.o
 .text.systick_config
                0x0000000008000f9c       0x34 ./objects/systick.o
                0x0000000008000f9c                systick_config
 .text.delay_1ms
                0x0000000008000fd0       0x2c ./objects/systick.o
                0x0000000008000fd0                delay_1ms
 .text.delay_decrement
                0x0000000008000ffc       0x24 ./objects/systick.o
                0x0000000008000ffc                delay_decrement
 .text.dci_config
                0x0000000008001020      0x1ec ./objects/dci_ov2640.o
                0x0000000008001020                dci_config
 .text.ConfigDCI
                0x000000000800120c       0xdc ./objects/dci_ov2640.o
                0x000000000800120c                ConfigDCI
 .text.ov2640_outsize_set
                0x00000000080012e8       0xa6 ./objects/dci_ov2640.o
                0x00000000080012e8                ov2640_outsize_set
 *fill*         0x000000000800138e        0x2 
 .text.dci_ov2640_init
                0x0000000008001390       0xd4 ./objects/dci_ov2640.o
                0x0000000008001390                dci_ov2640_init
 .text.ckout0_init
                0x0000000008001464       0x44 ./objects/dci_ov2640.o
                0x0000000008001464                ckout0_init
 .text.dci_ov2640_id_read
                0x00000000080014a8       0x8a ./objects/dci_ov2640.o
                0x00000000080014a8                dci_ov2640_id_read
 *fill*         0x0000000008001532        0x2 
 .text.DCI_IRQHandler
                0x0000000008001534       0x44 ./objects/dci_ov2640.o
                0x0000000008001534                DCI_IRQHandler
 .text._delay   0x0000000008001578       0x32 ./objects/exmc_sdram.o
 *fill*         0x00000000080015aa        0x2 
 .text.exmc_synchronous_dynamic_ram_init
                0x00000000080015ac      0x2e0 ./objects/exmc_sdram.o
                0x00000000080015ac                exmc_synchronous_dynamic_ram_init
 .text.sccb_config
                0x000000000800188c       0xac ./objects/sccb.o
                0x000000000800188c                sccb_config
 .text.dci_byte_write
                0x0000000008001938       0x90 ./objects/sccb.o
                0x0000000008001938                dci_byte_write
 .text.dci_byte_read
                0x00000000080019c8       0xd0 ./objects/sccb.o
                0x00000000080019c8                dci_byte_read
 .text.tli_gpio_config
                0x0000000008001a98      0x4b4 ./objects/tlilcd.o
                0x0000000008001a98                tli_gpio_config
 .text.InitLCD  0x0000000008001f4c      0x194 ./objects/tlilcd.o
                0x0000000008001f4c                InitLCD
 .text.LCDLayerWindowSet
                0x00000000080020e0      0x24c ./objects/tlilcd.o
                0x00000000080020e0                LCDLayerWindowSet
 .text.LCDLayerEnable
                0x000000000800232c       0x3c ./objects/tlilcd.o
                0x000000000800232c                LCDLayerEnable
 .text.LCDLayerDisable
                0x0000000008002368       0x3c ./objects/tlilcd.o
                0x0000000008002368                LCDLayerDisable
 .text.LCDLayerSwitch
                0x00000000080023a4       0x44 ./objects/tlilcd.o
                0x00000000080023a4                LCDLayerSwitch
 .text.LCDTransparencySet
                0x00000000080023e8       0x54 ./objects/tlilcd.o
                0x00000000080023e8                LCDTransparencySet
 .text.LCDDisplayDir
                0x000000000800243c       0x54 ./objects/tlilcd.o
                0x000000000800243c                LCDDisplayDir
 .text.LCDClear
                0x0000000008002490       0x98 ./objects/tlilcd.o
                0x0000000008002490                LCDClear
 .text.LCDDrawPoint
                0x0000000008002528       0x94 ./objects/tlilcd.o
                0x0000000008002528                LCDDrawPoint
 .text.LCDShowChar
                0x00000000080025bc      0x1b4 ./objects/tlilcd.o
                0x00000000080025bc                LCDShowChar
 .text.LCDShowString
                0x0000000008002770      0x138 ./objects/tlilcd.o
                0x0000000008002770                LCDShowString
 .text.RGB565ToRGB888A
                0x00000000080028a8       0x48 ./objects/tlilcd.o
                0x00000000080028a8                RGB565ToRGB888A
 .text.SystemInit
                0x00000000080028f0      0x18c ./objects/system_gd32h7xx.o
                0x00000000080028f0                SystemInit
 .text.system_clock_config
                0x0000000008002a7c        0xc ./objects/system_gd32h7xx.o
 .text.system_clock_600m_hxtal
                0x0000000008002a88      0x168 ./objects/system_gd32h7xx.o
 .text.dci_deinit
                0x0000000008002bf0       0x18 ./objects/gd32h7xx_dci.o
                0x0000000008002bf0                dci_deinit
 .text.dci_init
                0x0000000008002c08       0x70 ./objects/gd32h7xx_dci.o
                0x0000000008002c08                dci_init
 .text.dci_enable
                0x0000000008002c78       0x20 ./objects/gd32h7xx_dci.o
                0x0000000008002c78                dci_enable
 .text.dci_capture_enable
                0x0000000008002c98       0x20 ./objects/gd32h7xx_dci.o
                0x0000000008002c98                dci_capture_enable
 .text.dci_capture_disable
                0x0000000008002cb8       0x20 ./objects/gd32h7xx_dci.o
                0x0000000008002cb8                dci_capture_disable
 .text.dci_interrupt_enable
                0x0000000008002cd8       0x24 ./objects/gd32h7xx_dci.o
                0x0000000008002cd8                dci_interrupt_enable
 .text.dci_interrupt_flag_get
                0x0000000008002cfc       0x2c ./objects/gd32h7xx_dci.o
                0x0000000008002cfc                dci_interrupt_flag_get
 .text.dci_interrupt_flag_clear
                0x0000000008002d28       0x24 ./objects/gd32h7xx_dci.o
                0x0000000008002d28                dci_interrupt_flag_clear
 .text.dma_deinit
                0x0000000008002d4c      0x140 ./objects/gd32h7xx_dma.o
                0x0000000008002d4c                dma_deinit
 .text.dma_single_data_para_struct_init
                0x0000000008002e8c       0x50 ./objects/gd32h7xx_dma.o
                0x0000000008002e8c                dma_single_data_para_struct_init
 .text.dma_single_data_mode_init
                0x0000000008002edc      0x30c ./objects/gd32h7xx_dma.o
                0x0000000008002edc                dma_single_data_mode_init
 .text.dma_channel_enable
                0x00000000080031e8       0x46 ./objects/gd32h7xx_dma.o
                0x00000000080031e8                dma_channel_enable
 .text.dma_channel_disable
                0x000000000800322e       0x46 ./objects/gd32h7xx_dma.o
                0x000000000800322e                dma_channel_disable
 .text.dma_interrupt_disable
                0x0000000008003274       0xbc ./objects/gd32h7xx_dma.o
                0x0000000008003274                dma_interrupt_disable
 .text.dma_interrupt_flag_get
                0x0000000008003330      0x424 ./objects/gd32h7xx_dma.o
                0x0000000008003330                dma_interrupt_flag_get
 .text.dma_interrupt_flag_clear
                0x0000000008003754       0x84 ./objects/gd32h7xx_dma.o
                0x0000000008003754                dma_interrupt_flag_clear
 .text.exmc_sdram_init
                0x00000000080037d8      0x184 ./objects/gd32h7xx_exmc.o
                0x00000000080037d8                exmc_sdram_init
 .text.exmc_sdram_command_config
                0x000000000800395c       0x34 ./objects/gd32h7xx_exmc.o
                0x000000000800395c                exmc_sdram_command_config
 .text.exmc_sdram_refresh_count_set
                0x0000000008003990       0x38 ./objects/gd32h7xx_exmc.o
                0x0000000008003990                exmc_sdram_refresh_count_set
 .text.exmc_flag_get
                0x00000000080039c8       0x48 ./objects/gd32h7xx_exmc.o
                0x00000000080039c8                exmc_flag_get
 .text.exti_interrupt_flag_get
                0x0000000008003a10       0x40 ./objects/gd32h7xx_exti.o
                0x0000000008003a10                exti_interrupt_flag_get
 .text.exti_interrupt_flag_clear
                0x0000000008003a50       0x34 ./objects/gd32h7xx_exti.o
                0x0000000008003a50                exti_interrupt_flag_clear
 .text.gpio_mode_set
                0x0000000008003a84       0x9c ./objects/gd32h7xx_gpio.o
                0x0000000008003a84                gpio_mode_set
 .text.gpio_output_options_set
                0x0000000008003b20       0x9c ./objects/gd32h7xx_gpio.o
                0x0000000008003b20                gpio_output_options_set
 .text.gpio_bit_set
                0x0000000008003bbc       0x20 ./objects/gd32h7xx_gpio.o
                0x0000000008003bbc                gpio_bit_set
 .text.gpio_af_set
                0x0000000008003bdc       0xc4 ./objects/gd32h7xx_gpio.o
                0x0000000008003bdc                gpio_af_set
 .text.i2c_deinit
                0x0000000008003ca0       0x9c ./objects/gd32h7xx_i2c.o
                0x0000000008003ca0                i2c_deinit
 .text.i2c_timing_config
                0x0000000008003d3c       0x7c ./objects/gd32h7xx_i2c.o
                0x0000000008003d3c                i2c_timing_config
 .text.i2c_master_clock_config
                0x0000000008003db8       0x5a ./objects/gd32h7xx_i2c.o
                0x0000000008003db8                i2c_master_clock_config
 *fill*         0x0000000008003e12        0x2 
 .text.i2c_master_addressing
                0x0000000008003e14       0x64 ./objects/gd32h7xx_i2c.o
                0x0000000008003e14                i2c_master_addressing
 .text.i2c_automatic_end_enable
                0x0000000008003e78       0x24 ./objects/gd32h7xx_i2c.o
                0x0000000008003e78                i2c_automatic_end_enable
 .text.i2c_address_config
                0x0000000008003e9c       0x3e ./objects/gd32h7xx_i2c.o
                0x0000000008003e9c                i2c_address_config
 .text.i2c_enable
                0x0000000008003eda       0x20 ./objects/gd32h7xx_i2c.o
                0x0000000008003eda                i2c_enable
 .text.i2c_start_on_bus
                0x0000000008003efa       0x24 ./objects/gd32h7xx_i2c.o
                0x0000000008003efa                i2c_start_on_bus
 .text.i2c_data_transmit
                0x0000000008003f1e       0x22 ./objects/gd32h7xx_i2c.o
                0x0000000008003f1e                i2c_data_transmit
 .text.i2c_data_receive
                0x0000000008003f40       0x1c ./objects/gd32h7xx_i2c.o
                0x0000000008003f40                i2c_data_receive
 .text.i2c_transfer_byte_number_config
                0x0000000008003f5c       0x38 ./objects/gd32h7xx_i2c.o
                0x0000000008003f5c                i2c_transfer_byte_number_config
 .text.i2c_flag_get
                0x0000000008003f94       0x2a ./objects/gd32h7xx_i2c.o
                0x0000000008003f94                i2c_flag_get
 .text.i2c_flag_clear
                0x0000000008003fbe       0x28 ./objects/gd32h7xx_i2c.o
                0x0000000008003fbe                i2c_flag_clear
 .text.ipa_deinit
                0x0000000008003fe6       0x18 ./objects/gd32h7xx_ipa.o
                0x0000000008003fe6                ipa_deinit
 *fill*         0x0000000008003ffe        0x2 
 .text.ipa_transfer_enable
                0x0000000008004000       0x20 ./objects/gd32h7xx_ipa.o
                0x0000000008004000                ipa_transfer_enable
 .text.ipa_pixel_format_convert_mode_set
                0x0000000008004020       0x30 ./objects/gd32h7xx_ipa.o
                0x0000000008004020                ipa_pixel_format_convert_mode_set
 .text.ipa_destination_struct_para_init
                0x0000000008004050       0x78 ./objects/gd32h7xx_ipa.o
                0x0000000008004050                ipa_destination_struct_para_init
 .text.ipa_destination_init
                0x00000000080040c8      0x228 ./objects/gd32h7xx_ipa.o
                0x00000000080040c8                ipa_destination_init
 .text.ipa_interrupt_flag_get
                0x00000000080042f0       0x2c ./objects/gd32h7xx_ipa.o
                0x00000000080042f0                ipa_interrupt_flag_get
 .text.ipa_interrupt_flag_clear
                0x000000000800431c       0x24 ./objects/gd32h7xx_ipa.o
                0x000000000800431c                ipa_interrupt_flag_clear
 .text.nvic_priority_group_set
                0x0000000008004340       0x28 ./objects/gd32h7xx_misc.o
                0x0000000008004340                nvic_priority_group_set
 .text.nvic_irq_enable
                0x0000000008004368      0x100 ./objects/gd32h7xx_misc.o
                0x0000000008004368                nvic_irq_enable
 .text.nvic_vector_table_set
                0x0000000008004468       0x34 ./objects/gd32h7xx_misc.o
                0x0000000008004468                nvic_vector_table_set
 .text.rcu_periph_clock_enable
                0x000000000800449c       0x48 ./objects/gd32h7xx_rcu.o
                0x000000000800449c                rcu_periph_clock_enable
 .text.rcu_periph_reset_enable
                0x00000000080044e4       0x48 ./objects/gd32h7xx_rcu.o
                0x00000000080044e4                rcu_periph_reset_enable
 .text.rcu_periph_reset_disable
                0x000000000800452c       0x4c ./objects/gd32h7xx_rcu.o
                0x000000000800452c                rcu_periph_reset_disable
 .text.rcu_ckout0_config
                0x0000000008004578       0x38 ./objects/gd32h7xx_rcu.o
                0x0000000008004578                rcu_ckout0_config
 .text.rcu_pll_input_output_clock_range_config
                0x00000000080045b0       0x90 ./objects/gd32h7xx_rcu.o
                0x00000000080045b0                rcu_pll_input_output_clock_range_config
 .text.rcu_pll2_config
                0x0000000008004640       0xa0 ./objects/gd32h7xx_rcu.o
                0x0000000008004640                rcu_pll2_config
 .text.rcu_pll_clock_output_enable
                0x00000000080046e0       0x24 ./objects/gd32h7xx_rcu.o
                0x00000000080046e0                rcu_pll_clock_output_enable
 .text.rcu_irc64mdiv_freq_get
                0x0000000008004704       0x78 ./objects/gd32h7xx_rcu.o
                0x0000000008004704                rcu_irc64mdiv_freq_get
 .text.rcu_tli_clock_div_config
                0x000000000800477c       0x30 ./objects/gd32h7xx_rcu.o
                0x000000000800477c                rcu_tli_clock_div_config
 .text.rcu_i2c_clock_config
                0x00000000080047ac       0xac ./objects/gd32h7xx_rcu.o
                0x00000000080047ac                rcu_i2c_clock_config
 .text.rcu_osci_stab_wait
                0x0000000008004858      0x344 ./objects/gd32h7xx_rcu.o
                0x0000000008004858                rcu_osci_stab_wait
 .text.rcu_osci_on
                0x0000000008004b9c       0x48 ./objects/gd32h7xx_rcu.o
                0x0000000008004b9c                rcu_osci_on
 .text.rcu_pll_clock_freq_cal
                0x0000000008004be4       0x80 ./objects/gd32h7xx_rcu.o
 .text.rcu_clock_freq_get
                0x0000000008004c64      0xbc4 ./objects/gd32h7xx_rcu.o
                0x0000000008004c64                rcu_clock_freq_get
 .text.rcu_flag_get
                0x0000000008005828       0x40 ./objects/gd32h7xx_rcu.o
                0x0000000008005828                rcu_flag_get
 .text.timer_deinit
                0x0000000008005868      0x38c ./objects/gd32h7xx_timer.o
                0x0000000008005868                timer_deinit
 .text.timer_init
                0x0000000008005bf4      0x21c ./objects/gd32h7xx_timer.o
                0x0000000008005bf4                timer_init
 .text.timer_enable
                0x0000000008005e10       0x20 ./objects/gd32h7xx_timer.o
                0x0000000008005e10                timer_enable
 .text.timer_interrupt_enable
                0x0000000008005e30       0x28 ./objects/gd32h7xx_timer.o
                0x0000000008005e30                timer_interrupt_enable
 .text.timer_interrupt_flag_get
                0x0000000008005e58       0x68 ./objects/gd32h7xx_timer.o
                0x0000000008005e58                timer_interrupt_flag_get
 .text.timer_interrupt_flag_clear
                0x0000000008005ec0       0x28 ./objects/gd32h7xx_timer.o
                0x0000000008005ec0                timer_interrupt_flag_clear
 .text.tli_deinit
                0x0000000008005ee8       0x18 ./objects/gd32h7xx_tli.o
                0x0000000008005ee8                tli_deinit
 .text.tli_struct_para_init
                0x0000000008005f00       0x6e ./objects/gd32h7xx_tli.o
                0x0000000008005f00                tli_struct_para_init
 *fill*         0x0000000008005f6e        0x2 
 .text.tli_init
                0x0000000008005f70       0xf0 ./objects/gd32h7xx_tli.o
                0x0000000008005f70                tli_init
 .text.tli_dither_config
                0x0000000008006060       0x3c ./objects/gd32h7xx_tli.o
                0x0000000008006060                tli_dither_config
 .text.tli_enable
                0x000000000800609c       0x20 ./objects/gd32h7xx_tli.o
                0x000000000800609c                tli_enable
 .text.tli_reload_config
                0x00000000080060bc       0x3c ./objects/gd32h7xx_tli.o
                0x00000000080060bc                tli_reload_config
 .text.tli_layer_struct_para_init
                0x00000000080060f8       0x76 ./objects/gd32h7xx_tli.o
                0x00000000080060f8                tli_layer_struct_para_init
 *fill*         0x000000000800616e        0x2 
 .text.tli_layer_init
                0x0000000008006170      0x150 ./objects/gd32h7xx_tli.o
                0x0000000008006170                tli_layer_init
 .text.tli_layer_enable
                0x00000000080062c0       0x20 ./objects/gd32h7xx_tli.o
                0x00000000080062c0                tli_layer_enable
 .text.tli_layer_disable
                0x00000000080062e0       0x20 ./objects/gd32h7xx_tli.o
                0x00000000080062e0                tli_layer_disable
 .text.tli_color_key_disable
                0x0000000008006300       0x20 ./objects/gd32h7xx_tli.o
                0x0000000008006300                tli_color_key_disable
 .text.tli_lut_disable
                0x0000000008006320       0x20 ./objects/gd32h7xx_tli.o
                0x0000000008006320                tli_lut_disable
 .text.Reset_Handler
                0x0000000008006340       0x5c ./objects/startup_gd32h7xx.o
                0x0000000008006340                Reset_Handler
 .text.Default_Handler
                0x000000000800639c        0x2 ./objects/startup_gd32h7xx.o
                0x000000000800639c                RTC_Alarm_IRQHandler
                0x000000000800639c                SDIO1_IRQHandler
                0x000000000800639c                EXTI2_IRQHandler
                0x000000000800639c                TIMER2_IRQHandler
                0x000000000800639c                TIMER3_DEC_IRQHandler
                0x000000000800639c                SPI4_IRQHandler
                0x000000000800639c                CAN2_Busoff_IRQHandler
                0x000000000800639c                ENET0_WKUP_IRQHandler
                0x000000000800639c                TIMER1_DEC_IRQHandler
                0x000000000800639c                TIMER0_BRK_IRQHandler
                0x000000000800639c                CAN1_FastError_IRQHandler
                0x000000000800639c                TIMER31_IRQHandler
                0x000000000800639c                ADC0_1_IRQHandler
                0x000000000800639c                TIMER0_UP_IRQHandler
                0x000000000800639c                CAN2_Message_IRQHandler
                0x000000000800639c                HPDF_INT1_IRQHandler
                0x000000000800639c                TIMER15_IRQHandler
                0x000000000800639c                EXTI3_IRQHandler
                0x000000000800639c                TIMER51_IRQHandler
                0x000000000800639c                IPA_IRQHandler
                0x000000000800639c                USBHS0_IRQHandler
                0x000000000800639c                CAN2_TEC_IRQHandler
                0x000000000800639c                TIMER30_DEC_IRQHandler
                0x000000000800639c                CAN0_Message_IRQHandler
                0x000000000800639c                I2C3_ER_IRQHandler
                0x000000000800639c                CTC_IRQHandler
                0x000000000800639c                TIMER3_IRQHandler
                0x000000000800639c                MDMA_IRQHandler
                0x000000000800639c                DMA0_Channel6_IRQHandler
                0x000000000800639c                AVD_LVD_OVD_IRQHandler
                0x000000000800639c                CAN1_Error_IRQHandler
                0x000000000800639c                I2C0_EV_IRQHandler
                0x000000000800639c                I2C2_EV_IRQHandler
                0x000000000800639c                CAN1_WKUP_IRQHandler
                0x000000000800639c                CAU_IRQHandler
                0x000000000800639c                CAN0_TEC_IRQHandler
                0x000000000800639c                FPU_IRQHandler
                0x000000000800639c                TIMER50_IRQHandler
                0x000000000800639c                EFUSE_IRQHandler
                0x000000000800639c                TIMER40_IRQHandler
                0x000000000800639c                USBHS0_WKUP_IRQHandler
                0x000000000800639c                TIMER4_IRQHandler
                0x000000000800639c                CAN2_REC_IRQHandler
                0x000000000800639c                SPI1_IRQHandler
                0x000000000800639c                CAN0_REC_IRQHandler
                0x000000000800639c                DMA0_Channel0_IRQHandler
                0x000000000800639c                USART5_IRQHandler
                0x000000000800639c                CAN0_WKUP_IRQHandler
                0x000000000800639c                HPDF_INT3_IRQHandler
                0x000000000800639c                TIMER2_DEC_IRQHandler
                0x000000000800639c                DMA1_Channel0_IRQHandler
                0x000000000800639c                TIMER14_IRQHandler
                0x000000000800639c                TIMER6_IRQHandler
                0x000000000800639c                TIMER16_IRQHandler
                0x000000000800639c                DMA1_Channel4_IRQHandler
                0x000000000800639c                SAI2_IRQHandler
                0x000000000800639c                HPDF_INT2_IRQHandler
                0x000000000800639c                TIMER22_DEC_IRQHandler
                0x000000000800639c                DMA0_Channel3_IRQHandler
                0x000000000800639c                RTDEC1_IRQHandler
                0x000000000800639c                I2C0_ER_IRQHandler
                0x000000000800639c                TLI_IRQHandler
                0x000000000800639c                USBHS1_EP1_IN_IRQHandler
                0x000000000800639c                OSPI0_IRQHandler
                0x000000000800639c                TIMER31_DEC_IRQHandler
                0x000000000800639c                CAN1_REC_IRQHandler
                0x000000000800639c                ENET1_WKUP_IRQHandler
                0x000000000800639c                I2C3_WKUP_IRQHandler
                0x000000000800639c                CAN1_Busoff_IRQHandler
                0x000000000800639c                TIMER7_UP_IRQHandler
                0x000000000800639c                CAN0_Busoff_IRQHandler
                0x000000000800639c                TIMER23_IRQHandler
                0x000000000800639c                MDIO_IRQHandler
                0x000000000800639c                DMA0_Channel2_IRQHandler
                0x000000000800639c                SDIO0_IRQHandler
                0x000000000800639c                RSPDIF_IRQHandler
                0x000000000800639c                USART0_IRQHandler
                0x000000000800639c                USBHS1_IRQHandler
                0x000000000800639c                TIMER7_TRG_CMT_IRQHandler
                0x000000000800639c                TIMER0_TRG_CMT_IRQHandler
                0x000000000800639c                I2C1_EV_IRQHandler
                0x000000000800639c                TIMER0_DEC_IRQHandler
                0x000000000800639c                DMA1_Channel6_IRQHandler
                0x000000000800639c                UART4_IRQHandler
                0x000000000800639c                TIMER41_IRQHandler
                0x000000000800639c                DMA1_Channel1_IRQHandler
                0x000000000800639c                Default_Handler
                0x000000000800639c                SAI0_IRQHandler
                0x000000000800639c                CAN2_Error_IRQHandler
                0x000000000800639c                TIMER7_Channel_IRQHandler
                0x000000000800639c                CAN2_FastError_IRQHandler
                0x000000000800639c                DMA0_Channel7_IRQHandler
                0x000000000800639c                TIMER23_DEC_IRQHandler
                0x000000000800639c                I2C2_WKUP_IRQHandler
                0x000000000800639c                WWDGT_IRQHandler
                0x000000000800639c                EXMC_IRQHandler
                0x000000000800639c                TIMER7_DEC_IRQHandler
                0x000000000800639c                SPI5_IRQHandler
                0x000000000800639c                CAN1_Message_IRQHandler
                0x000000000800639c                I2C3_EV_IRQHandler
                0x000000000800639c                TIMER43_IRQHandler
                0x000000000800639c                RTC_WKUP_IRQHandler
                0x000000000800639c                OSPI1_IRQHandler
                0x000000000800639c                ADC2_IRQHandler
                0x000000000800639c                SPI2_IRQHandler
                0x000000000800639c                LPDTS_WKUP_IRQHandler
                0x000000000800639c                FAC_IRQHandler
                0x000000000800639c                TIMER4_DEC_IRQHandler
                0x000000000800639c                TIMER44_IRQHandler
                0x000000000800639c                HAU_TRNG_IRQHandler
                0x000000000800639c                TIMER7_BRK_IRQHandler
                0x000000000800639c                DMA1_Channel5_IRQHandler
                0x000000000800639c                USBHS0_EP1_IN_IRQHandler
                0x000000000800639c                EXTI4_IRQHandler
                0x000000000800639c                TAMPER_STAMP_LXTAL_IRQHandler
                0x000000000800639c                USBHS0_EP1_OUT_IRQHandler
                0x000000000800639c                DMA0_Channel5_IRQHandler
                0x000000000800639c                TIMER30_IRQHandler
                0x000000000800639c                DMA1_Channel3_IRQHandler
                0x000000000800639c                ENET1_IRQHandler
                0x000000000800639c                ENET0_IRQHandler
                0x000000000800639c                HPDF_INT0_IRQHandler
                0x000000000800639c                RAMECCMU_IRQHandler
                0x000000000800639c                USBHS1_WKUP_IRQHandler
                0x000000000800639c                CAN0_Error_IRQHandler
                0x000000000800639c                HWSEM_IRQHandler
                0x000000000800639c                TMU_IRQHandler
                0x000000000800639c                RCU_IRQHandler
                0x000000000800639c                DMA0_Channel1_IRQHandler
                0x000000000800639c                TIMER0_Channel_IRQHandler
                0x000000000800639c                EXTI1_IRQHandler
                0x000000000800639c                TIMER5_DAC_UDR_IRQHandler
                0x000000000800639c                CAN0_FastError_IRQHandler
                0x000000000800639c                SPI0_IRQHandler
                0x000000000800639c                UART7_IRQHandler
                0x000000000800639c                USART2_IRQHandler
                0x000000000800639c                CMP0_1_IRQHandler
                0x000000000800639c                UART6_IRQHandler
                0x000000000800639c                I2C1_WKUP_IRQHandler
                0x000000000800639c                I2C2_ER_IRQHandler
                0x000000000800639c                DMA1_Channel2_IRQHandler
                0x000000000800639c                LPDTS_IRQHandler
                0x000000000800639c                TLI_ER_IRQHandler
                0x000000000800639c                USART1_IRQHandler
                0x000000000800639c                USBHS1_EP1_OUT_IRQHandler
                0x000000000800639c                SPI3_IRQHandler
                0x000000000800639c                CAN1_TEC_IRQHandler
                0x000000000800639c                UART3_IRQHandler
                0x000000000800639c                I2C1_ER_IRQHandler
                0x000000000800639c                FMC_IRQHandler
                0x000000000800639c                TIMER22_IRQHandler
                0x000000000800639c                CAN2_WKUP_IRQHandler
                0x000000000800639c                I2C0_WKUP_IRQHandler
                0x000000000800639c                DMA0_Channel4_IRQHandler
                0x000000000800639c                DMAMUX_OVR_IRQHandler
                0x000000000800639c                SAI1_IRQHandler
                0x000000000800639c                TIMER42_IRQHandler
                0x000000000800639c                RTDEC0_IRQHandler
 *fill*         0x000000000800639e        0x2 
 .text.AI_Init  0x00000000080063a0       0xe0 ./objects/ai_model.o
                0x00000000080063a0                AI_Init
 .text.run_ai1_patch
                0x0000000008006480      0x2c4 ./objects/ai_model.o
                0x0000000008006480                run_ai1_patch
 .text.AI_Run   0x0000000008006744      0x100 ./objects/ai_model.o
                0x0000000008006744                AI_Run
 .text.ai_network_1_get_error
                0x0000000008006844        0x4 ./objects/network_1.o
                0x0000000008006844                ai_network_1_get_error
 .text.ai_network_1_inputs_get
                0x0000000008006848       0x1c ./objects/network_1.o
                0x0000000008006848                ai_network_1_inputs_get
 .text.ai_network_1_outputs_get
                0x0000000008006864       0x1c ./objects/network_1.o
                0x0000000008006864                ai_network_1_outputs_get
 .text.ai_network_1_init
                0x0000000008006880      0x5c0 ./objects/network_1.o
                0x0000000008006880                ai_network_1_init
 .text.ai_network_1_create_and_init
                0x0000000008006e40       0xb0 ./objects/network_1.o
                0x0000000008006e40                ai_network_1_create_and_init
 .text.ai_network_1_run
                0x0000000008006ef0        0x4 ./objects/network_1.o
                0x0000000008006ef0                ai_network_1_run
 .text.ai_network_1_data_params_get
                0x0000000008006ef4       0x34 ./objects/network_1_data.o
                0x0000000008006ef4                ai_network_1_data_params_get
 .text.ai_network_2_get_error
                0x0000000008006f28        0x4 ./objects/network_2.o
                0x0000000008006f28                ai_network_2_get_error
 .text.ai_network_2_inputs_get
                0x0000000008006f2c       0x1c ./objects/network_2.o
                0x0000000008006f2c                ai_network_2_inputs_get
 .text.ai_network_2_outputs_get
                0x0000000008006f48       0x1c ./objects/network_2.o
                0x0000000008006f48                ai_network_2_outputs_get
 .text.ai_network_2_init
                0x0000000008006f64      0x97c ./objects/network_2.o
                0x0000000008006f64                ai_network_2_init
 .text.ai_network_2_create_and_init
                0x00000000080078e0       0xb0 ./objects/network_2.o
                0x00000000080078e0                ai_network_2_create_and_init
 .text.ai_network_2_run
                0x0000000008007990        0x4 ./objects/network_2.o
                0x0000000008007990                ai_network_2_run
 .text.ai_network_2_data_params_get
                0x0000000008007994       0x34 ./objects/network_2_data.o
                0x0000000008007994                ai_network_2_data_params_get
 .text.ai_buffer_get_size
                0x00000000080079c8       0x68 ../Edge_AI/ST_Lib/Lib\libNetworkRuntime801_CM4_GCC.a(ai_platform.o)
                0x00000000080079c8                ai_buffer_get_size
 .text.ai_buffer_array_sane
                0x0000000008007a30       0x14 ../Edge_AI/ST_Lib/Lib\libNetworkRuntime801_CM4_GCC.a(ai_platform.o)
                0x0000000008007a30                ai_buffer_array_sane
 .text.ai_buffer_array_item_set_address
                0x0000000008007a44       0x20 ../Edge_AI/ST_Lib/Lib\libNetworkRuntime801_CM4_GCC.a(ai_platform.o)
                0x0000000008007a44                ai_buffer_array_item_set_address
 .text._ai_platform_acquire_crc
                0x0000000008007a64        0x4 ../Edge_AI/ST_Lib/Lib\libNetworkRuntime801_CM4_GCC.a(ai_platform_interface.o)
                0x0000000008007a64                _ai_platform_acquire_crc
 .text._ai_platform_release_crc
                0x0000000008007a68        0x4 ../Edge_AI/ST_Lib/Lib\libNetworkRuntime801_CM4_GCC.a(ai_platform_interface.o)
                0x0000000008007a68                _ai_platform_release_crc
 .text.ai_platform_get_weights_map
                0x0000000008007a6c       0xa8 ../Edge_AI/ST_Lib/Lib\libNetworkRuntime801_CM4_GCC.a(ai_platform_interface.o)
                0x0000000008007a6c                ai_platform_get_weights_map
 .text.ai_platform_get_activations_map
                0x0000000008007b14       0xa8 ../Edge_AI/ST_Lib/Lib\libNetworkRuntime801_CM4_GCC.a(ai_platform_interface.o)
                0x0000000008007b14                ai_platform_get_activations_map
 .text.ai_platform_bind_network_params
                0x0000000008007bbc       0x44 ../Edge_AI/ST_Lib/Lib\libNetworkRuntime801_CM4_GCC.a(ai_platform_interface.o)
                0x0000000008007bbc                ai_platform_bind_network_params
 .text.ai_platform_network_get_error
                0x0000000008007c00       0xdc ../Edge_AI/ST_Lib/Lib\libNetworkRuntime801_CM4_GCC.a(ai_platform_interface.o)
                0x0000000008007c00                ai_platform_network_get_error
 .text.ai_platform_network_set_error
                0x0000000008007cdc        0xc ../Edge_AI/ST_Lib/Lib\libNetworkRuntime801_CM4_GCC.a(ai_platform_interface.o)
                0x0000000008007cdc                ai_platform_network_set_error
 .text.ai_platform_inputs_get
                0x0000000008007ce8      0x1ac ../Edge_AI/ST_Lib/Lib\libNetworkRuntime801_CM4_GCC.a(ai_platform_interface.o)
                0x0000000008007ce8                ai_platform_inputs_get
 .text.ai_platform_outputs_get
                0x0000000008007e94      0x1a0 ../Edge_AI/ST_Lib/Lib\libNetworkRuntime801_CM4_GCC.a(ai_platform_interface.o)
                0x0000000008007e94                ai_platform_outputs_get
 .text.ai_platform_network_create
                0x0000000008008034      0x1ac ../Edge_AI/ST_Lib/Lib\libNetworkRuntime801_CM4_GCC.a(ai_platform_interface.o)
                0x0000000008008034                ai_platform_network_create
 .text.ai_platform_network_init
                0x00000000080081e0      0x1dc ../Edge_AI/ST_Lib/Lib\libNetworkRuntime801_CM4_GCC.a(ai_platform_interface.o)
                0x00000000080081e0                ai_platform_network_init
 .text.ai_platform_network_post_init
                0x00000000080083bc      0x110 ../Edge_AI/ST_Lib/Lib\libNetworkRuntime801_CM4_GCC.a(ai_platform_interface.o)
                0x00000000080083bc                ai_platform_network_post_init
 .text.ai_platform_network_process
                0x00000000080084cc      0x50c ../Edge_AI/ST_Lib/Lib\libNetworkRuntime801_CM4_GCC.a(ai_platform_interface.o)
                0x00000000080084cc                ai_platform_network_process
 .text.node_convert
                0x00000000080089d8      0x29c ../Edge_AI/ST_Lib/Lib\libNetworkRuntime801_CM4_GCC.a(core_convert.o)
                0x00000000080089d8                node_convert
 .text.core_init
                0x0000000008008c74        0x4 ../Edge_AI/ST_Lib/Lib\libNetworkRuntime801_CM4_GCC.a(core_common.o)
                0x0000000008008c74                core_init
 .text.core_get_error
                0x0000000008008c78        0xc ../Edge_AI/ST_Lib/Lib\libNetworkRuntime801_CM4_GCC.a(core_common.o)
                0x0000000008008c78                core_get_error
 .text.core_set_error
                0x0000000008008c84       0x18 ../Edge_AI/ST_Lib/Lib\libNetworkRuntime801_CM4_GCC.a(core_common.o)
                0x0000000008008c84                core_set_error
 .text.forward_dense_integer_SSSA
                0x0000000008008c9c      0x2f4 ../Edge_AI/ST_Lib/Lib\libNetworkRuntime801_CM4_GCC.a(layers_conv2d_stm32_integer.o)
                0x0000000008008c9c                forward_dense_integer_SSSA
 .text.forward_pad
                0x0000000008008f90      0x3f8 ../Edge_AI/ST_Lib/Lib\libNetworkRuntime801_CM4_GCC.a(layers_generic_float.o)
                0x0000000008008f90                forward_pad
 .text.forward_concat
                0x0000000008009388      0x570 ../Edge_AI/ST_Lib/Lib\libNetworkRuntime801_CM4_GCC.a(layers_generic_float.o)
                0x0000000008009388                forward_concat
 .text.forward_transpose
                0x00000000080098f8      0x15c ../Edge_AI/ST_Lib/Lib\libNetworkRuntime801_CM4_GCC.a(layers_generic_float.o)
                0x00000000080098f8                forward_transpose
 .text.nl_func_array_integer
                0x0000000008009a54       0x54 ../Edge_AI/ST_Lib/Lib\libNetworkRuntime801_CM4_GCC.a(layers_nl_stm32_integer.o)
                0x0000000008009a54                nl_func_array_integer
 .text.forward_nl_integer
                0x0000000008009aa8       0xb0 ../Edge_AI/ST_Lib/Lib\libNetworkRuntime801_CM4_GCC.a(layers_nl_stm32_integer.o)
                0x0000000008009aa8                forward_nl_integer
 .text.forward_eltwise_integer_INT8
                0x0000000008009b58      0x3c4 ../Edge_AI/ST_Lib/Lib\libNetworkRuntime801_CM4_GCC.a(layers_stm32_integer.o)
                0x0000000008009b58                forward_eltwise_integer_INT8
 .text.func_dummy
                0x0000000008009f1c        0x4 ../Edge_AI/ST_Lib/Lib\libNetworkRuntime801_CM4_GCC.a(layers_dw_sssa8_ch.o)
 .text.forward_dw_sssa8_ch
                0x0000000008009f20      0x260 ../Edge_AI/ST_Lib/Lib\libNetworkRuntime801_CM4_GCC.a(layers_dw_sssa8_ch.o)
                0x0000000008009f20                forward_dw_sssa8_ch
 .text.forward_dw_3x3_sssa8_ch
                0x000000000800a180      0x214 ../Edge_AI/ST_Lib/Lib\libNetworkRuntime801_CM4_GCC.a(layers_dw_sssa8_ch.o)
                0x000000000800a180                forward_dw_3x3_sssa8_ch
 .text.func_dummy
                0x000000000800a394        0x4 ../Edge_AI/ST_Lib/Lib\libNetworkRuntime801_CM4_GCC.a(layers_pw_sssa8_ch.o)
 .text.forward_pw_sssa8_ch
                0x000000000800a398      0x264 ../Edge_AI/ST_Lib/Lib\libNetworkRuntime801_CM4_GCC.a(layers_pw_sssa8_ch.o)
                0x000000000800a398                forward_pw_sssa8_ch
 .text.ai_check_custom_types
                0x000000000800a5fc       0x54 ../Edge_AI/ST_Lib/Lib\libNetworkRuntime801_CM4_GCC.a(layers.o)
                0x000000000800a5fc                ai_check_custom_types
 .text.ai_layers_init_all
                0x000000000800a650       0x1c ../Edge_AI/ST_Lib/Lib\libNetworkRuntime801_CM4_GCC.a(layers.o)
                0x000000000800a650                ai_layers_init_all
 .text.ai_layers_post_init_all
                0x000000000800a66c       0x28 ../Edge_AI/ST_Lib/Lib\libNetworkRuntime801_CM4_GCC.a(layers.o)
                0x000000000800a66c                ai_layers_post_init_all
 .text.ai_layers_forward_all
                0x000000000800a694       0x94 ../Edge_AI/ST_Lib/Lib\libNetworkRuntime801_CM4_GCC.a(layers.o)
                0x000000000800a694                ai_layers_forward_all
 .text.func_dummy
                0x000000000800a728        0x4 ../Edge_AI/ST_Lib/Lib\libNetworkRuntime801_CM4_GCC.a(layers_conv2d_rgb_sssa8_ch.o)
 .text.forward_conv2d_rgb_sssa8_ch
                0x000000000800a72c      0x224 ../Edge_AI/ST_Lib/Lib\libNetworkRuntime801_CM4_GCC.a(layers_conv2d_rgb_sssa8_ch.o)
                0x000000000800a72c                forward_conv2d_rgb_sssa8_ch
 .text.forward_ap_integer_INT8
                0x000000000800a950      0x1e4 ../Edge_AI/ST_Lib/Lib\libNetworkRuntime801_CM4_GCC.a(layers_pool_stm32_integer.o)
                0x000000000800a950                forward_ap_integer_INT8
 .text.forward_lite_pw_sssa8_ch
                0x000000000800ab34      0x140 ../Edge_AI/ST_Lib/Lib\libNetworkRuntime801_CM4_GCC.a(forward_lite_pw_sssa8_ch.o)
                0x000000000800ab34                forward_lite_pw_sssa8_ch
 .text.forward_lite_conv2d_rgb_sssa8_ch
                0x000000000800ac74      0x520 ../Edge_AI/ST_Lib/Lib\libNetworkRuntime801_CM4_GCC.a(forward_lite_conv2d_sssa8_ch.o)
                0x000000000800ac74                forward_lite_conv2d_rgb_sssa8_ch
 .text.st_dw_sssa8_ch_Wadapt
                0x000000000800b194      0x160 ../Edge_AI/ST_Lib/Lib\libNetworkRuntime801_CM4_GCC.a(forward_lite_dw_sssa8_ch.o)
                0x000000000800b194                st_dw_sssa8_ch_Wadapt
 .text.forward_lite_dw_3x3_sssa8_ch
                0x000000000800b2f4      0xb8c ../Edge_AI/ST_Lib/Lib\libNetworkRuntime801_CM4_GCC.a(forward_lite_dw_sssa8_ch.o)
                0x000000000800b2f4                forward_lite_dw_3x3_sssa8_ch
 .text.forward_lite_dw_sssa8_ch
                0x000000000800be80      0x8d4 ../Edge_AI/ST_Lib/Lib\libNetworkRuntime801_CM4_GCC.a(forward_lite_dw_sssa8_ch.o)
                0x000000000800be80                forward_lite_dw_sssa8_ch
 .text.ai_min_buffer_INT8
                0x000000000800c754      0x2a4 ../Edge_AI/ST_Lib/Lib\libNetworkRuntime801_CM4_GCC.a(ai_math_helpers.o)
                0x000000000800c754                ai_min_buffer_INT8
 .text.ai_mul_buffer_INT8
                0x000000000800c9f8      0x980 ../Edge_AI/ST_Lib/Lib\libNetworkRuntime801_CM4_GCC.a(ai_math_helpers.o)
                0x000000000800c9f8                ai_mul_buffer_INT8
 .text.ai_sum_f32
                0x000000000800d378       0x14 ../Edge_AI/ST_Lib/Lib\libNetworkRuntime801_CM4_GCC.a(ai_math_helpers.o)
                0x000000000800d378                ai_sum_f32
 .text.ai_mul_f32
                0x000000000800d38c       0x14 ../Edge_AI/ST_Lib/Lib\libNetworkRuntime801_CM4_GCC.a(ai_math_helpers.o)
                0x000000000800d38c                ai_mul_f32
 .text.ai_min_f32
                0x000000000800d3a0       0x1c ../Edge_AI/ST_Lib/Lib\libNetworkRuntime801_CM4_GCC.a(ai_math_helpers.o)
                0x000000000800d3a0                ai_min_f32
 .text.ai_sum_buffer_INT8
                0x000000000800d3bc      0x780 ../Edge_AI/ST_Lib/Lib\libNetworkRuntime801_CM4_GCC.a(ai_math_helpers.o)
                0x000000000800d3bc                ai_sum_buffer_INT8
 .text.align_factor
                0x000000000800db3c       0xa8 ../Edge_AI/ST_Lib/Lib\libNetworkRuntime801_CM4_GCC.a(st_convolve_reference.o)
                0x000000000800db3c                align_factor
 .text.align_factor_ch
                0x000000000800dbe4       0xcc ../Edge_AI/ST_Lib/Lib\libNetworkRuntime801_CM4_GCC.a(st_convolve_reference.o)
                0x000000000800dbe4                align_factor_ch
 .text.st_sssa8_ch_convolve_rank1upd
                0x000000000800dcb0      0x11c ../Edge_AI/ST_Lib/Lib\libNetworkRuntime801_CM4_GCC.a(st_sssa8_ch_convolve.o)
                0x000000000800dcb0                st_sssa8_ch_convolve_rank1upd
 .text.st_sssa8_fully_connected
                0x000000000800ddcc      0x5f4 ../Edge_AI/ST_Lib/Lib\libNetworkRuntime801_CM4_GCC.a(st_sssa8_dense.o)
                0x000000000800ddcc                st_sssa8_fully_connected
 .text.ai_padding_opt_init
                0x000000000800e3c0       0xb0 ../Edge_AI/ST_Lib/Lib\libNetworkRuntime801_CM4_GCC.a(st_padding_opt.o)
                0x000000000800e3c0                ai_padding_opt_init
 .text.ai_padding_opt_phase1
                0x000000000800e470       0x34 ../Edge_AI/ST_Lib/Lib\libNetworkRuntime801_CM4_GCC.a(st_padding_opt.o)
                0x000000000800e470                ai_padding_opt_phase1
 .text.st_int8_to16_dual
                0x000000000800e4a4      0x1d4 ../Edge_AI/ST_Lib/Lib\libNetworkRuntime801_CM4_GCC.a(st_int8_to16_no_shift.o)
                0x000000000800e4a4                st_int8_to16_dual
 .text.weights_2channels_prefetch
                0x000000000800e678      0x1d4 ../Edge_AI/ST_Lib/Lib\libNetworkRuntime801_CM4_GCC.a(st_sssa8_ch_nn_mat_mult_nt_t.o)
                0x000000000800e678                weights_2channels_prefetch
 .text.st_sssa8_ch_fullW_prefetch
                0x000000000800e84c       0x80 ../Edge_AI/ST_Lib/Lib\libNetworkRuntime801_CM4_GCC.a(st_sssa8_ch_nn_mat_mult_nt_t.o)
                0x000000000800e84c                st_sssa8_ch_fullW_prefetch
 .text.st_sssa8_ch_nn_mat_mult_nt_t
                0x000000000800e8cc      0xbd4 ../Edge_AI/ST_Lib/Lib\libNetworkRuntime801_CM4_GCC.a(st_sssa8_ch_nn_mat_mult_nt_t.o)
                0x000000000800e8cc                st_sssa8_ch_nn_mat_mult_nt_t
 .text.st_int8_fill
                0x000000000800f4a0       0xc4 ../Edge_AI/ST_Lib/Lib\libNetworkRuntime801_CM4_GCC.a(st_int8_fill.o)
                0x000000000800f4a0                st_int8_fill
 .text.st_int8_copy
                0x000000000800f564       0xf0 ../Edge_AI/ST_Lib/Lib\libNetworkRuntime801_CM4_GCC.a(st_int8_fill.o)
                0x000000000800f564                st_int8_copy
 .text.st_int8_reordered_no_shift_zero
                0x000000000800f654       0x6c ../Edge_AI/ST_Lib/Lib\libNetworkRuntime801_CM4_GCC.a(st_int8_reordered_no_shift.o)
                0x000000000800f654                st_int8_reordered_no_shift_zero
 .text.st_sssa8_ch_nn_mat_mult_kernel_opt
                0x000000000800f6c0      0x63c ../Edge_AI/ST_Lib/Lib\libNetworkRuntime801_CM4_GCC.a(st_sssa8_ch_nn_mat_mult_kernel_opt.o)
                0x000000000800f6c0                st_sssa8_ch_nn_mat_mult_kernel_opt
 .text.st_sssa8_ch_nn_mat_mult_kernel_single_opt
                0x000000000800fcfc      0x418 ../Edge_AI/ST_Lib/Lib\libNetworkRuntime801_CM4_GCC.a(st_sssa8_ch_nn_mat_mult_kernel_opt.o)
                0x000000000800fcfc                st_sssa8_ch_nn_mat_mult_kernel_single_opt
 .text.st_int8_avepool
                0x0000000008010114      0x3fc ../Edge_AI/ST_Lib/Lib\libNetworkRuntime801_CM4_GCC.a(st_int8_pool.o)
                0x0000000008010114                st_int8_avepool
 .text.arm_float_to_q15
                0x0000000008010510      0x18c ../Edge_AI/ST_Lib/Lib\libNetworkRuntime801_CM4_GCC.a(arm_float_to_q15.o)
                0x0000000008010510                arm_float_to_q15
 .text.arm_float_to_q7
                0x000000000801069c      0x1bc ../Edge_AI/ST_Lib/Lib\libNetworkRuntime801_CM4_GCC.a(arm_float_to_q7.o)
                0x000000000801069c                arm_float_to_q7
 .text.arm_q15_to_float
                0x0000000008010858       0xcc ../Edge_AI/ST_Lib/Lib\libNetworkRuntime801_CM4_GCC.a(arm_q15_to_float.o)
                0x0000000008010858                arm_q15_to_float
 .text.arm_q7_to_float
                0x0000000008010924       0xcc ../Edge_AI/ST_Lib/Lib\libNetworkRuntime801_CM4_GCC.a(arm_q7_to_float.o)
                0x0000000008010924                arm_q7_to_float
 .text.ai_version_get
                0x00000000080109f0        0xc ../Edge_AI/ST_Lib/Lib\libNetworkRuntime801_CM4_GCC.a(ai_datatypes_internal.o)
                0x00000000080109f0                ai_version_get
 .text.get_tensor_byte_size
                0x00000000080109fc       0x30 ../Edge_AI/ST_Lib/Lib\libNetworkRuntime801_CM4_GCC.a(ai_datatypes_internal.o)
                0x00000000080109fc                get_tensor_byte_size
 .text.ai_array_to_buffer_fmt
                0x0000000008010a2c       0xd8 ../Edge_AI/ST_Lib/Lib\libNetworkRuntime801_CM4_GCC.a(ai_datatypes_format.o)
                0x0000000008010a2c                ai_array_to_buffer_fmt
 .text.ai_array_get_byte_size
                0x0000000008010b04       0x50 ../Edge_AI/ST_Lib/Lib\libNetworkRuntime801_CM4_GCC.a(ai_datatypes_format.o)
                0x0000000008010b04                ai_array_get_byte_size
 .text.ai_array_get_data_byte_size
                0x0000000008010b54       0x24 ../Edge_AI/ST_Lib/Lib\libNetworkRuntime801_CM4_GCC.a(ai_datatypes_format.o)
                0x0000000008010b54                ai_array_get_data_byte_size
 .text.core_get_broadcasted_shape
                0x0000000008010b78       0x58 ../Edge_AI/ST_Lib/Lib\libNetworkRuntime801_CM4_GCC.a(core_utils.o)
                0x0000000008010b78                core_get_broadcasted_shape
 .text.core_compute_offsets_in_bytes
                0x0000000008010bd0      0x168 ../Edge_AI/ST_Lib/Lib\libNetworkRuntime801_CM4_GCC.a(core_utils.o)
                0x0000000008010bd0                core_compute_offsets_in_bytes
 .text.checkint
                0x0000000008010d38       0x2e d:/keil5/keil5/arm/gcc/bin/../lib/gcc/arm-none-eabi/10.3.1/../../../../arm-none-eabi/lib/thumb/v7e-m+dp/hard\libm.a(lib_a-sf_pow.o)
 *fill*         0x0000000008010d66        0x2 
 .text.powf     0x0000000008010d68      0x2c0 d:/keil5/keil5/arm/gcc/bin/../lib/gcc/arm-none-eabi/10.3.1/../../../../arm-none-eabi/lib/thumb/v7e-m+dp/hard\libm.a(lib_a-sf_pow.o)
                0x0000000008010d68                powf
 .text.with_errnof
                0x0000000008011028       0x16 d:/keil5/keil5/arm/gcc/bin/../lib/gcc/arm-none-eabi/10.3.1/../../../../arm-none-eabi/lib/thumb/v7e-m+dp/hard\libm.a(lib_a-math_errf.o)
 .text.xflowf   0x000000000801103e       0x16 d:/keil5/keil5/arm/gcc/bin/../lib/gcc/arm-none-eabi/10.3.1/../../../../arm-none-eabi/lib/thumb/v7e-m+dp/hard\libm.a(lib_a-math_errf.o)
 .text.__math_uflowf
                0x0000000008011054        0xc d:/keil5/keil5/arm/gcc/bin/../lib/gcc/arm-none-eabi/10.3.1/../../../../arm-none-eabi/lib/thumb/v7e-m+dp/hard\libm.a(lib_a-math_errf.o)
                0x0000000008011054                __math_uflowf
 .text.__math_may_uflowf
                0x0000000008011060        0xc d:/keil5/keil5/arm/gcc/bin/../lib/gcc/arm-none-eabi/10.3.1/../../../../arm-none-eabi/lib/thumb/v7e-m+dp/hard\libm.a(lib_a-math_errf.o)
                0x0000000008011060                __math_may_uflowf
 .text.__math_oflowf
                0x000000000801106c        0xc d:/keil5/keil5/arm/gcc/bin/../lib/gcc/arm-none-eabi/10.3.1/../../../../arm-none-eabi/lib/thumb/v7e-m+dp/hard\libm.a(lib_a-math_errf.o)
                0x000000000801106c                __math_oflowf
 .text.__math_divzerof
                0x0000000008011078       0x20 d:/keil5/keil5/arm/gcc/bin/../lib/gcc/arm-none-eabi/10.3.1/../../../../arm-none-eabi/lib/thumb/v7e-m+dp/hard\libm.a(lib_a-math_errf.o)
                0x0000000008011078                __math_divzerof
 .text.__math_invalidf
                0x0000000008011098       0x1e d:/keil5/keil5/arm/gcc/bin/../lib/gcc/arm-none-eabi/10.3.1/../../../../arm-none-eabi/lib/thumb/v7e-m+dp/hard\libm.a(lib_a-math_errf.o)
                0x0000000008011098                __math_invalidf
 *fill*         0x00000000080110b6        0x2 
 .text.__errno  0x00000000080110b8        0xc d:/keil5/keil5/arm/gcc/bin/../lib/gcc/arm-none-eabi/10.3.1/../../../../arm-none-eabi/lib/thumb/v7e-m+dp/hard\libc.a(lib_a-errno.o)
                0x00000000080110b8                __errno
 .text.__libc_init_array
                0x00000000080110c4       0x48 d:/keil5/keil5/arm/gcc/bin/../lib/gcc/arm-none-eabi/10.3.1/../../../../arm-none-eabi/lib/thumb/v7e-m+dp/hard\libc.a(lib_a-init.o)
                0x00000000080110c4                __libc_init_array
 .text._malloc_r
                0x000000000801110c      0x478 d:/keil5/keil5/arm/gcc/bin/../lib/gcc/arm-none-eabi/10.3.1/../../../../arm-none-eabi/lib/thumb/v7e-m+dp/hard\libc.a(lib_a-mallocr.o)
                0x000000000801110c                _malloc_r
 .text.memcpy   0x0000000008011584       0x1c d:/keil5/keil5/arm/gcc/bin/../lib/gcc/arm-none-eabi/10.3.1/../../../../arm-none-eabi/lib/thumb/v7e-m+dp/hard\libc.a(lib_a-memcpy-stub.o)
                0x0000000008011584                memcpy
 .text.memmove  0x00000000080115a0       0x34 d:/keil5/keil5/arm/gcc/bin/../lib/gcc/arm-none-eabi/10.3.1/../../../../arm-none-eabi/lib/thumb/v7e-m+dp/hard\libc.a(lib_a-memmove.o)
                0x00000000080115a0                memmove
 .text.memset   0x00000000080115d4       0x10 d:/keil5/keil5/arm/gcc/bin/../lib/gcc/arm-none-eabi/10.3.1/../../../../arm-none-eabi/lib/thumb/v7e-m+dp/hard\libc.a(lib_a-memset.o)
                0x00000000080115d4                memset
 .text.__malloc_lock
                0x00000000080115e4        0xc d:/keil5/keil5/arm/gcc/bin/../lib/gcc/arm-none-eabi/10.3.1/../../../../arm-none-eabi/lib/thumb/v7e-m+dp/hard\libc.a(lib_a-mlock.o)
                0x00000000080115e4                __malloc_lock
 .text.__malloc_unlock
                0x00000000080115f0        0xc d:/keil5/keil5/arm/gcc/bin/../lib/gcc/arm-none-eabi/10.3.1/../../../../arm-none-eabi/lib/thumb/v7e-m+dp/hard\libc.a(lib_a-mlock.o)
                0x00000000080115f0                __malloc_unlock
 .text.printf   0x00000000080115fc       0x24 d:/keil5/keil5/arm/gcc/bin/../lib/gcc/arm-none-eabi/10.3.1/../../../../arm-none-eabi/lib/thumb/v7e-m+dp/hard\libc.a(lib_a-printf.o)
                0x00000000080115fc                printf
 .text._realloc_r
                0x0000000008011620      0x348 d:/keil5/keil5/arm/gcc/bin/../lib/gcc/arm-none-eabi/10.3.1/../../../../arm-none-eabi/lib/thumb/v7e-m+dp/hard\libc.a(lib_a-reallocr.o)
                0x0000000008011620                _realloc_r
 .text._sbrk_r  0x0000000008011968       0x20 d:/keil5/keil5/arm/gcc/bin/../lib/gcc/arm-none-eabi/10.3.1/../../../../arm-none-eabi/lib/thumb/v7e-m+dp/hard\libc.a(lib_a-sbrkr.o)
                0x0000000008011968                _sbrk_r
 .text.sprintf  0x0000000008011988       0x40 d:/keil5/keil5/arm/gcc/bin/../lib/gcc/arm-none-eabi/10.3.1/../../../../arm-none-eabi/lib/thumb/v7e-m+dp/hard\libc.a(lib_a-sprintf.o)
                0x0000000008011988                sprintf
 .text._svfprintf_r
                0x00000000080119c8     0x139c d:/keil5/keil5/arm/gcc/bin/../lib/gcc/arm-none-eabi/10.3.1/../../../../arm-none-eabi/lib/thumb/v7e-m+dp/hard\libc.a(lib_a-svfprintf.o)
                0x00000000080119c8                _svfprintf_r
 .text.sysconf  0x0000000008012d64       0x1a d:/keil5/keil5/arm/gcc/bin/../lib/gcc/arm-none-eabi/10.3.1/../../../../arm-none-eabi/lib/thumb/v7e-m+dp/hard\libc.a(lib_a-sysconf.o)
                0x0000000008012d64                sysconf
 *fill*         0x0000000008012d7e        0x2 
 .text._vfprintf_r
                0x0000000008012d80     0x1448 d:/keil5/keil5/arm/gcc/bin/../lib/gcc/arm-none-eabi/10.3.1/../../../../arm-none-eabi/lib/thumb/v7e-m+dp/hard\libc.a(lib_a-vfprintf.o)
                0x0000000008012d80                _vfprintf_r
 .text.__sbprintf
                0x00000000080141c8       0x80 d:/keil5/keil5/arm/gcc/bin/../lib/gcc/arm-none-eabi/10.3.1/../../../../arm-none-eabi/lib/thumb/v7e-m+dp/hard\libc.a(lib_a-vfprintf.o)
 .text.__swsetup_r
                0x0000000008014248       0xb0 d:/keil5/keil5/arm/gcc/bin/../lib/gcc/arm-none-eabi/10.3.1/../../../../arm-none-eabi/lib/thumb/v7e-m+dp/hard\libc.a(lib_a-wsetup.o)
                0x0000000008014248                __swsetup_r
 .text.startup.register_fini
                0x00000000080142f8       0x14 d:/keil5/keil5/arm/gcc/bin/../lib/gcc/arm-none-eabi/10.3.1/../../../../arm-none-eabi/lib/thumb/v7e-m+dp/hard\libc.a(lib_a-__call_atexit.o)
 .text.atexit   0x000000000801430c        0xc d:/keil5/keil5/arm/gcc/bin/../lib/gcc/arm-none-eabi/10.3.1/../../../../arm-none-eabi/lib/thumb/v7e-m+dp/hard\libc.a(lib_a-atexit.o)
                0x000000000801430c                atexit
 .text.quorem   0x0000000008014318      0x116 d:/keil5/keil5/arm/gcc/bin/../lib/gcc/arm-none-eabi/10.3.1/../../../../arm-none-eabi/lib/thumb/v7e-m+dp/hard\libc.a(lib_a-dtoa.o)
 *fill*         0x000000000801442e        0x2 
 .text._dtoa_r  0x0000000008014430      0xaac d:/keil5/keil5/arm/gcc/bin/../lib/gcc/arm-none-eabi/10.3.1/../../../../arm-none-eabi/lib/thumb/v7e-m+dp/hard\libc.a(lib_a-dtoa.o)
                0x0000000008014430                _dtoa_r
 .text.__sflush_r
                0x0000000008014edc      0x11c d:/keil5/keil5/arm/gcc/bin/../lib/gcc/arm-none-eabi/10.3.1/../../../../arm-none-eabi/lib/thumb/v7e-m+dp/hard\libc.a(lib_a-fflush.o)
                0x0000000008014edc                __sflush_r
 .text._fflush_r
                0x0000000008014ff8       0x4a d:/keil5/keil5/arm/gcc/bin/../lib/gcc/arm-none-eabi/10.3.1/../../../../arm-none-eabi/lib/thumb/v7e-m+dp/hard\libc.a(lib_a-fflush.o)
                0x0000000008014ff8                _fflush_r
 *fill*         0x0000000008015042        0x2 
 .text.std      0x0000000008015044       0x50 d:/keil5/keil5/arm/gcc/bin/../lib/gcc/arm-none-eabi/10.3.1/../../../../arm-none-eabi/lib/thumb/v7e-m+dp/hard\libc.a(lib_a-findfp.o)
 .text._cleanup_r
                0x0000000008015094        0xc d:/keil5/keil5/arm/gcc/bin/../lib/gcc/arm-none-eabi/10.3.1/../../../../arm-none-eabi/lib/thumb/v7e-m+dp/hard\libc.a(lib_a-findfp.o)
                0x0000000008015094                _cleanup_r
 .text.__sfp_lock_acquire
                0x00000000080150a0        0xc d:/keil5/keil5/arm/gcc/bin/../lib/gcc/arm-none-eabi/10.3.1/../../../../arm-none-eabi/lib/thumb/v7e-m+dp/hard\libc.a(lib_a-findfp.o)
                0x00000000080150a0                __sfp_lock_acquire
 .text.__sfp_lock_release
                0x00000000080150ac        0xc d:/keil5/keil5/arm/gcc/bin/../lib/gcc/arm-none-eabi/10.3.1/../../../../arm-none-eabi/lib/thumb/v7e-m+dp/hard\libc.a(lib_a-findfp.o)
                0x00000000080150ac                __sfp_lock_release
 .text.__sinit_lock_acquire
                0x00000000080150b8        0xc d:/keil5/keil5/arm/gcc/bin/../lib/gcc/arm-none-eabi/10.3.1/../../../../arm-none-eabi/lib/thumb/v7e-m+dp/hard\libc.a(lib_a-findfp.o)
                0x00000000080150b8                __sinit_lock_acquire
 .text.__sinit_lock_release
                0x00000000080150c4        0xc d:/keil5/keil5/arm/gcc/bin/../lib/gcc/arm-none-eabi/10.3.1/../../../../arm-none-eabi/lib/thumb/v7e-m+dp/hard\libc.a(lib_a-findfp.o)
                0x00000000080150c4                __sinit_lock_release
 .text.__sinit  0x00000000080150d0       0x50 d:/keil5/keil5/arm/gcc/bin/../lib/gcc/arm-none-eabi/10.3.1/../../../../arm-none-eabi/lib/thumb/v7e-m+dp/hard\libc.a(lib_a-findfp.o)
                0x00000000080150d0                __sinit
 .text.__libc_fini_array
                0x0000000008015120       0x28 d:/keil5/keil5/arm/gcc/bin/../lib/gcc/arm-none-eabi/10.3.1/../../../../arm-none-eabi/lib/thumb/v7e-m+dp/hard\libc.a(lib_a-fini.o)
                0x0000000008015120                __libc_fini_array
 .text._malloc_trim_r
                0x0000000008015148       0xa8 d:/keil5/keil5/arm/gcc/bin/../lib/gcc/arm-none-eabi/10.3.1/../../../../arm-none-eabi/lib/thumb/v7e-m+dp/hard\libc.a(lib_a-freer.o)
                0x0000000008015148                _malloc_trim_r
 .text._free_r  0x00000000080151f0      0x180 d:/keil5/keil5/arm/gcc/bin/../lib/gcc/arm-none-eabi/10.3.1/../../../../arm-none-eabi/lib/thumb/v7e-m+dp/hard\libc.a(lib_a-freer.o)
                0x00000000080151f0                _free_r
 .text._fwalk_reent
                0x0000000008015370       0x3e d:/keil5/keil5/arm/gcc/bin/../lib/gcc/arm-none-eabi/10.3.1/../../../../arm-none-eabi/lib/thumb/v7e-m+dp/hard\libc.a(lib_a-fwalk.o)
                0x0000000008015370                _fwalk_reent
 *fill*         0x00000000080153ae        0x2 
 .text._localeconv_r
                0x00000000080153b0        0x8 d:/keil5/keil5/arm/gcc/bin/../lib/gcc/arm-none-eabi/10.3.1/../../../../arm-none-eabi/lib/thumb/v7e-m+dp/hard\libc.a(lib_a-localeconv.o)
                0x00000000080153b0                _localeconv_r
 .text.__retarget_lock_init_recursive
                0x00000000080153b8        0x2 d:/keil5/keil5/arm/gcc/bin/../lib/gcc/arm-none-eabi/10.3.1/../../../../arm-none-eabi/lib/thumb/v7e-m+dp/hard\libc.a(lib_a-lock.o)
                0x00000000080153b8                __retarget_lock_init_recursive
 .text.__retarget_lock_close_recursive
                0x00000000080153ba        0x2 d:/keil5/keil5/arm/gcc/bin/../lib/gcc/arm-none-eabi/10.3.1/../../../../arm-none-eabi/lib/thumb/v7e-m+dp/hard\libc.a(lib_a-lock.o)
                0x00000000080153ba                __retarget_lock_close_recursive
 .text.__retarget_lock_acquire_recursive
                0x00000000080153bc        0x2 d:/keil5/keil5/arm/gcc/bin/../lib/gcc/arm-none-eabi/10.3.1/../../../../arm-none-eabi/lib/thumb/v7e-m+dp/hard\libc.a(lib_a-lock.o)
                0x00000000080153bc                __retarget_lock_acquire_recursive
 .text.__retarget_lock_release_recursive
                0x00000000080153be        0x2 d:/keil5/keil5/arm/gcc/bin/../lib/gcc/arm-none-eabi/10.3.1/../../../../arm-none-eabi/lib/thumb/v7e-m+dp/hard\libc.a(lib_a-lock.o)
                0x00000000080153be                __retarget_lock_release_recursive
 .text.__swhatbuf_r
                0x00000000080153c0       0x58 d:/keil5/keil5/arm/gcc/bin/../lib/gcc/arm-none-eabi/10.3.1/../../../../arm-none-eabi/lib/thumb/v7e-m+dp/hard\libc.a(lib_a-makebuf.o)
                0x00000000080153c0                __swhatbuf_r
 .text.__smakebuf_r
                0x0000000008015418       0x80 d:/keil5/keil5/arm/gcc/bin/../lib/gcc/arm-none-eabi/10.3.1/../../../../arm-none-eabi/lib/thumb/v7e-m+dp/hard\libc.a(lib_a-makebuf.o)
                0x0000000008015418                __smakebuf_r
 .text._Balloc  0x0000000008015498       0x4a d:/keil5/keil5/arm/gcc/bin/../lib/gcc/arm-none-eabi/10.3.1/../../../../arm-none-eabi/lib/thumb/v7e-m+dp/hard\libc.a(lib_a-mprec.o)
                0x0000000008015498                _Balloc
 .text._Bfree   0x00000000080154e2       0x12 d:/keil5/keil5/arm/gcc/bin/../lib/gcc/arm-none-eabi/10.3.1/../../../../arm-none-eabi/lib/thumb/v7e-m+dp/hard\libc.a(lib_a-mprec.o)
                0x00000000080154e2                _Bfree
 .text.__multadd
                0x00000000080154f4       0x8c d:/keil5/keil5/arm/gcc/bin/../lib/gcc/arm-none-eabi/10.3.1/../../../../arm-none-eabi/lib/thumb/v7e-m+dp/hard\libc.a(lib_a-mprec.o)
                0x00000000080154f4                __multadd
 .text.__hi0bits
                0x0000000008015580       0x40 d:/keil5/keil5/arm/gcc/bin/../lib/gcc/arm-none-eabi/10.3.1/../../../../arm-none-eabi/lib/thumb/v7e-m+dp/hard\libc.a(lib_a-mprec.o)
                0x0000000008015580                __hi0bits
 .text.__lo0bits
                0x00000000080155c0       0x5e d:/keil5/keil5/arm/gcc/bin/../lib/gcc/arm-none-eabi/10.3.1/../../../../arm-none-eabi/lib/thumb/v7e-m+dp/hard\libc.a(lib_a-mprec.o)
                0x00000000080155c0                __lo0bits
 *fill*         0x000000000801561e        0x2 
 .text.__i2b    0x0000000008015620       0x2c d:/keil5/keil5/arm/gcc/bin/../lib/gcc/arm-none-eabi/10.3.1/../../../../arm-none-eabi/lib/thumb/v7e-m+dp/hard\libc.a(lib_a-mprec.o)
                0x0000000008015620                __i2b
 .text.__multiply
                0x000000000801564c      0x154 d:/keil5/keil5/arm/gcc/bin/../lib/gcc/arm-none-eabi/10.3.1/../../../../arm-none-eabi/lib/thumb/v7e-m+dp/hard\libc.a(lib_a-mprec.o)
                0x000000000801564c                __multiply
 .text.__pow5mult
                0x00000000080157a0       0x80 d:/keil5/keil5/arm/gcc/bin/../lib/gcc/arm-none-eabi/10.3.1/../../../../arm-none-eabi/lib/thumb/v7e-m+dp/hard\libc.a(lib_a-mprec.o)
                0x00000000080157a0                __pow5mult
 .text.__lshift
                0x0000000008015820       0xe0 d:/keil5/keil5/arm/gcc/bin/../lib/gcc/arm-none-eabi/10.3.1/../../../../arm-none-eabi/lib/thumb/v7e-m+dp/hard\libc.a(lib_a-mprec.o)
                0x0000000008015820                __lshift
 .text.__mcmp   0x0000000008015900       0x38 d:/keil5/keil5/arm/gcc/bin/../lib/gcc/arm-none-eabi/10.3.1/../../../../arm-none-eabi/lib/thumb/v7e-m+dp/hard\libc.a(lib_a-mprec.o)
                0x0000000008015900                __mcmp
 .text.__mdiff  0x0000000008015938      0x114 d:/keil5/keil5/arm/gcc/bin/../lib/gcc/arm-none-eabi/10.3.1/../../../../arm-none-eabi/lib/thumb/v7e-m+dp/hard\libc.a(lib_a-mprec.o)
                0x0000000008015938                __mdiff
 .text.__d2b    0x0000000008015a4c       0xb8 d:/keil5/keil5/arm/gcc/bin/../lib/gcc/arm-none-eabi/10.3.1/../../../../arm-none-eabi/lib/thumb/v7e-m+dp/hard\libc.a(lib_a-mprec.o)
                0x0000000008015a4c                __d2b
 *fill*         0x0000000008015b04        0x4 
 .text.frexp    0x0000000008015b08       0x70 d:/keil5/keil5/arm/gcc/bin/../lib/gcc/arm-none-eabi/10.3.1/../../../../arm-none-eabi/lib/thumb/v7e-m+dp/hard\libc.a(lib_a-s_frexp.o)
                0x0000000008015b08                frexp
 .text.__sread  0x0000000008015b78       0x22 d:/keil5/keil5/arm/gcc/bin/../lib/gcc/arm-none-eabi/10.3.1/../../../../arm-none-eabi/lib/thumb/v7e-m+dp/hard\libc.a(lib_a-stdio.o)
                0x0000000008015b78                __sread
 .text.__swrite
                0x0000000008015b9a       0x38 d:/keil5/keil5/arm/gcc/bin/../lib/gcc/arm-none-eabi/10.3.1/../../../../arm-none-eabi/lib/thumb/v7e-m+dp/hard\libc.a(lib_a-stdio.o)
                0x0000000008015b9a                __swrite
 .text.__sseek  0x0000000008015bd2       0x24 d:/keil5/keil5/arm/gcc/bin/../lib/gcc/arm-none-eabi/10.3.1/../../../../arm-none-eabi/lib/thumb/v7e-m+dp/hard\libc.a(lib_a-stdio.o)
                0x0000000008015bd2                __sseek
 .text.__sclose
                0x0000000008015bf6        0x8 d:/keil5/keil5/arm/gcc/bin/../lib/gcc/arm-none-eabi/10.3.1/../../../../arm-none-eabi/lib/thumb/v7e-m+dp/hard\libc.a(lib_a-stdio.o)
                0x0000000008015bf6                __sclose
 .text.strncpy  0x0000000008015bfe       0x26 d:/keil5/keil5/arm/gcc/bin/../lib/gcc/arm-none-eabi/10.3.1/../../../../arm-none-eabi/lib/thumb/v7e-m+dp/hard\libc.a(lib_a-strncpy.o)
                0x0000000008015bfe                strncpy
 .text.__ssprint_r
                0x0000000008015c24       0xf6 d:/keil5/keil5/arm/gcc/bin/../lib/gcc/arm-none-eabi/10.3.1/../../../../arm-none-eabi/lib/thumb/v7e-m+dp/hard\libc.a(lib_a-svfiprintf.o)
                0x0000000008015c24                __ssprint_r
 .text.__sprint_r
                0x0000000008015d1a       0x64 d:/keil5/keil5/arm/gcc/bin/../lib/gcc/arm-none-eabi/10.3.1/../../../../arm-none-eabi/lib/thumb/v7e-m+dp/hard\libc.a(lib_a-vfiprintf.o)
                0x0000000008015d1a                __sprint_r
 *fill*         0x0000000008015d7e        0x2 
 .text._vfiprintf_r
                0x0000000008015d80      0x92c d:/keil5/keil5/arm/gcc/bin/../lib/gcc/arm-none-eabi/10.3.1/../../../../arm-none-eabi/lib/thumb/v7e-m+dp/hard\libc.a(lib_a-vfiprintf.o)
                0x0000000008015d80                _vfiprintf_r
 .text.__sbprintf
                0x00000000080166ac       0x80 d:/keil5/keil5/arm/gcc/bin/../lib/gcc/arm-none-eabi/10.3.1/../../../../arm-none-eabi/lib/thumb/v7e-m+dp/hard\libc.a(lib_a-vfiprintf.o)
 .text._write_r
                0x000000000801672c       0x24 d:/keil5/keil5/arm/gcc/bin/../lib/gcc/arm-none-eabi/10.3.1/../../../../arm-none-eabi/lib/thumb/v7e-m+dp/hard\libc.a(lib_a-writer.o)
                0x000000000801672c                _write_r
 .text.__register_exitproc
                0x0000000008016750       0x84 d:/keil5/keil5/arm/gcc/bin/../lib/gcc/arm-none-eabi/10.3.1/../../../../arm-none-eabi/lib/thumb/v7e-m+dp/hard\libc.a(lib_a-__atexit.o)
                0x0000000008016750                __register_exitproc
 .text.__assert_func
                0x00000000080167d4       0x3c d:/keil5/keil5/arm/gcc/bin/../lib/gcc/arm-none-eabi/10.3.1/../../../../arm-none-eabi/lib/thumb/v7e-m+dp/hard\libc.a(lib_a-assert.o)
                0x00000000080167d4                __assert_func
 .text._calloc_r
                0x0000000008016810       0x6a d:/keil5/keil5/arm/gcc/bin/../lib/gcc/arm-none-eabi/10.3.1/../../../../arm-none-eabi/lib/thumb/v7e-m+dp/hard\libc.a(lib_a-callocr.o)
                0x0000000008016810                _calloc_r
 *fill*         0x000000000801687a        0x2 
 .text._close_r
                0x000000000801687c       0x20 d:/keil5/keil5/arm/gcc/bin/../lib/gcc/arm-none-eabi/10.3.1/../../../../arm-none-eabi/lib/thumb/v7e-m+dp/hard\libc.a(lib_a-closer.o)
                0x000000000801687c                _close_r
 .text._fclose_r
                0x000000000801689c       0xae d:/keil5/keil5/arm/gcc/bin/../lib/gcc/arm-none-eabi/10.3.1/../../../../arm-none-eabi/lib/thumb/v7e-m+dp/hard\libc.a(lib_a-fclose.o)
                0x000000000801689c                _fclose_r
 *fill*         0x000000000801694a        0x2 
 .text.fiprintf
                0x000000000801694c       0x24 d:/keil5/keil5/arm/gcc/bin/../lib/gcc/arm-none-eabi/10.3.1/../../../../arm-none-eabi/lib/thumb/v7e-m+dp/hard\libc.a(lib_a-fiprintf.o)
                0x000000000801694c                fiprintf
 .text.__fputwc
                0x0000000008016970       0x82 d:/keil5/keil5/arm/gcc/bin/../lib/gcc/arm-none-eabi/10.3.1/../../../../arm-none-eabi/lib/thumb/v7e-m+dp/hard\libc.a(lib_a-fputwc.o)
                0x0000000008016970                __fputwc
 .text._fputwc_r
                0x00000000080169f2       0x54 d:/keil5/keil5/arm/gcc/bin/../lib/gcc/arm-none-eabi/10.3.1/../../../../arm-none-eabi/lib/thumb/v7e-m+dp/hard\libc.a(lib_a-fputwc.o)
                0x00000000080169f2                _fputwc_r
 *fill*         0x0000000008016a46        0x2 
 .text._fstat_r
                0x0000000008016a48       0x24 d:/keil5/keil5/arm/gcc/bin/../lib/gcc/arm-none-eabi/10.3.1/../../../../arm-none-eabi/lib/thumb/v7e-m+dp/hard\libc.a(lib_a-fstatr.o)
                0x0000000008016a48                _fstat_r
 .text.__sfvwrite_r
                0x0000000008016a6c      0x294 d:/keil5/keil5/arm/gcc/bin/../lib/gcc/arm-none-eabi/10.3.1/../../../../arm-none-eabi/lib/thumb/v7e-m+dp/hard\libc.a(lib_a-fvwrite.o)
                0x0000000008016a6c                __sfvwrite_r
 .text._isatty_r
                0x0000000008016d00       0x20 d:/keil5/keil5/arm/gcc/bin/../lib/gcc/arm-none-eabi/10.3.1/../../../../arm-none-eabi/lib/thumb/v7e-m+dp/hard\libc.a(lib_a-isattyr.o)
                0x0000000008016d00                _isatty_r
 .text.__locale_mb_cur_max
                0x0000000008016d20        0xc d:/keil5/keil5/arm/gcc/bin/../lib/gcc/arm-none-eabi/10.3.1/../../../../arm-none-eabi/lib/thumb/v7e-m+dp/hard\libc.a(lib_a-locale.o)
                0x0000000008016d20                __locale_mb_cur_max
 .text._lseek_r
                0x0000000008016d2c       0x24 d:/keil5/keil5/arm/gcc/bin/../lib/gcc/arm-none-eabi/10.3.1/../../../../arm-none-eabi/lib/thumb/v7e-m+dp/hard\libc.a(lib_a-lseekr.o)
                0x0000000008016d2c                _lseek_r
 .text.__ascii_mbtowc
                0x0000000008016d50       0x24 d:/keil5/keil5/arm/gcc/bin/../lib/gcc/arm-none-eabi/10.3.1/../../../../arm-none-eabi/lib/thumb/v7e-m+dp/hard\libc.a(lib_a-mbtowc_r.o)
                0x0000000008016d50                __ascii_mbtowc
 .text._read_r  0x0000000008016d74       0x24 d:/keil5/keil5/arm/gcc/bin/../lib/gcc/arm-none-eabi/10.3.1/../../../../arm-none-eabi/lib/thumb/v7e-m+dp/hard\libc.a(lib_a-readr.o)
                0x0000000008016d74                _read_r
 .text.__swbuf_r
                0x0000000008016d98       0x92 d:/keil5/keil5/arm/gcc/bin/../lib/gcc/arm-none-eabi/10.3.1/../../../../arm-none-eabi/lib/thumb/v7e-m+dp/hard\libc.a(lib_a-wbuf.o)
                0x0000000008016d98                __swbuf_r
 *fill*         0x0000000008016e2a        0x2 
 .text._wcrtomb_r
                0x0000000008016e2c       0x2c d:/keil5/keil5/arm/gcc/bin/../lib/gcc/arm-none-eabi/10.3.1/../../../../arm-none-eabi/lib/thumb/v7e-m+dp/hard\libc.a(lib_a-wcrtomb.o)
                0x0000000008016e2c                _wcrtomb_r
 .text.__ascii_wctomb
                0x0000000008016e58       0x1a d:/keil5/keil5/arm/gcc/bin/../lib/gcc/arm-none-eabi/10.3.1/../../../../arm-none-eabi/lib/thumb/v7e-m+dp/hard\libc.a(lib_a-wctomb_r.o)
                0x0000000008016e58                __ascii_wctomb
 .text.abort    0x0000000008016e72        0xe d:/keil5/keil5/arm/gcc/bin/../lib/gcc/arm-none-eabi/10.3.1/../../../../arm-none-eabi/lib/thumb/v7e-m+dp/hard\libc.a(lib_a-abort.o)
                0x0000000008016e72                abort
 .text._raise_r
                0x0000000008016e80       0x52 d:/keil5/keil5/arm/gcc/bin/../lib/gcc/arm-none-eabi/10.3.1/../../../../arm-none-eabi/lib/thumb/v7e-m+dp/hard\libc.a(lib_a-signal.o)
                0x0000000008016e80                _raise_r
 *fill*         0x0000000008016ed2        0x2 
 .text.raise    0x0000000008016ed4       0x10 d:/keil5/keil5/arm/gcc/bin/../lib/gcc/arm-none-eabi/10.3.1/../../../../arm-none-eabi/lib/thumb/v7e-m+dp/hard\libc.a(lib_a-signal.o)
                0x0000000008016ed4                raise
 .text._kill_r  0x0000000008016ee4       0x24 d:/keil5/keil5/arm/gcc/bin/../lib/gcc/arm-none-eabi/10.3.1/../../../../arm-none-eabi/lib/thumb/v7e-m+dp/hard\libc.a(lib_a-signalr.o)
                0x0000000008016ee4                _kill_r
 .text._getpid_r
                0x0000000008016f08        0x4 d:/keil5/keil5/arm/gcc/bin/../lib/gcc/arm-none-eabi/10.3.1/../../../../arm-none-eabi/lib/thumb/v7e-m+dp/hard\libc.a(lib_a-signalr.o)
                0x0000000008016f08                _getpid_r
 .text._close   0x0000000008016f0c       0x10 d:/keil5/keil5/arm/gcc/bin/../lib/gcc/arm-none-eabi/10.3.1/../../../../arm-none-eabi/lib/thumb/v7e-m+dp/hard\libnosys.a(close.o)
                0x0000000008016f0c                _close
 .text._fstat   0x0000000008016f1c       0x10 d:/keil5/keil5/arm/gcc/bin/../lib/gcc/arm-none-eabi/10.3.1/../../../../arm-none-eabi/lib/thumb/v7e-m+dp/hard\libnosys.a(fstat.o)
                0x0000000008016f1c                _fstat
 .text._getpid  0x0000000008016f2c       0x10 d:/keil5/keil5/arm/gcc/bin/../lib/gcc/arm-none-eabi/10.3.1/../../../../arm-none-eabi/lib/thumb/v7e-m+dp/hard\libnosys.a(getpid.o)
                0x0000000008016f2c                _getpid
 .text._isatty  0x0000000008016f3c       0x10 d:/keil5/keil5/arm/gcc/bin/../lib/gcc/arm-none-eabi/10.3.1/../../../../arm-none-eabi/lib/thumb/v7e-m+dp/hard\libnosys.a(isatty.o)
                0x0000000008016f3c                _isatty
 .text._kill    0x0000000008016f4c       0x10 d:/keil5/keil5/arm/gcc/bin/../lib/gcc/arm-none-eabi/10.3.1/../../../../arm-none-eabi/lib/thumb/v7e-m+dp/hard\libnosys.a(kill.o)
                0x0000000008016f4c                _kill
 .text._lseek   0x0000000008016f5c       0x10 d:/keil5/keil5/arm/gcc/bin/../lib/gcc/arm-none-eabi/10.3.1/../../../../arm-none-eabi/lib/thumb/v7e-m+dp/hard\libnosys.a(lseek.o)
                0x0000000008016f5c                _lseek
 .text._read    0x0000000008016f6c       0x10 d:/keil5/keil5/arm/gcc/bin/../lib/gcc/arm-none-eabi/10.3.1/../../../../arm-none-eabi/lib/thumb/v7e-m+dp/hard\libnosys.a(read.o)
                0x0000000008016f6c                _read
 .text._sbrk    0x0000000008016f7c       0x1c d:/keil5/keil5/arm/gcc/bin/../lib/gcc/arm-none-eabi/10.3.1/../../../../arm-none-eabi/lib/thumb/v7e-m+dp/hard\libnosys.a(sbrk.o)
                0x0000000008016f7c                _sbrk
 .text._write   0x0000000008016f98       0x10 d:/keil5/keil5/arm/gcc/bin/../lib/gcc/arm-none-eabi/10.3.1/../../../../arm-none-eabi/lib/thumb/v7e-m+dp/hard\libnosys.a(write.o)
                0x0000000008016f98                _write
 .text._exit    0x0000000008016fa8        0x2 d:/keil5/keil5/arm/gcc/bin/../lib/gcc/arm-none-eabi/10.3.1/../../../../arm-none-eabi/lib/thumb/v7e-m+dp/hard\libnosys.a(_exit.o)
                0x0000000008016fa8                _exit
 *(.glue_7)
 .glue_7        0x0000000008016faa        0x0 linker stubs
 *(.glue_7t)
 .glue_7t       0x0000000008016faa        0x0 linker stubs
 *(.eh_frame)
 *fill*         0x0000000008016faa        0x2 
 .eh_frame      0x0000000008016fac        0x0 d:/keil5/keil5/arm/gcc/bin/../lib/gcc/arm-none-eabi/10.3.1/thumb/v7e-m+dp/hard/crtbegin.o
 *(.init)
 .init          0x0000000008016fac        0x4 d:/keil5/keil5/arm/gcc/bin/../lib/gcc/arm-none-eabi/10.3.1/thumb/v7e-m+dp/hard/crti.o
                0x0000000008016fac                _init
 .init          0x0000000008016fb0        0x8 d:/keil5/keil5/arm/gcc/bin/../lib/gcc/arm-none-eabi/10.3.1/thumb/v7e-m+dp/hard/crtn.o
 *(.fini)
 .fini          0x0000000008016fb8        0x4 d:/keil5/keil5/arm/gcc/bin/../lib/gcc/arm-none-eabi/10.3.1/thumb/v7e-m+dp/hard/crti.o
                0x0000000008016fb8                _fini
 .fini          0x0000000008016fbc        0x8 d:/keil5/keil5/arm/gcc/bin/../lib/gcc/arm-none-eabi/10.3.1/thumb/v7e-m+dp/hard/crtn.o
                0x0000000008016fc4                . = ALIGN (0x4)
                0x0000000008016fc4                _etext = .

.vfp11_veneer   0x0000000008016fc4        0x0
 .vfp11_veneer  0x0000000008016fc4        0x0 linker stubs

.v4_bx          0x0000000008016fc4        0x0
 .v4_bx         0x0000000008016fc4        0x0 linker stubs

.iplt           0x0000000008016fc4        0x0
 .iplt          0x0000000008016fc4        0x0 d:/keil5/keil5/arm/gcc/bin/../lib/gcc/arm-none-eabi/10.3.1/thumb/v7e-m+dp/hard/crtbegin.o

.rodata         0x0000000008016fe0    0x6e39c
                0x0000000008016fe0                . = ALIGN (0x4)
 *(.rodata)
 .rodata        0x0000000008016fe0      0x739 ./objects/main.o
                0x000000000801751c                category_names
 *fill*         0x0000000008017719        0x3 
 .rodata        0x000000000801771c       0x18 ./objects/gd32h7xx_rcu.o
 .rodata        0x0000000008017734       0x10 ./objects/network_1_data.o
 .rodata        0x0000000008017744       0x10 ./objects/network_2_data.o
 *(.rodata*)
 .rodata.ov2640_svga_init_reg_tbl
                0x0000000008017754      0x162 ./objects/dci_ov2640.o
                0x0000000008017754                ov2640_svga_init_reg_tbl
 *fill*         0x00000000080178b6        0x2 
 .rodata.ov2640_rgb565_reg_tbl
                0x00000000080178b8       0x1c ./objects/dci_ov2640.o
                0x00000000080178b8                ov2640_rgb565_reg_tbl
 .rodata.image_background1
                0x00000000080178d4    0x1fe00 ./objects/picture.o
                0x00000000080178d4                image_background1
 .rodata.asc2_1206
                0x00000000080376d4      0x474 ./objects/tlilcd.o
                0x00000000080376d4                asc2_1206
 .rodata.asc2_1608
                0x0000000008037b48      0x5f0 ./objects/tlilcd.o
                0x0000000008037b48                asc2_1608
 .rodata.asc2_2412
                0x0000000008038138      0xd5c ./objects/tlilcd.o
                0x0000000008038138                asc2_2412
 .rodata.AI1_Run.str1.4
                0x0000000008038e94       0x2d ./objects/ai_model.o
 *fill*         0x0000000008038ec1        0x3 
 .rodata.AI2_Run.str1.4
                0x0000000008038ec4       0x2d ./objects/ai_model.o
 *fill*         0x0000000008038ef1        0x3 
 .rodata.AI_Init.str1.4
                0x0000000008038ef4       0x2c ./objects/ai_model.o
 .rodata.__compound_literal.0
                0x0000000008038f20        0x4 ./objects/network_1.o
 .rodata.__compound_literal.1
                0x0000000008038f24        0x1 ./objects/network_1.o
 *fill*         0x0000000008038f25        0x3 
 .rodata.__compound_literal.10
                0x0000000008038f28        0x1 ./objects/network_1.o
 *fill*         0x0000000008038f29        0x3 
 .rodata.__compound_literal.100
                0x0000000008038f2c        0x1 ./objects/network_1.o
 *fill*         0x0000000008038f2d        0x3 
 .rodata.__compound_literal.101
                0x0000000008038f30        0x8 ./objects/network_1.o
 .rodata.__compound_literal.102
                0x0000000008038f38        0x4 ./objects/network_1.o
 .rodata.__compound_literal.103
                0x0000000008038f3c        0x1 ./objects/network_1.o
 *fill*         0x0000000008038f3d        0x3 
 .rodata.__compound_literal.104
                0x0000000008038f40        0x8 ./objects/network_1.o
 .rodata.__compound_literal.105
                0x0000000008038f48       0x60 ./objects/network_1.o
 .rodata.__compound_literal.106
                0x0000000008038fa8       0x18 ./objects/network_1.o
 .rodata.__compound_literal.107
                0x0000000008038fc0        0x8 ./objects/network_1.o
 .rodata.__compound_literal.108
                0x0000000008038fc8        0x4 ./objects/network_1.o
 .rodata.__compound_literal.109
                0x0000000008038fcc        0x1 ./objects/network_1.o
 *fill*         0x0000000008038fcd        0x3 
 .rodata.__compound_literal.11
                0x0000000008038fd0        0x8 ./objects/network_1.o
 .rodata.__compound_literal.110
                0x0000000008038fd8        0x8 ./objects/network_1.o
 .rodata.__compound_literal.111
                0x0000000008038fe0        0x4 ./objects/network_1.o
 .rodata.__compound_literal.112
                0x0000000008038fe4        0x1 ./objects/network_1.o
 *fill*         0x0000000008038fe5        0x3 
 .rodata.__compound_literal.113
                0x0000000008038fe8        0x8 ./objects/network_1.o
 .rodata.__compound_literal.114
                0x0000000008038ff0        0x4 ./objects/network_1.o
 .rodata.__compound_literal.115
                0x0000000008038ff4        0x1 ./objects/network_1.o
 *fill*         0x0000000008038ff5        0x3 
 .rodata.__compound_literal.116
                0x0000000008038ff8        0x8 ./objects/network_1.o
 .rodata.__compound_literal.117
                0x0000000008039000        0x4 ./objects/network_1.o
 .rodata.__compound_literal.118
                0x0000000008039004        0x1 ./objects/network_1.o
 *fill*         0x0000000008039005        0x3 
 .rodata.__compound_literal.119
                0x0000000008039008        0x8 ./objects/network_1.o
 .rodata.__compound_literal.12
                0x0000000008039010        0x4 ./objects/network_1.o
 .rodata.__compound_literal.120
                0x0000000008039014        0x4 ./objects/network_1.o
 .rodata.__compound_literal.121
                0x0000000008039018        0x1 ./objects/network_1.o
 *fill*         0x0000000008039019        0x3 
 .rodata.__compound_literal.122
                0x000000000803901c        0x8 ./objects/network_1.o
 .rodata.__compound_literal.123
                0x0000000008039024        0x4 ./objects/network_1.o
 .rodata.__compound_literal.124
                0x0000000008039028        0x1 ./objects/network_1.o
 *fill*         0x0000000008039029        0x3 
 .rodata.__compound_literal.125
                0x000000000803902c        0x8 ./objects/network_1.o
 .rodata.__compound_literal.126
                0x0000000008039034        0x4 ./objects/network_1.o
 .rodata.__compound_literal.127
                0x0000000008039038        0x1 ./objects/network_1.o
 *fill*         0x0000000008039039        0x3 
 .rodata.__compound_literal.128
                0x000000000803903c        0x8 ./objects/network_1.o
 .rodata.__compound_literal.129
                0x0000000008039044        0x4 ./objects/network_1.o
 .rodata.__compound_literal.13
                0x0000000008039048        0x1 ./objects/network_1.o
 *fill*         0x0000000008039049        0x3 
 .rodata.__compound_literal.130
                0x000000000803904c        0x1 ./objects/network_1.o
 *fill*         0x000000000803904d        0x3 
 .rodata.__compound_literal.131
                0x0000000008039050        0x8 ./objects/network_1.o
 .rodata.__compound_literal.14
                0x0000000008039058        0x8 ./objects/network_1.o
 .rodata.__compound_literal.15
                0x0000000008039060        0x4 ./objects/network_1.o
 .rodata.__compound_literal.16
                0x0000000008039064        0x1 ./objects/network_1.o
 *fill*         0x0000000008039065        0x3 
 .rodata.__compound_literal.17
                0x0000000008039068        0x8 ./objects/network_1.o
 .rodata.__compound_literal.18
                0x0000000008039070       0xc0 ./objects/network_1.o
 .rodata.__compound_literal.19
                0x0000000008039130       0x30 ./objects/network_1.o
 .rodata.__compound_literal.2
                0x0000000008039160        0x8 ./objects/network_1.o
 .rodata.__compound_literal.20
                0x0000000008039168        0x8 ./objects/network_1.o
 .rodata.__compound_literal.21