Archive member included to satisfy reference by file (symbol)

../Edge_AI/ST_Lib/Lib\libNetworkRuntime801_CM4_GCC.a(ai_platform.o)
                              ./objects/network_1.o (ai_buffer_array_item_set_address)
../Edge_AI/ST_Lib/Lib\libNetworkRuntime801_CM4_GCC.a(ai_platform_interface.o)
                              ./objects/network_1.o (ai_platform_get_weights_map)
../Edge_AI/ST_Lib/Lib\libNetworkRuntime801_CM4_GCC.a(core_mem_manager.o)
                              ../Edge_AI/ST_Lib/Lib\libNetworkRuntime801_CM4_GCC.a(ai_platform_interface.o) (core_mem_alloc)
../Edge_AI/ST_Lib/Lib\libNetworkRuntime801_CM4_GCC.a(core_convert.o)
                              ./objects/network_2.o (node_convert)
../Edge_AI/ST_Lib/Lib\libNetworkRuntime801_CM4_GCC.a(core_common.o)
                              ../Edge_AI/ST_Lib/Lib\libNetworkRuntime801_CM4_GCC.a(ai_platform_interface.o) (core_init)
../Edge_AI/ST_Lib/Lib\libNetworkRuntime801_CM4_GCC.a(layers_conv2d_stm32_integer.o)
                              ./objects/network_2.o (forward_dense_integer_SSSA)
../Edge_AI/ST_Lib/Lib\libNetworkRuntime801_CM4_GCC.a(layers_generic_float.o)
                              ./objects/network_1.o (forward_pad)
../Edge_AI/ST_Lib/Lib\libNetworkRuntime801_CM4_GCC.a(layers_nl_stm32_integer.o)
                              ./objects/network_2.o (nl_func_array_integer)
../Edge_AI/ST_Lib/Lib\libNetworkRuntime801_CM4_GCC.a(layers_stm32_integer.o)
                              ./objects/network_1.o (forward_eltwise_integer_INT8)
../Edge_AI/ST_Lib/Lib\libNetworkRuntime801_CM4_GCC.a(layers_dw_sssa8_ch.o)
                              ./objects/network_1.o (forward_dw_sssa8_ch)
../Edge_AI/ST_Lib/Lib\libNetworkRuntime801_CM4_GCC.a(layers_pw_sssa8_ch.o)
                              ./objects/network_1.o (forward_pw_sssa8_ch)
../Edge_AI/ST_Lib/Lib\libNetworkRuntime801_CM4_GCC.a(layers.o)
                              ../Edge_AI/ST_Lib/Lib\libNetworkRuntime801_CM4_GCC.a(ai_platform_interface.o) (ai_check_custom_types)
../Edge_AI/ST_Lib/Lib\libNetworkRuntime801_CM4_GCC.a(layers_conv2d_rgb_sssa8_ch.o)
                              ./objects/network_1.o (forward_conv2d_rgb_sssa8_ch)
../Edge_AI/ST_Lib/Lib\libNetworkRuntime801_CM4_GCC.a(layers_pool_stm32_integer.o)
                              ./objects/network_2.o (forward_ap_integer_INT8)
../Edge_AI/ST_Lib/Lib\libNetworkRuntime801_CM4_GCC.a(lite_generic_float.o)
                              ../Edge_AI/ST_Lib/Lib\libNetworkRuntime801_CM4_GCC.a(layers_generic_float.o) (forward_lite_topK_axis_0_if32of32)
../Edge_AI/ST_Lib/Lib\libNetworkRuntime801_CM4_GCC.a(forward_lite_pw_sssa8_ch.o)
                              ../Edge_AI/ST_Lib/Lib\libNetworkRuntime801_CM4_GCC.a(layers_pw_sssa8_ch.o) (forward_lite_pw_sssa8_ch)
../Edge_AI/ST_Lib/Lib\libNetworkRuntime801_CM4_GCC.a(forward_lite_convert.o)
                              ../Edge_AI/ST_Lib/Lib\libNetworkRuntime801_CM4_GCC.a(core_convert.o) (forward_lite_node_convert_is1os8)
../Edge_AI/ST_Lib/Lib\libNetworkRuntime801_CM4_GCC.a(forward_lite_conv2d_sssa8_ch.o)
                              ../Edge_AI/ST_Lib/Lib\libNetworkRuntime801_CM4_GCC.a(layers_conv2d_rgb_sssa8_ch.o) (forward_lite_conv2d_rgb_sssa8_ch)
../Edge_AI/ST_Lib/Lib\libNetworkRuntime801_CM4_GCC.a(lite_nl_generic_integer.o)
                              ../Edge_AI/ST_Lib/Lib\libNetworkRuntime801_CM4_GCC.a(layers_nl_stm32_integer.o) (forward_lite_nl_softmax_is8os8)
../Edge_AI/ST_Lib/Lib\libNetworkRuntime801_CM4_GCC.a(forward_lite_dw_sssa8_ch.o)
                              ../Edge_AI/ST_Lib/Lib\libNetworkRuntime801_CM4_GCC.a(layers_dw_sssa8_ch.o) (st_dw_sssa8_ch_Wadapt)
../Edge_AI/ST_Lib/Lib\libNetworkRuntime801_CM4_GCC.a(ai_math_helpers.o)
                              ../Edge_AI/ST_Lib/Lib\libNetworkRuntime801_CM4_GCC.a(lite_generic_float.o) (ai_math_sqrt)
../Edge_AI/ST_Lib/Lib\libNetworkRuntime801_CM4_GCC.a(st_ssua8_convolve_dw.o)
                              ../Edge_AI/ST_Lib/Lib\libNetworkRuntime801_CM4_GCC.a(layers_conv2d_stm32_integer.o) (st_ssua8_conv_dw_Wadapt)
../Edge_AI/ST_Lib/Lib\libNetworkRuntime801_CM4_GCC.a(st_uaua8_ch_convolve.o)
                              ../Edge_AI/ST_Lib/Lib\libNetworkRuntime801_CM4_GCC.a(layers_conv2d_stm32_integer.o) (st_uaua8_ch_convolve_rank1upd)
../Edge_AI/ST_Lib/Lib\libNetworkRuntime801_CM4_GCC.a(st_ssua8_ch_convolve.o)
                              ../Edge_AI/ST_Lib/Lib\libNetworkRuntime801_CM4_GCC.a(layers_conv2d_stm32_integer.o) (st_ssua8_ch_convolve_rank1upd)
../Edge_AI/ST_Lib/Lib\libNetworkRuntime801_CM4_GCC.a(st_uaua8_convolve.o)
                              ../Edge_AI/ST_Lib/Lib\libNetworkRuntime801_CM4_GCC.a(layers_conv2d_stm32_integer.o) (st_uaua8_convolve_rank1upd)
../Edge_AI/ST_Lib/Lib\libNetworkRuntime801_CM4_GCC.a(st_ssua8_convolve.o)
                              ../Edge_AI/ST_Lib/Lib\libNetworkRuntime801_CM4_GCC.a(layers_conv2d_stm32_integer.o) (st_ssua8_convolve_rank1upd)
[...]
Memory Configuration

Name             Origin             Length             Attributes
FLASH            0x0000000008000000 0x00000000003c0000 xr
RAM              0x0000000024000000 0x00000000000d0000 xrw
ARM.__at_0xC1000000 0x00000000c1000000 0x0000000000080000 xrw
ARM.__at_0xC1080000 0x00000000c1080000 0x0000000000080000 xrw
DTCM             0x0000000020000000 0x0000000000020000 rw
ITCM             0x0000000000000000 0x0000000000010000 x
*default*        0x0000000000000000 0xffffffffffffffff

Linker script and memory map

LOAD d:/keil5/keil5/arm/gcc/bin/../lib/gcc/arm-none-eabi/10.3.1/thumb/v7e-m+dp/hard/crti.o
LOAD d:/keil5/keil5/arm/gcc/bin/../lib/gcc/arm-none-eabi/10.3.1/thumb/v7e-m+dp/hard/crtbegin.o
LOAD d:/keil5/keil5/arm/gcc/bin/../lib/gcc/arm-none-eabi/10.3.1/../../../../arm-none-eabi/lib/thumb/v7e-m+dp/hard/crt0.o
LOAD ./objects/main.o
LOAD ./objects/gd32h7xx_it.o
LOAD ./objects/systick.o
LOAD ./objects/dci_ov2640.o
LOAD ./objects/exmc_sdram.o
LOAD ./objects/picture.o
LOAD ./objects/sccb.o
LOAD ./objects/tlilcd.o
LOAD ./objects/system_gd32h7xx.o
LOAD ./objects/gd32h7xx_adc.o
LOAD ./objects/gd32h7xx_can.o
LOAD ./objects/gd32h7xx_cau.o
LOAD ./objects/gd32h7xx_cau_aes.o
LOAD ./objects/gd32h7xx_cau_des.o
LOAD ./objects/gd32h7xx_cau_tdes.o
LOAD ./objects/gd32h7xx_cmp.o
LOAD ./objects/gd32h7xx_cpdm.o
LOAD ./objects/gd32h7xx_crc.o
LOAD ./objects/gd32h7xx_ctc.o
LOAD ./objects/gd32h7xx_dac.o
LOAD ./objects/gd32h7xx_dbg.o
LOAD ./objects/gd32h7xx_dci.o
LOAD ./objects/gd32h7xx_dma.o
LOAD ./objects/gd32h7xx_edout.o
LOAD ./objects/gd32h7xx_efuse.o
LOAD ./objects/gd32h7xx_enet.o
LOAD ./objects/gd32h7xx_exmc.o
LOAD ./objects/gd32h7xx_exti.o
LOAD ./objects/gd32h7xx_fac.o
LOAD ./objects/gd32h7xx_fmc.o
LOAD ./objects/gd32h7xx_fwdgt.o
LOAD ./objects/gd32h7xx_gpio.o
LOAD ./objects/gd32h7xx_hau.o
LOAD ./objects/gd32h7xx_hau_sha_md5.o
LOAD ./objects/gd32h7xx_hpdf.o
LOAD ./objects/gd32h7xx_hwsem.o
LOAD ./objects/gd32h7xx_i2c.o
LOAD ./objects/gd32h7xx_ipa.o
LOAD ./objects/gd32h7xx_lpdts.o
LOAD ./objects/gd32h7xx_mdio.o
LOAD ./objects/gd32h7xx_mdma.o
LOAD ./objects/gd32h7xx_misc.o
LOAD ./objects/gd32h7xx_ospi.o
LOAD ./objects/gd32h7xx_ospim.o
LOAD ./objects/gd32h7xx_pmu.o
LOAD ./objects/gd32h7xx_rameccmu.o
LOAD ./objects/gd32h7xx_rcu.o
LOAD ./objects/gd32h7xx_rspdif.o
LOAD ./objects/gd32h7xx_rtc.o
LOAD ./objects/gd32h7xx_rtdec.o
LOAD ./objects/gd32h7xx_sai.o
LOAD ./objects/gd32h7xx_sdio.o
LOAD ./objects/gd32h7xx_spi.o
LOAD ./objects/gd32h7xx_syscfg.o
LOAD ./objects/gd32h7xx_timer.o
LOAD ./objects/gd32h7xx_tli.o
LOAD ./objects/gd32h7xx_tmu.o
LOAD ./objects/gd32h7xx_trigsel.o
LOAD ./objects/gd32h7xx_trng.o
LOAD ./objects/gd32h7xx_usart.o
LOAD ./objects/gd32h7xx_vref.o
LOAD ./objects/gd32h7xx_wwdgt.o
LOAD ./objects/gd32h759i_eval.o
LOAD ./objects/startup_gd32h7xx.o
LOAD ./objects/ai_model.o
LOAD ./objects/network_1.o
LOAD ./objects/network_1_data.o
LOAD ./objects/network_1_data_params.o
LOAD ./objects/network_2.o
LOAD ./objects/network_2_data.o
LOAD ./objects/network_2_data_params.o
LOAD ../Edge_AI/ST_Lib/Lib\libNetworkRuntime801_CM4_GCC.a
LOAD d:/keil5/keil5/arm/gcc/bin/../lib/gcc/arm-none-eabi/10.3.1/../../../../arm-none-eabi/lib/thumb/v7e-m+dp/hard\libm.a
START GROUP
LOAD d:/keil5/keil5/arm/gcc/bin/../lib/gcc/arm-none-eabi/10.3.1/thumb/v7e-m+dp/hard\libgcc.a
LOAD d:/keil5/keil5/arm/gcc/bin/../lib/gcc/arm-none-eabi/10.3.1/../../../../arm-none-eabi/lib/thumb/v7e-m+dp/hard\libc.a
END GROUP
LOAD d:/keil5/keil5/arm/gcc/bin/../lib/gcc/arm-none-eabi/10.3.1/thumb/v7e-m+dp/hard/crtend.o
LOAD d:/keil5/keil5/arm/gcc/bin/../lib/gcc/arm-none-eabi/10.3.1/thumb/v7e-m+dp/hard/crtn.o
                0x0000000000008000                __stack_size = DEFINED (__stack_size)?__stack_size:0x8000

.vectors        0x0000000008000000      0x3a4
                0x0000000008000000                . = ALIGN (0x4)
 *(.vectors)
 .vectors       0x0000000008000000      0x3a4 ./objects/startup_gd32h7xx.o
                0x0000000008000000                __gVectors
                0x00000000080003a4                . = ALIGN (0x4)
                0x00000000080003a4                __Vectors_End = .
                0x00000000080003a4                __Vectors_Size = (__Vectors_End - __gVectors)

.text           0x00000000080003b0    0x164c0
                0x00000000080003b0                . = ALIGN (0x4)
 *(.text)
 .text          0x00000000080003b0       0x40 d:/keil5/keil5/arm/gcc/bin/../lib/gcc/arm-none-eabi/10.3.1/thumb/v7e-m+dp/hard/crtbegin.o
 .text          0x00000000080003f0       0x30 d:/keil5/keil5/arm/gcc/bin/../lib/gcc/arm-none-eabi/10.3.1/thumb/v7e-m+dp/hard\libgcc.a(_aeabi_uldivmod.o)
                0x00000000080003f0                __aeabi_uldivmod
 .text          0x0000000008000420       0x28 d:/keil5/keil5/arm/gcc/bin/../lib/gcc/arm-none-eabi/10.3.1/thumb/v7e-m+dp/hard\libgcc.a(_fixsfdi.o)
                0x0000000008000420                __fixsfdi
                0x0000000008000420                __aeabi_f2lz
 .text          0x0000000008000448       0x40 d:/keil5/keil5/arm/gcc/bin/../lib/gcc/arm-none-eabi/10.3.1/thumb/v7e-m+dp/hard\libgcc.a(_fixunssfdi.o)
                0x0000000008000448                __fixunssfdi
                0x0000000008000448                __aeabi_f2ulz
 .text          0x0000000008000488      0x2d0 d:/keil5/keil5/arm/gcc/bin/../lib/gcc/arm-none-eabi/10.3.1/thumb/v7e-m+dp/hard\libgcc.a(_udivmoddi4.o)
                0x0000000008000488                __udivmoddi4
 .text          0x0000000008000758        0x4 d:/keil5/keil5/arm/gcc/bin/../lib/gcc/arm-none-eabi/10.3.1/thumb/v7e-m+dp/hard\libgcc.a(_dvmd_tls.o)
                0x0000000008000758                __aeabi_idiv0
                0x0000000008000758                __aeabi_ldiv0
 .text          0x000000000800075c       0x10 d:/keil5/keil5/arm/gcc/bin/../lib/gcc/arm-none-eabi/10.3.1/../../../../arm-none-eabi/lib/thumb/v7e-m+dp/hard\libc.a(lib_a-strlen.o)
                0x000000000800075c                strlen
 *fill*         0x000000000800076c        0x4 
 .text          0x0000000008000770       0xa0 d:/keil5/keil5/arm/gcc/bin/../lib/gcc/arm-none-eabi/10.3.1/../../../../arm-none-eabi/lib/thumb/v7e-m+dp/hard\libc.a(lib_a-memchr.o)
                0x0000000008000770                memchr
 *(.text*)
 .text.detect_once
                0x0000000008000810      0x238 ./objects/main.o
                0x0000000008000810                detect_once
 .text.main     0x0000000008000a48       0x68 ./objects/main.o
                0x0000000008000a48                main
 .text.cache_enable
                0x0000000008000ab0       0xdc ./objects/main.o
                0x0000000008000ab0                cache_enable
 .text.usart_config
                0x0000000008000b8c       0xb0 ./objects/main.o
                0x0000000008000b8c                usart_config
 .text._write   0x0000000008000c3c       0x54 ./objects/main.o
                0x0000000008000c3c                _write
 .text.timer1_config
                0x0000000008000c90       0x4c ./objects/main.o
                0x0000000008000c90                timer1_config
 .text.__NVIC_SystemReset
                0x0000000008000cdc       0x2c ./objects/gd32h7xx_it.o
 .text.NMI_Handler
                0x0000000008000d08        0x6 ./objects/gd32h7xx_it.o
                0x0000000008000d08                NMI_Handler
 .text.HardFault_Handler
                0x0000000008000d0e        0x6 ./objects/gd32h7xx_it.o
                0x0000000008000d0e                HardFault_Handler
 .text.MemManage_Handler
                0x0000000008000d14        0x6 ./objects/gd32h7xx_it.o
                0x0000000008000d14                MemManage_Handler
 .text.BusFault_Handler
                0x0000000008000d1a        0x6 ./objects/gd32h7xx_it.o
                0x0000000008000d1a                BusFault_Handler
 .text.UsageFault_Handler
                0x0000000008000d20        0x6 ./objects/gd32h7xx_it.o
                0x0000000008000d20                UsageFault_Handler
 .text.DebugMon_Handler
                0x0000000008000d26        0x6 ./objects/gd32h7xx_it.o
                0x0000000008000d26                DebugMon_Handler
 .text.SVC_Handler
                0x0000000008000d2c        0x6 ./objects/gd32h7xx_it.o
                0x0000000008000d2c                SVC_Handler
 .text.PendSV_Handler
                0x0000000008000d32        0x6 ./objects/gd32h7xx_it.o
                0x0000000008000d32                PendSV_Handler
 .text.SysTick_Handler
                0x0000000008000d38        0xc ./objects/gd32h7xx_it.o
                0x0000000008000d38                SysTick_Handler
 .text.EXTI0_IRQHandler
                0x0000000008000d44        0x8 ./objects/gd32h7xx_it.o
                0x0000000008000d44                EXTI0_IRQHandler
 .text.delay_1ms
                0x0000000008000d4c       0x4a ./objects/systick.o
                0x0000000008000d4c                delay_1ms
 *fill*         0x0000000008000d96        0x2 
 .text.delay_decrement
                0x0000000008000d98       0x24 ./objects/systick.o
                0x0000000008000d98                delay_decrement
 .text.dci_config
                0x0000000008000dbc      0x1ec ./objects/dci_ov2640.o
                0x0000000008000dbc                dci_config
 .text.ConfigDCI
                0x0000000008000fa8       0xb4 ./objects/dci_ov2640.o
                0x0000000008000fa8                ConfigDCI
 .text.ov2640_outsize_set
                0x000000000800105c       0xa6 ./objects/dci_ov2640.o
                0x000000000800105c                ov2640_outsize_set
 *fill*         0x0000000008001102        0x2 
 .text.dci_ov2640_init
                0x0000000008001104       0xe8 ./objects/dci_ov2640.o
                0x0000000008001104                dci_ov2640_init
 .text.ckout0_init
                0x00000000080011ec       0x44 ./objects/dci_ov2640.o
                0x00000000080011ec                ckout0_init
 .text.DCI_IRQHandler
                0x0000000008001230       0x44 ./objects/dci_ov2640.o
                0x0000000008001230                DCI_IRQHandler
 .text._delay   0x0000000008001274       0x32 ./objects/exmc_sdram.o
 *fill*         0x00000000080012a6        0x2 
 .text.exmc_synchronous_dynamic_ram_init
                0x00000000080012a8      0x2e0 ./objects/exmc_sdram.o
                0x00000000080012a8                exmc_synchronous_dynamic_ram_init
 .text.sccb_config
                0x0000000008001588       0xac ./objects/sccb.o
                0x0000000008001588                sccb_config
 .text.dci_byte_write
                0x0000000008001634       0x90 ./objects/sccb.o
                0x0000000008001634                dci_byte_write
 .text.tli_gpio_config
                0x00000000080016c4      0x4b4 ./objects/tlilcd.o
                0x00000000080016c4                tli_gpio_config
 .text.InitLCD  0x0000000008001b78      0x194 ./objects/tlilcd.o
                0x0000000008001b78                InitLCD
 .text.LCDLayerWindowSet
                0x0000000008001d0c      0x24c ./objects/tlilcd.o
                0x0000000008001d0c                LCDLayerWindowSet
 .text.LCDLayerEnable
                0x0000000008001f58       0x3c ./objects/tlilcd.o
                0x0000000008001f58                LCDLayerEnable
 .text.LCDLayerDisable
                0x0000000008001f94       0x3c ./objects/tlilcd.o
                0x0000000008001f94                LCDLayerDisable
 .text.LCDLayerSwitch
                0x0000000008001fd0       0x44 ./objects/tlilcd.o
                0x0000000008001fd0                LCDLayerSwitch
 .text.LCDTransparencySet
                0x0000000008002014       0x54 ./objects/tlilcd.o
                0x0000000008002014                LCDTransparencySet
 .text.LCDDisplayDir
                0x0000000008002068       0x54 ./objects/tlilcd.o
                0x0000000008002068                LCDDisplayDir
 .text.LCDClear
                0x00000000080020bc       0x98 ./objects/tlilcd.o
                0x00000000080020bc                LCDClear
 .text.LCDDrawPoint
                0x0000000008002154       0x94 ./objects/tlilcd.o
                0x0000000008002154                LCDDrawPoint
 .text.LCDShowChar
                0x00000000080021e8      0x1b4 ./objects/tlilcd.o
                0x00000000080021e8                LCDShowChar
 .text.LCDShowString
                0x000000000800239c      0x138 ./objects/tlilcd.o
                0x000000000800239c                LCDShowString
 .text.RGB565ToRGB888A
                0x00000000080024d4       0x48 ./objects/tlilcd.o
                0x00000000080024d4                RGB565ToRGB888A
 .text.SystemInit
                0x000000000800251c      0x18c ./objects/system_gd32h7xx.o
                0x000000000800251c                SystemInit
 .text.system_clock_config
                0x00000000080026a8        0xc ./objects/system_gd32h7xx.o
 .text.system_clock_600m_hxtal
                0x00000000080026b4      0x168 ./objects/system_gd32h7xx.o
 .text.dci_deinit
                0x000000000800281c       0x18 ./objects/gd32h7xx_dci.o
                0x000000000800281c                dci_deinit
 .text.dci_init
                0x0000000008002834       0x70 ./objects/gd32h7xx_dci.o
                0x0000000008002834                dci_init
 .text.dci_enable
                0x00000000080028a4       0x20 ./objects/gd32h7xx_dci.o
                0x00000000080028a4                dci_enable
 .text.dci_capture_enable
                0x00000000080028c4       0x20 ./objects/gd32h7xx_dci.o
                0x00000000080028c4                dci_capture_enable
 .text.dci_interrupt_enable
                0x00000000080028e4       0x24 ./objects/gd32h7xx_dci.o
                0x00000000080028e4                dci_interrupt_enable
 .text.dci_interrupt_flag_get
                0x0000000008002908       0x2c ./objects/gd32h7xx_dci.o
                0x0000000008002908                dci_interrupt_flag_get
 .text.dci_interrupt_flag_clear
                0x0000000008002934       0x24 ./objects/gd32h7xx_dci.o
                0x0000000008002934                dci_interrupt_flag_clear
 .text.dma_deinit
                0x0000000008002958      0x140 ./objects/gd32h7xx_dma.o
                0x0000000008002958                dma_deinit
 .text.dma_single_data_para_struct_init
                0x0000000008002a98       0x50 ./objects/gd32h7xx_dma.o
                0x0000000008002a98                dma_single_data_para_struct_init
 .text.dma_single_data_mode_init
                0x0000000008002ae8      0x30c ./objects/gd32h7xx_dma.o
                0x0000000008002ae8                dma_single_data_mode_init
 .text.dma_channel_enable
                0x0000000008002df4       0x46 ./objects/gd32h7xx_dma.o
                0x0000000008002df4                dma_channel_enable
 *fill*         0x0000000008002e3a        0x2 
 .text.exmc_sdram_init
                0x0000000008002e3c      0x184 ./objects/gd32h7xx_exmc.o
                0x0000000008002e3c                exmc_sdram_init
 .text.exmc_sdram_command_config
                0x0000000008002fc0       0x34 ./objects/gd32h7xx_exmc.o
                0x0000000008002fc0                exmc_sdram_command_config
 .text.exmc_sdram_refresh_count_set
                0x0000000008002ff4       0x38 ./objects/gd32h7xx_exmc.o
                0x0000000008002ff4                exmc_sdram_refresh_count_set
 .text.exmc_flag_get
                0x000000000800302c       0x48 ./objects/gd32h7xx_exmc.o
                0x000000000800302c                exmc_flag_get
 .text.gpio_mode_set
                0x0000000008003074       0x9c ./objects/gd32h7xx_gpio.o
                0x0000000008003074                gpio_mode_set
 .text.gpio_output_options_set
                0x0000000008003110       0x9c ./objects/gd32h7xx_gpio.o
                0x0000000008003110                gpio_output_options_set
 .text.gpio_bit_set
                0x00000000080031ac       0x20 ./objects/gd32h7xx_gpio.o
                0x00000000080031ac                gpio_bit_set
 .text.gpio_af_set
                0x00000000080031cc       0xc4 ./objects/gd32h7xx_gpio.o
                0x00000000080031cc                gpio_af_set
 .text.i2c_deinit
                0x0000000008003290       0x9c ./objects/gd32h7xx_i2c.o
                0x0000000008003290                i2c_deinit
 .text.i2c_timing_config
                0x000000000800332c       0x7c ./objects/gd32h7xx_i2c.o
                0x000000000800332c                i2c_timing_config
 .text.i2c_master_clock_config
                0x00000000080033a8       0x5a ./objects/gd32h7xx_i2c.o
                0x00000000080033a8                i2c_master_clock_config
 *fill*         0x0000000008003402        0x2 
 .text.i2c_master_addressing
                0x0000000008003404       0x64 ./objects/gd32h7xx_i2c.o
                0x0000000008003404                i2c_master_addressing
 .text.i2c_automatic_end_enable
                0x0000000008003468       0x24 ./objects/gd32h7xx_i2c.o
                0x0000000008003468                i2c_automatic_end_enable
 .text.i2c_address_config
                0x000000000800348c       0x3e ./objects/gd32h7xx_i2c.o
                0x000000000800348c                i2c_address_config
 .text.i2c_enable
                0x00000000080034ca       0x20 ./objects/gd32h7xx_i2c.o
                0x00000000080034ca                i2c_enable
 .text.i2c_start_on_bus
                0x00000000080034ea       0x24 ./objects/gd32h7xx_i2c.o
                0x00000000080034ea                i2c_start_on_bus
 .text.i2c_data_transmit
                0x000000000800350e       0x22 ./objects/gd32h7xx_i2c.o
                0x000000000800350e                i2c_data_transmit
 .text.i2c_transfer_byte_number_config
                0x0000000008003530       0x38 ./objects/gd32h7xx_i2c.o
                0x0000000008003530                i2c_transfer_byte_number_config
 .text.i2c_flag_get
                0x0000000008003568       0x2a ./objects/gd32h7xx_i2c.o
                0x0000000008003568                i2c_flag_get
 .text.i2c_flag_clear
                0x0000000008003592       0x28 ./objects/gd32h7xx_i2c.o
                0x0000000008003592                i2c_flag_clear
 .text.ipa_deinit
                0x00000000080035ba       0x18 ./objects/gd32h7xx_ipa.o
                0x00000000080035ba                ipa_deinit
 *fill*         0x00000000080035d2        0x2 
 .text.ipa_transfer_enable
                0x00000000080035d4       0x20 ./objects/gd32h7xx_ipa.o
                0x00000000080035d4                ipa_transfer_enable
 .text.ipa_pixel_format_convert_mode_set
                0x00000000080035f4       0x30 ./objects/gd32h7xx_ipa.o
                0x00000000080035f4                ipa_pixel_format_convert_mode_set
 .text.ipa_destination_struct_para_init
                0x0000000008003624       0x78 ./objects/gd32h7xx_ipa.o
                0x0000000008003624                ipa_destination_struct_para_init
 .text.ipa_destination_init
                0x000000000800369c      0x228 ./objects/gd32h7xx_ipa.o
                0x000000000800369c                ipa_destination_init
 .text.ipa_interrupt_flag_get
                0x00000000080038c4       0x2c ./objects/gd32h7xx_ipa.o
                0x00000000080038c4                ipa_interrupt_flag_get
 .text.ipa_interrupt_flag_clear
                0x00000000080038f0       0x24 ./objects/gd32h7xx_ipa.o
                0x00000000080038f0                ipa_interrupt_flag_clear
 .text.nvic_vector_table_set
                0x0000000008003914       0x34 ./objects/gd32h7xx_misc.o
                0x0000000008003914                nvic_vector_table_set
 .text.rcu_periph_clock_enable
                0x0000000008003948       0x48 ./objects/gd32h7xx_rcu.o
                0x0000000008003948                rcu_periph_clock_enable
 .text.rcu_periph_reset_enable
                0x0000000008003990       0x48 ./objects/gd32h7xx_rcu.o
                0x0000000008003990                rcu_periph_reset_enable
 .text.rcu_periph_reset_disable
                0x00000000080039d8       0x4c ./objects/gd32h7xx_rcu.o
                0x00000000080039d8                rcu_periph_reset_disable
 .text.rcu_ckout0_config
                0x0000000008003a24       0x38 ./objects/gd32h7xx_rcu.o
                0x0000000008003a24                rcu_ckout0_config
 .text.rcu_pll_input_output_clock_range_config
                0x0000000008003a5c       0x90 ./objects/gd32h7xx_rcu.o
                0x0000000008003a5c                rcu_pll_input_output_clock_range_config
 .text.rcu_pll2_config
                0x0000000008003aec       0xa0 ./objects/gd32h7xx_rcu.o
                0x0000000008003aec                rcu_pll2_config
 .text.rcu_pll_clock_output_enable
                0x0000000008003b8c       0x24 ./objects/gd32h7xx_rcu.o
                0x0000000008003b8c                rcu_pll_clock_output_enable
 .text.rcu_irc64mdiv_freq_get
                0x0000000008003bb0       0x78 ./objects/gd32h7xx_rcu.o
                0x0000000008003bb0                rcu_irc64mdiv_freq_get
 .text.rcu_tli_clock_div_config
                0x0000000008003c28       0x30 ./objects/gd32h7xx_rcu.o
                0x0000000008003c28                rcu_tli_clock_div_config
 .text.rcu_i2c_clock_config
                0x0000000008003c58       0xac ./objects/gd32h7xx_rcu.o
                0x0000000008003c58                rcu_i2c_clock_config
 .text.rcu_osci_stab_wait
                0x0000000008003d04      0x344 ./objects/gd32h7xx_rcu.o
                0x0000000008003d04                rcu_osci_stab_wait
 .text.rcu_osci_on
                0x0000000008004048       0x48 ./objects/gd32h7xx_rcu.o
                0x0000000008004048                rcu_osci_on
 .text.rcu_pll_clock_freq_cal
                0x0000000008004090       0x80 ./objects/gd32h7xx_rcu.o
 .text.rcu_clock_freq_get
                0x0000000008004110      0xbc4 ./objects/gd32h7xx_rcu.o
                0x0000000008004110                rcu_clock_freq_get
 .text.rcu_flag_get
                0x0000000008004cd4       0x40 ./objects/gd32h7xx_rcu.o
                0x0000000008004cd4                rcu_flag_get
 .text.timer_deinit
                0x0000000008004d14      0x38c ./objects/gd32h7xx_timer.o
                0x0000000008004d14                timer_deinit
 .text.timer_init
                0x00000000080050a0      0x21c ./objects/gd32h7xx_timer.o
                0x00000000080050a0                timer_init
 .text.timer_enable
                0x00000000080052bc       0x20 ./objects/gd32h7xx_timer.o
                0x00000000080052bc                timer_enable
 .text.timer_counter_read
                0x00000000080052dc       0xd8 ./objects/gd32h7xx_timer.o
                0x00000000080052dc                timer_counter_read
 .text.tli_deinit
                0x00000000080053b4       0x18 ./objects/gd32h7xx_tli.o
                0x00000000080053b4                tli_deinit
 .text.tli_struct_para_init
                0x00000000080053cc       0x6e ./objects/gd32h7xx_tli.o
                0x00000000080053cc                tli_struct_para_init
 *fill*         0x000000000800543a        0x2 
 .text.tli_init
                0x000000000800543c       0xf0 ./objects/gd32h7xx_tli.o
                0x000000000800543c                tli_init
 .text.tli_dither_config
                0x000000000800552c       0x3c ./objects/gd32h7xx_tli.o
                0x000000000800552c                tli_dither_config
 .text.tli_enable
                0x0000000008005568       0x20 ./objects/gd32h7xx_tli.o
                0x0000000008005568                tli_enable
 .text.tli_reload_config
                0x0000000008005588       0x3c ./objects/gd32h7xx_tli.o
                0x0000000008005588                tli_reload_config
 .text.tli_layer_struct_para_init
                0x00000000080055c4       0x76 ./objects/gd32h7xx_tli.o
                0x00000000080055c4                tli_layer_struct_para_init
 *fill*         0x000000000800563a        0x2 
 .text.tli_layer_init
                0x000000000800563c      0x150 ./objects/gd32h7xx_tli.o
                0x000000000800563c                tli_layer_init
 .text.tli_layer_enable
                0x000000000800578c       0x20 ./objects/gd32h7xx_tli.o
                0x000000000800578c                tli_layer_enable
 .text.tli_layer_disable
                0x00000000080057ac       0x20 ./objects/gd32h7xx_tli.o
                0x00000000080057ac                tli_layer_disable
 .text.tli_color_key_disable
                0x00000000080057cc       0x20 ./objects/gd32h7xx_tli.o
                0x00000000080057cc                tli_color_key_disable
 .text.tli_lut_disable
                0x00000000080057ec       0x20 ./objects/gd32h7xx_tli.o
                0x00000000080057ec                tli_lut_disable
 .text.usart_deinit
                0x000000000800580c      0x134 ./objects/gd32h7xx_usart.o
                0x000000000800580c                usart_deinit
 .text.usart_baudrate_set
                0x0000000008005940      0x180 ./objects/gd32h7xx_usart.o
                0x0000000008005940                usart_baudrate_set
 .text.usart_parity_config
                0x0000000008005ac0       0x3a ./objects/gd32h7xx_usart.o
                0x0000000008005ac0                usart_parity_config
 .text.usart_word_length_set
                0x0000000008005afa       0x3a ./objects/gd32h7xx_usart.o
                0x0000000008005afa                usart_word_length_set
 .text.usart_stop_bit_set
                0x0000000008005b34       0x44 ./objects/gd32h7xx_usart.o
                0x0000000008005b34                usart_stop_bit_set
 .text.usart_enable
                0x0000000008005b78       0x20 ./objects/gd32h7xx_usart.o
                0x0000000008005b78                usart_enable
 .text.usart_transmit_config
                0x0000000008005b98       0x2e ./objects/gd32h7xx_usart.o
                0x0000000008005b98                usart_transmit_config
 .text.usart_receive_config
                0x0000000008005bc6       0x2e ./objects/gd32h7xx_usart.o
                0x0000000008005bc6                usart_receive_config
 .text.usart_data_transmit
                0x0000000008005bf4       0x24 ./objects/gd32h7xx_usart.o
                0x0000000008005bf4                usart_data_transmit
 .text.usart_flag_get
                0x0000000008005c18       0x3e ./objects/gd32h7xx_usart.o
                0x0000000008005c18                usart_flag_get
 *fill*         0x0000000008005c56        0x2 
 .text.Reset_Handler
                0x0000000008005c58       0x5c ./objects/startup_gd32h7xx.o
                0x0000000008005c58                Reset_Handler
 .text.Default_Handler
                0x0000000008005cb4        0x2 ./objects/startup_gd32h7xx.o
                0x0000000008005cb4                RTC_Alarm_IRQHandler
                0x0000000008005cb4                SDIO1_IRQHandler
                0x0000000008005cb4                EXTI2_IRQHandler
                0x0000000008005cb4                TIMER2_IRQHandler
                0x0000000008005cb4                TIMER3_DEC_IRQHandler
                0x0000000008005cb4                SPI4_IRQHandler
                0x0000000008005cb4                CAN2_Busoff_IRQHandler
                0x0000000008005cb4                ENET0_WKUP_IRQHandler
                0x0000000008005cb4                TIMER1_DEC_IRQHandler
                0x0000000008005cb4                TIMER0_BRK_IRQHandler
                0x0000000008005cb4                CAN1_FastError_IRQHandler
                0x0000000008005cb4                TIMER31_IRQHandler
                0x0000000008005cb4                ADC0_1_IRQHandler
                0x0000000008005cb4                TIMER0_UP_IRQHandler
                0x0000000008005cb4                CAN2_Message_IRQHandler
                0x0000000008005cb4                HPDF_INT1_IRQHandler
                0x0000000008005cb4                TIMER15_IRQHandler
                0x0000000008005cb4                EXTI3_IRQHandler
                0x0000000008005cb4                TIMER51_IRQHandler
                0x0000000008005cb4                IPA_IRQHandler
                0x0000000008005cb4                USBHS0_IRQHandler
                0x0000000008005cb4                CAN2_TEC_IRQHandler
                0x0000000008005cb4                TIMER30_DEC_IRQHandler
                0x0000000008005cb4                CAN0_Message_IRQHandler
                0x0000000008005cb4                I2C3_ER_IRQHandler
                0x0000000008005cb4                CTC_IRQHandler
                0x0000000008005cb4                TIMER3_IRQHandler
                0x0000000008005cb4                MDMA_IRQHandler
                0x0000000008005cb4                DMA0_Channel6_IRQHandler
                0x0000000008005cb4                AVD_LVD_OVD_IRQHandler
                0x0000000008005cb4                CAN1_Error_IRQHandler
                0x0000000008005cb4                I2C0_EV_IRQHandler
                0x0000000008005cb4                I2C2_EV_IRQHandler
                0x0000000008005cb4                CAN1_WKUP_IRQHandler
                0x0000000008005cb4                CAU_IRQHandler
                0x0000000008005cb4                CAN0_TEC_IRQHandler
                0x0000000008005cb4                FPU_IRQHandler
                0x0000000008005cb4                TIMER50_IRQHandler
                0x0000000008005cb4                EFUSE_IRQHandler
                0x0000000008005cb4                TIMER40_IRQHandler
                0x0000000008005cb4                USBHS0_WKUP_IRQHandler
                0x0000000008005cb4                TIMER4_IRQHandler
                0x0000000008005cb4                CAN2_REC_IRQHandler
                0x0000000008005cb4                SPI1_IRQHandler
                0x0000000008005cb4                CAN0_REC_IRQHandler
                0x0000000008005cb4                DMA0_Channel0_IRQHandler
                0x0000000008005cb4                USART5_IRQHandler
                0x0000000008005cb4                CAN0_WKUP_IRQHandler
                0x0000000008005cb4                HPDF_INT3_IRQHandler
                0x0000000008005cb4                TIMER2_DEC_IRQHandler
                0x0000000008005cb4                DMA1_Channel0_IRQHandler
                0x0000000008005cb4                TIMER14_IRQHandler
                0x0000000008005cb4                TIMER6_IRQHandler
                0x0000000008005cb4                TIMER16_IRQHandler
                0x0000000008005cb4                DMA1_Channel4_IRQHandler
                0x0000000008005cb4                SAI2_IRQHandler
                0x0000000008005cb4                HPDF_INT2_IRQHandler
                0x0000000008005cb4                TIMER22_DEC_IRQHandler
                0x0000000008005cb4                DMA0_Channel3_IRQHandler
                0x0000000008005cb4                RTDEC1_IRQHandler
                0x0000000008005cb4                I2C0_ER_IRQHandler
                0x0000000008005cb4                TLI_IRQHandler
                0x0000000008005cb4                USBHS1_EP1_IN_IRQHandler
                0x0000000008005cb4                OSPI0_IRQHandler
                0x0000000008005cb4                TIMER31_DEC_IRQHandler
                0x0000000008005cb4                CAN1_REC_IRQHandler
                0x0000000008005cb4                ENET1_WKUP_IRQHandler
                0x0000000008005cb4                I2C3_WKUP_IRQHandler
                0x0000000008005cb4                CAN1_Busoff_IRQHandler
                0x0000000008005cb4                DMA1_Channel7_IRQHandler
                0x0000000008005cb4                TIMER7_UP_IRQHandler
                0x0000000008005cb4                CAN0_Busoff_IRQHandler
                0x0000000008005cb4                TIMER23_IRQHandler
                0x0000000008005cb4                MDIO_IRQHandler
                0x0000000008005cb4                DMA0_Channel2_IRQHandler
                0x0000000008005cb4                SDIO0_IRQHandler
                0x0000000008005cb4                RSPDIF_IRQHandler
                0x0000000008005cb4                USART0_IRQHandler
                0x0000000008005cb4                TIMER1_IRQHandler
                0x0000000008005cb4                USBHS1_IRQHandler
                0x0000000008005cb4                TIMER7_TRG_CMT_IRQHandler
                0x0000000008005cb4                TIMER0_TRG_CMT_IRQHandler
                0x0000000008005cb4                I2C1_EV_IRQHandler
                0x0000000008005cb4                TIMER0_DEC_IRQHandler
                0x0000000008005cb4                DMA1_Channel6_IRQHandler
                0x0000000008005cb4                UART4_IRQHandler
                0x0000000008005cb4                TIMER41_IRQHandler
                0x0000000008005cb4                EXTI10_15_IRQHandler
                0x0000000008005cb4                DMA1_Channel1_IRQHandler
                0x0000000008005cb4                Default_Handler
                0x0000000008005cb4                SAI0_IRQHandler
                0x0000000008005cb4                CAN2_Error_IRQHandler
                0x0000000008005cb4                TIMER7_Channel_IRQHandler
                0x0000000008005cb4                CAN2_FastError_IRQHandler
                0x0000000008005cb4                DMA0_Channel7_IRQHandler
                0x0000000008005cb4                TIMER23_DEC_IRQHandler
                0x0000000008005cb4                I2C2_WKUP_IRQHandler
                0x0000000008005cb4                WWDGT_IRQHandler
                0x0000000008005cb4                EXMC_IRQHandler
                0x0000000008005cb4                TIMER7_DEC_IRQHandler
                0x0000000008005cb4                SPI5_IRQHandler
                0x0000000008005cb4                CAN1_Message_IRQHandler
                0x0000000008005cb4                I2C3_EV_IRQHandler
                0x0000000008005cb4                TIMER43_IRQHandler
                0x0000000008005cb4                RTC_WKUP_IRQHandler
                0x0000000008005cb4                OSPI1_IRQHandler
                0x0000000008005cb4                ADC2_IRQHandler
                0x0000000008005cb4                SPI2_IRQHandler
                0x0000000008005cb4                LPDTS_WKUP_IRQHandler
                0x0000000008005cb4                FAC_IRQHandler
                0x0000000008005cb4                TIMER4_DEC_IRQHandler
                0x0000000008005cb4                TIMER44_IRQHandler
                0x0000000008005cb4                HAU_TRNG_IRQHandler
                0x0000000008005cb4                TIMER7_BRK_IRQHandler
                0x0000000008005cb4                DMA1_Channel5_IRQHandler
                0x0000000008005cb4                USBHS0_EP1_IN_IRQHandler
                0x0000000008005cb4                EXTI4_IRQHandler
                0x0000000008005cb4                TAMPER_STAMP_LXTAL_IRQHandler
                0x0000000008005cb4                USBHS0_EP1_OUT_IRQHandler
                0x0000000008005cb4                DMA0_Channel5_IRQHandler
                0x0000000008005cb4                TIMER30_IRQHandler
                0x0000000008005cb4                DMA1_Channel3_IRQHandler
                0x0000000008005cb4                ENET1_IRQHandler
                0x0000000008005cb4                ENET0_IRQHandler
                0x0000000008005cb4                HPDF_INT0_IRQHandler
                0x0000000008005cb4                RAMECCMU_IRQHandler
                0x0000000008005cb4                USBHS1_WKUP_IRQHandler
                0x0000000008005cb4                CAN0_Error_IRQHandler
                0x0000000008005cb4                EXTI5_9_IRQHandler
                0x0000000008005cb4                HWSEM_IRQHandler
                0x0000000008005cb4                TMU_IRQHandler
                0x0000000008005cb4                RCU_IRQHandler
                0x0000000008005cb4                DMA0_Channel1_IRQHandler
                0x0000000008005cb4                TIMER0_Channel_IRQHandler
                0x0000000008005cb4                EXTI1_IRQHandler
                0x0000000008005cb4                TIMER5_DAC_UDR_IRQHandler
                0x0000000008005cb4                CAN0_FastError_IRQHandler
                0x0000000008005cb4                SPI0_IRQHandler
                0x0000000008005cb4                UART7_IRQHandler
                0x0000000008005cb4                USART2_IRQHandler
                0x0000000008005cb4                CMP0_1_IRQHandler
                0x0000000008005cb4                UART6_IRQHandler
                0x0000000008005cb4                I2C1_WKUP_IRQHandler
                0x0000000008005cb4                I2C2_ER_IRQHandler
                0x0000000008005cb4                DMA1_Channel2_IRQHandler
                0x0000000008005cb4                LPDTS_IRQHandler
                0x0000000008005cb4                TLI_ER_IRQHandler
                0x0000000008005cb4                USART1_IRQHandler
                0x0000000008005cb4                USBHS1_EP1_OUT_IRQHandler
                0x0000000008005cb4                SPI3_IRQHandler
                0x0000000008005cb4                CAN1_TEC_IRQHandler
                0x0000000008005cb4                UART3_IRQHandler
                0x0000000008005cb4                I2C1_ER_IRQHandler
                0x0000000008005cb4                FMC_IRQHandler
                0x0000000008005cb4                TIMER22_IRQHandler
                0x0000000008005cb4                CAN2_WKUP_IRQHandler
                0x0000000008005cb4                I2C0_WKUP_IRQHandler
                0x0000000008005cb4                DMA0_Channel4_IRQHandler
                0x0000000008005cb4                DMAMUX_OVR_IRQHandler
                0x0000000008005cb4                SAI1_IRQHandler
                0x0000000008005cb4                TIMER42_IRQHandler
                0x0000000008005cb4                RTDEC0_IRQHandler
 *fill*         0x0000000008005cb6        0x2 
 .text.AI_Init  0x0000000008005cb8       0xac ./objects/ai_model.o
                0x0000000008005cb8                AI_Init
 .text.run_ai1_patch
                0x0000000008005d64      0x21c ./objects/ai_model.o
                0x0000000008005d64                run_ai1_patch
 .text.AI_Run   0x0000000008005f80       0xd8 ./objects/ai_model.o
                0x0000000008005f80                AI_Run
 .text.ai_network_1_inputs_get
                0x0000000008006058       0x1c ./objects/network_1.o
                0x0000000008006058                ai_network_1_inputs_get
 .text.ai_network_1_outputs_get
                0x0000000008006074       0x1c ./objects/network_1.o
                0x0000000008006074                ai_network_1_outputs_get
 .text.ai_network_1_init
                0x0000000008006090      0x5d4 ./objects/network_1.o
                0x0000000008006090                ai_network_1_init
 .text.ai_network_1_create_and_init
                0x0000000008006664       0xac ./objects/network_1.o
                0x0000000008006664                ai_network_1_create_and_init
 .text.ai_network_1_run
                0x0000000008006710        0x4 ./objects/network_1.o
                0x0000000008006710                ai_network_1_run
 .text.ai_network_1_data_params_get
                0x0000000008006714       0x34 ./objects/network_1_data.o
                0x0000000008006714                ai_network_1_data_params_get
 .text.ai_network_2_inputs_get
                0x0000000008006748       0x1c ./objects/network_2.o
                0x0000000008006748                ai_network_2_inputs_get
 .text.ai_network_2_outputs_get
                0x0000000008006764       0x1c ./objects/network_2.o
                0x0000000008006764                ai_network_2_outputs_get
 .text.ai_network_2_init
                0x0000000008006780      0x984 ./objects/network_2.o
                0x0000000008006780                ai_network_2_init
 .text.ai_network_2_create_and_init
                0x0000000008007104       0xac ./objects/network_2.o
                0x0000000008007104                ai_network_2_create_and_init
 .text.ai_network_2_run
                0x00000000080071b0        0x4 ./objects/network_2.o
                0x00000000080071b0                ai_network_2_run
 .text.ai_network_2_data_params_get
                0x00000000080071b4       0x34 ./objects/network_2_data.o
                0x00000000080071b4                ai_network_2_data_params_get
 .text.ai_buffer_get_size
                0x00000000080071e8       0x68 ../Edge_AI/ST_Lib/Lib\libNetworkRuntime801_CM4_GCC.a(ai_platform.o)
                0x00000000080071e8                ai_buffer_get_size
 .text.ai_buffer_array_sane
                0x0000000008007250       0x14 ../Edge_AI/ST_Lib/Lib\libNetworkRuntime801_CM4_GCC.a(ai_platform.o)
                0x0000000008007250                ai_buffer_array_sane
 .text.ai_buffer_array_item_set_address
                0x0000000008007264       0x20 ../Edge_AI/ST_Lib/Lib\libNetworkRuntime801_CM4_GCC.a(ai_platform.o)
                0x0000000008007264                ai_buffer_array_item_set_address
 .text._ai_platform_acquire_crc
                0x0000000008007284        0x4 ../Edge_AI/ST_Lib/Lib\libNetworkRuntime801_CM4_GCC.a(ai_platform_interface.o)
                0x0000000008007284                _ai_platform_acquire_crc
 .text._ai_platform_release_crc
                0x0000000008007288        0x4 ../Edge_AI/ST_Lib/Lib\libNetworkRuntime801_CM4_GCC.a(ai_platform_interface.o)
                0x0000000008007288                _ai_platform_release_crc
 .text.ai_platform_get_weights_map
                0x000000000800728c       0xa8 ../Edge_AI/ST_Lib/Lib\libNetworkRuntime801_CM4_GCC.a(ai_platform_interface.o)
                0x000000000800728c                ai_platform_get_weights_map
 .text.ai_platform_get_activations_map
                0x0000000008007334       0xa8 ../Edge_AI/ST_Lib/Lib\libNetworkRuntime801_CM4_GCC.a(ai_platform_interface.o)
                0x0000000008007334                ai_platform_get_activations_map
 .text.ai_platform_bind_network_params
                0x00000000080073dc       0x44 ../Edge_AI/ST_Lib/Lib\libNetworkRuntime801_CM4_GCC.a(ai_platform_interface.o)
                0x00000000080073dc                ai_platform_bind_network_params
 .text.ai_platform_network_get_error
                0x0000000008007420       0xdc ../Edge_AI/ST_Lib/Lib\libNetworkRuntime801_CM4_GCC.a(ai_platform_interface.o)
                0x0000000008007420                ai_platform_network_get_error
 .text.ai_platform_network_set_error
                0x00000000080074fc        0xc ../Edge_AI/ST_Lib/Lib\libNetworkRuntime801_CM4_GCC.a(ai_platform_interface.o)
                0x00000000080074fc                ai_platform_network_set_error
 .text.ai_platform_inputs_get
                0x0000000008007508      0x1ac ../Edge_AI/ST_Lib/Lib\libNetworkRuntime801_CM4_GCC.a(ai_platform_interface.o)
                0x0000000008007508                ai_platform_inputs_get
 .text.ai_platform_outputs_get
                0x00000000080076b4      0x1a0 ../Edge_AI/ST_Lib/Lib\libNetworkRuntime801_CM4_GCC.a(ai_platform_interface.o)
                0x00000000080076b4                ai_platform_outputs_get
 .text.ai_platform_network_create
                0x0000000008007854      0x1ac ../Edge_AI/ST_Lib/Lib\libNetworkRuntime801_CM4_GCC.a(ai_platform_interface.o)
                0x0000000008007854                ai_platform_network_create
 .text.ai_platform_network_init
                0x0000000008007a00      0x1dc ../Edge_AI/ST_Lib/Lib\libNetworkRuntime801_CM4_GCC.a(ai_platform_interface.o)
                0x0000000008007a00                ai_platform_network_init
 .text.ai_platform_network_post_init
                0x0000000008007bdc      0x110 ../Edge_AI/ST_Lib/Lib\libNetworkRuntime801_CM4_GCC.a(ai_platform_interface.o)
                0x0000000008007bdc                ai_platform_network_post_init
 .text.ai_platform_network_process
                0x0000000008007cec      0x50c ../Edge_AI/ST_Lib/Lib\libNetworkRuntime801_CM4_GCC.a(ai_platform_interface.o)
                0x0000000008007cec                ai_platform_network_process
 .text.node_convert
                0x00000000080081f8      0x29c ../Edge_AI/ST_Lib/Lib\libNetworkRuntime801_CM4_GCC.a(core_convert.o)
                0x00000000080081f8                node_convert
 .text.core_init
                0x0000000008008494        0x4 ../Edge_AI/ST_Lib/Lib\libNetworkRuntime801_CM4_GCC.a(core_common.o)
                0x0000000008008494                core_init
 .text.core_get_error
                0x0000000008008498        0xc ../Edge_AI/ST_Lib/Lib\libNetworkRuntime801_CM4_GCC.a(core_common.o)
                0x0000000008008498                core_get_error
 .text.core_set_error
                0x00000000080084a4       0x18 ../Edge_AI/ST_Lib/Lib\libNetworkRuntime801_CM4_GCC.a(core_common.o)
                0x00000000080084a4                core_set_error
 .text.forward_dense_integer_SSSA
                0x00000000080084bc      0x2f4 ../Edge_AI/ST_Lib/Lib\libNetworkRuntime801_CM4_GCC.a(layers_conv2d_stm32_integer.o)
                0x00000000080084bc                forward_dense_integer_SSSA
 .text.forward_pad
                0x00000000080087b0      0x3f8 ../Edge_AI/ST_Lib/Lib\libNetworkRuntime801_CM4_GCC.a(layers_generic_float.o)
                0x00000000080087b0                forward_pad
 .text.forward_concat
                0x0000000008008ba8      0x570 ../Edge_AI/ST_Lib/Lib\libNetworkRuntime801_CM4_GCC.a(layers_generic_float.o)
                0x0000000008008ba8                forward_concat
 .text.forward_transpose
                0x0000000008009118      0x15c ../Edge_AI/ST_Lib/Lib\libNetworkRuntime801_CM4_GCC.a(layers_generic_float.o)
                0x0000000008009118                forward_transpose
 .text.nl_func_array_integer
                0x0000000008009274       0x54 ../Edge_AI/ST_Lib/Lib\libNetworkRuntime801_CM4_GCC.a(layers_nl_stm32_integer.o)
                0x0000000008009274                nl_func_array_integer
 .text.forward_nl_integer
                0x00000000080092c8       0xb0 ../Edge_AI/ST_Lib/Lib\libNetworkRuntime801_CM4_GCC.a(layers_nl_stm32_integer.o)
                0x00000000080092c8                forward_nl_integer
 .text.forward_eltwise_integer_INT8
                0x0000000008009378      0x3c4 ../Edge_AI/ST_Lib/Lib\libNetworkRuntime801_CM4_GCC.a(layers_stm32_integer.o)
                0x0000000008009378                forward_eltwise_integer_INT8
 .text.func_dummy
                0x000000000800973c        0x4 ../Edge_AI/ST_Lib/Lib\libNetworkRuntime801_CM4_GCC.a(layers_dw_sssa8_ch.o)
 .text.forward_dw_sssa8_ch
                0x0000000008009740      0x260 ../Edge_AI/ST_Lib/Lib\libNetworkRuntime801_CM4_GCC.a(layers_dw_sssa8_ch.o)
                0x0000000008009740                forward_dw_sssa8_ch
 .text.forward_dw_3x3_sssa8_ch
                0x00000000080099a0      0x214 ../Edge_AI/ST_Lib/Lib\libNetworkRuntime801_CM4_GCC.a(layers_dw_sssa8_ch.o)
                0x00000000080099a0                forward_dw_3x3_sssa8_ch
 .text.func_dummy
                0x0000000008009bb4        0x4 ../Edge_AI/ST_Lib/Lib\libNetworkRuntime801_CM4_GCC.a(layers_pw_sssa8_ch.o)
 .text.forward_pw_sssa8_ch
                0x0000000008009bb8      0x264 ../Edge_AI/ST_Lib/Lib\libNetworkRuntime801_CM4_GCC.a(layers_pw_sssa8_ch.o)
                0x0000000008009bb8                forward_pw_sssa8_ch
 .text.ai_check_custom_types
                0x0000000008009e1c       0x54 ../Edge_AI/ST_Lib/Lib\libNetworkRuntime801_CM4_GCC.a(layers.o)
                0x0000000008009e1c                ai_check_custom_types
 .text.ai_layers_init_all
                0x0000000008009e70       0x1c ../Edge_AI/ST_Lib/Lib\libNetworkRuntime801_CM4_GCC.a(layers.o)
                0x0000000008009e70                ai_layers_init_all
 .text.ai_layers_post_init_all
                0x0000000008009e8c       0x28 ../Edge_AI/ST_Lib/Lib\libNetworkRuntime801_CM4_GCC.a(layers.o)
                0x0000000008009e8c                ai_layers_post_init_all
 .text.ai_layers_forward_all
                0x0000000008009eb4       0x94 ../Edge_AI/ST_Lib/Lib\libNetworkRuntime801_CM4_GCC.a(layers.o)
                0x0000000008009eb4                ai_layers_forward_all
 .text.func_dummy
                0x0000000008009f48        0x4 ../Edge_AI/ST_Lib/Lib\libNetworkRuntime801_CM4_GCC.a(layers_conv2d_rgb_sssa8_ch.o)
 .text.forward_conv2d_rgb_sssa8_ch
                0x0000000008009f4c      0x224 ../Edge_AI/ST_Lib/Lib\libNetworkRuntime801_CM4_GCC.a(layers_conv2d_rgb_sssa8_ch.o)
                0x0000000008009f4c                forward_conv2d_rgb_sssa8_ch
 .text.forward_ap_integer_INT8
                0x000000000800a170      0x1e4 ../Edge_AI/ST_Lib/Lib\libNetworkRuntime801_CM4_GCC.a(layers_pool_stm32_integer.o)
                0x000000000800a170                forward_ap_integer_INT8
 .text.forward_lite_pw_sssa8_ch
                0x000000000800a354      0x140 ../Edge_AI/ST_Lib/Lib\libNetworkRuntime801_CM4_GCC.a(forward_lite_pw_sssa8_ch.o)
                0x000000000800a354                forward_lite_pw_sssa8_ch
 .text.forward_lite_conv2d_rgb_sssa8_ch
                0x000000000800a494      0x520 ../Edge_AI/ST_Lib/Lib\libNetworkRuntime801_CM4_GCC.a(forward_lite_conv2d_sssa8_ch.o)
                0x000000000800a494                forward_lite_conv2d_rgb_sssa8_ch
 .text.st_dw_sssa8_ch_Wadapt
                0x000000000800a9b4      0x160 ../Edge_AI/ST_Lib/Lib\libNetworkRuntime801_CM4_GCC.a(forward_lite_dw_sssa8_ch.o)
                0x000000000800a9b4                st_dw_sssa8_ch_Wadapt
 .text.forward_lite_dw_3x3_sssa8_ch
                0x000000000800ab14      0xb8c ../Edge_AI/ST_Lib/Lib\libNetworkRuntime801_CM4_GCC.a(forward_lite_dw_sssa8_ch.o)
                0x000000000800ab14                forward_lite_dw_3x3_sssa8_ch
 .text.forward_lite_dw_sssa8_ch
                0x000000000800b6a0      0x8d4 ../Edge_AI/ST_Lib/Lib\libNetworkRuntime801_CM4_GCC.a(forward_lite_dw_sssa8_ch.o)
                0x000000000800b6a0                forward_lite_dw_sssa8_ch
 .text.ai_min_buffer_INT8
                0x000000000800bf74      0x2a4 ../Edge_AI/ST_Lib/Lib\libNetworkRuntime801_CM4_GCC.a(ai_math_helpers.o)
                0x000000000800bf74                ai_min_buffer_INT8
 .text.ai_mul_buffer_INT8
                0x000000000800c218      0x980 ../Edge_AI/ST_Lib/Lib\libNetworkRuntime801_CM4_GCC.a(ai_math_helpers.o)
                0x000000000800c218                ai_mul_buffer_INT8
 .text.ai_sum_f32
                0x000000000800cb98       0x14 ../Edge_AI/ST_Lib/Lib\libNetworkRuntime801_CM4_GCC.a(ai_math_helpers.o)
                0x000000000800cb98                ai_sum_f32
 .text.ai_mul_f32
                0x000000000800cbac       0x14 ../Edge_AI/ST_Lib/Lib\libNetworkRuntime801_CM4_GCC.a(ai_math_helpers.o)
                0x000000000800cbac                ai_mul_f32
 .text.ai_min_f32
                0x000000000800cbc0       0x1c ../Edge_AI/ST_Lib/Lib\libNetworkRuntime801_CM4_GCC.a(ai_math_helpers.o)
                0x000000000800cbc0                ai_min_f32
 .text.ai_sum_buffer_INT8
                0x000000000800cbdc      0x780 ../Edge_AI/ST_Lib/Lib\libNetworkRuntime801_CM4_GCC.a(ai_math_helpers.o)
                0x000000000800cbdc                ai_sum_buffer_INT8
 .text.align_factor
                0x000000000800d35c       0xa8 ../Edge_AI/ST_Lib/Lib\libNetworkRuntime801_CM4_GCC.a(st_convolve_reference.o)
                0x000000000800d35c                align_factor
 .text.align_factor_ch
                0x000000000800d404       0xcc ../Edge_AI/ST_Lib/Lib\libNetworkRuntime801_CM4_GCC.a(st_convolve_reference.o)
                0x000000000800d404                align_factor_ch
 .text.st_sssa8_ch_convolve_rank1upd
                0x000000000800d4d0      0x11c ../Edge_AI/ST_Lib/Lib\libNetworkRuntime801_CM4_GCC.a(st_sssa8_ch_convolve.o)
                0x000000000800d4d0                st_sssa8_ch_convolve_rank1upd
 .text.st_sssa8_fully_connected
                0x000000000800d5ec      0x5f4 ../Edge_AI/ST_Lib/Lib\libNetworkRuntime801_CM4_GCC.a(st_sssa8_dense.o)
                0x000000000800d5ec                st_sssa8_fully_connected
 .text.ai_padding_opt_init
                0x000000000800dbe0       0xb0 ../Edge_AI/ST_Lib/Lib\libNetworkRuntime801_CM4_GCC.a(st_padding_opt.o)
                0x000000000800dbe0                ai_padding_opt_init
 .text.ai_padding_opt_phase1
                0x000000000800dc90       0x34 ../Edge_AI/ST_Lib/Lib\libNetworkRuntime801_CM4_GCC.a(st_padding_opt.o)
                0x000000000800dc90                ai_padding_opt_phase1
 .text.st_int8_to16_dual
                0x000000000800dcc4      0x1d4 ../Edge_AI/ST_Lib/Lib\libNetworkRuntime801_CM4_GCC.a(st_int8_to16_no_shift.o)
                0x000000000800dcc4                st_int8_to16_dual
 .text.weights_2channels_prefetch
                0x000000000800de98      0x1d4 ../Edge_AI/ST_Lib/Lib\libNetworkRuntime801_CM4_GCC.a(st_sssa8_ch_nn_mat_mult_nt_t.o)
                0x000000000800de98                weights_2channels_prefetch
 .text.st_sssa8_ch_fullW_prefetch
                0x000000000800e06c       0x80 ../Edge_AI/ST_Lib/Lib\libNetworkRuntime801_CM4_GCC.a(st_sssa8_ch_nn_mat_mult_nt_t.o)
                0x000000000800e06c                st_sssa8_ch_fullW_prefetch
 .text.st_sssa8_ch_nn_mat_mult_nt_t
                0x000000000800e0ec      0xbd4 ../Edge_AI/ST_Lib/Lib\libNetworkRuntime801_CM4_GCC.a(st_sssa8_ch_nn_mat_mult_nt_t.o)
                0x000000000800e0ec                st_sssa8_ch_nn_mat_mult_nt_t
 .text.st_int8_fill
                0x000000000800ecc0       0xc4 ../Edge_AI/ST_Lib/Lib\libNetworkRuntime801_CM4_GCC.a(st_int8_fill.o)
                0x000000000800ecc0                st_int8_fill
 .text.st_int8_copy
                0x000000000800ed84       0xf0 ../Edge_AI/ST_Lib/Lib\libNetworkRuntime801_CM4_GCC.a(st_int8_fill.o)
                0x000000000800ed84                st_int8_copy
 .text.st_int8_reordered_no_shift_zero
                0x000000000800ee74       0x6c ../Edge_AI/ST_Lib/Lib\libNetworkRuntime801_CM4_GCC.a(st_int8_reordered_no_shift.o)
                0x000000000800ee74                st_int8_reordered_no_shift_zero
 .text.st_sssa8_ch_nn_mat_mult_kernel_opt
                0x000000000800eee0      0x63c ../Edge_AI/ST_Lib/Lib\libNetworkRuntime801_CM4_GCC.a(st_sssa8_ch_nn_mat_mult_kernel_opt.o)
                0x000000000800eee0                st_sssa8_ch_nn_mat_mult_kernel_opt
 .text.st_sssa8_ch_nn_mat_mult_kernel_single_opt
                0x000000000800f51c      0x418 ../Edge_AI/ST_Lib/Lib\libNetworkRuntime801_CM4_GCC.a(st_sssa8_ch_nn_mat_mult_kernel_opt.o)
                0x000000000800f51c                st_sssa8_ch_nn_mat_mult_kernel_single_opt
 .text.st_int8_avepool
                0x000000000800f934      0x3fc ../Edge_AI/ST_Lib/Lib\libNetworkRuntime801_CM4_GCC.a(st_int8_pool.o)
                0x000000000800f934                st_int8_avepool
 .text.arm_float_to_q15
                0x000000000800fd30      0x18c ../Edge_AI/ST_Lib/Lib\libNetworkRuntime801_CM4_GCC.a(arm_float_to_q15.o)
                0x000000000800fd30                arm_float_to_q15
 .text.arm_float_to_q7
                0x000000000800febc      0x1bc ../Edge_AI/ST_Lib/Lib\libNetworkRuntime801_CM4_GCC.a(arm_float_to_q7.o)
                0x000000000800febc                arm_float_to_q7
 .text.arm_q15_to_float
                0x0000000008010078       0xcc ../Edge_AI/ST_Lib/Lib\libNetworkRuntime801_CM4_GCC.a(arm_q15_to_float.o)
                0x0000000008010078                arm_q15_to_float
 .text.arm_q7_to_float
                0x0000000008010144       0xcc ../Edge_AI/ST_Lib/Lib\libNetworkRuntime801_CM4_GCC.a(arm_q7_to_float.o)
                0x0000000008010144                arm_q7_to_float
 .text.ai_version_get
                0x0000000008010210        0xc ../Edge_AI/ST_Lib/Lib\libNetworkRuntime801_CM4_GCC.a(ai_datatypes_internal.o)
                0x0000000008010210                ai_version_get
 .text.get_tensor_byte_size
                0x000000000801021c       0x30 ../Edge_AI/ST_Lib/Lib\libNetworkRuntime801_CM4_GCC.a(ai_datatypes_internal.o)
                0x000000000801021c                get_tensor_byte_size
 .text.ai_array_to_buffer_fmt
                0x000000000801024c       0xd8 ../Edge_AI/ST_Lib/Lib\libNetworkRuntime801_CM4_GCC.a(ai_datatypes_format.o)
                0x000000000801024c                ai_array_to_buffer_fmt
 .text.ai_array_get_byte_size
                0x0000000008010324       0x50 ../Edge_AI/ST_Lib/Lib\libNetworkRuntime801_CM4_GCC.a(ai_datatypes_format.o)
                0x0000000008010324                ai_array_get_byte_size
 .text.ai_array_get_data_byte_size
                0x0000000008010374       0x24 ../Edge_AI/ST_Lib/Lib\libNetworkRuntime801_CM4_GCC.a(ai_datatypes_format.o)
                0x0000000008010374                ai_array_get_data_byte_size
 .text.core_get_broadcasted_shape
                0x0000000008010398       0x58 ../Edge_AI/ST_Lib/Lib\libNetworkRuntime801_CM4_GCC.a(core_utils.o)
                0x0000000008010398                core_get_broadcasted_shape
 .text.core_compute_offsets_in_bytes
                0x00000000080103f0      0x168 ../Edge_AI/ST_Lib/Lib\libNetworkRuntime801_CM4_GCC.a(core_utils.o)
                0x00000000080103f0                core_compute_offsets_in_bytes
 .text.checkint
                0x0000000008010558       0x2e d:/keil5/keil5/arm/gcc/bin/../lib/gcc/arm-none-eabi/10.3.1/../../../../arm-none-eabi/lib/thumb/v7e-m+dp/hard\libm.a(lib_a-sf_pow.o)
 *fill*         0x0000000008010586        0x2 
 .text.powf     0x0000000008010588      0x2c0 d:/keil5/keil5/arm/gcc/bin/../lib/gcc/arm-none-eabi/10.3.1/../../../../arm-none-eabi/lib/thumb/v7e-m+dp/hard\libm.a(lib_a-sf_pow.o)
                0x0000000008010588                powf
 .text.with_errnof
                0x0000000008010848       0x16 d:/keil5/keil5/arm/gcc/bin/../lib/gcc/arm-none-eabi/10.3.1/../../../../arm-none-eabi/lib/thumb/v7e-m+dp/hard\libm.a(lib_a-math_errf.o)
 .text.xflowf   0x000000000801085e       0x16 d:/keil5/keil5/arm/gcc/bin/../lib/gcc/arm-none-eabi/10.3.1/../../../../arm-none-eabi/lib/thumb/v7e-m+dp/hard\libm.a(lib_a-math_errf.o)
 .text.__math_uflowf
                0x0000000008010874        0xc d:/keil5/keil5/arm/gcc/bin/../lib/gcc/arm-none-eabi/10.3.1/../../../../arm-none-eabi/lib/thumb/v7e-m+dp/hard\libm.a(lib_a-math_errf.o)
                0x0000000008010874                __math_uflowf
 .text.__math_may_uflowf
                0x0000000008010880        0xc d:/keil5/keil5/arm/gcc/bin/../lib/gcc/arm-none-eabi/10.3.1/../../../../arm-none-eabi/lib/thumb/v7e-m+dp/hard\libm.a(lib_a-math_errf.o)
                0x0000000008010880                __math_may_uflowf
 .text.__math_oflowf
                0x000000000801088c        0xc d:/keil5/keil5/arm/gcc/bin/../lib/gcc/arm-none-eabi/10.3.1/../../../../arm-none-eabi/lib/thumb/v7e-m+dp/hard\libm.a(lib_a-math_errf.o)
                0x000000000801088c                __math_oflowf
 .text.__math_divzerof
                0x0000000008010898       0x20 d:/keil5/keil5/arm/gcc/bin/../lib/gcc/arm-none-eabi/10.3.1/../../../../arm-none-eabi/lib/thumb/v7e-m+dp/hard\libm.a(lib_a-math_errf.o)
                0x0000000008010898                __math_divzerof
 .text.__math_invalidf
                0x00000000080108b8       0x1e d:/keil5/keil5/arm/gcc/bin/../lib/gcc/arm-none-eabi/10.3.1/../../../../arm-none-eabi/lib/thumb/v7e-m+dp/hard\libm.a(lib_a-math_errf.o)
                0x00000000080108b8                __math_invalidf
 *fill*         0x00000000080108d6        0x2 
 .text.__errno  0x00000000080108d8        0xc d:/keil5/keil5/arm/gcc/bin/../lib/gcc/arm-none-eabi/10.3.1/../../../../arm-none-eabi/lib/thumb/v7e-m+dp/hard\libc.a(lib_a-errno.o)
                0x00000000080108d8                __errno
 .text.__libc_init_array
                0x00000000080108e4       0x48 d:/keil5/keil5/arm/gcc/bin/../lib/gcc/arm-none-eabi/10.3.1/../../../../arm-none-eabi/lib/thumb/v7e-m+dp/hard\libc.a(lib_a-init.o)
                0x00000000080108e4                __libc_init_array
 .text._malloc_r
                0x000000000801092c      0x478 d:/keil5/keil5/arm/gcc/bin/../lib/gcc/arm-none-eabi/10.3.1/../../../../arm-none-eabi/lib/thumb/v7e-m+dp/hard\libc.a(lib_a-mallocr.o)
                0x000000000801092c                _malloc_r
 .text.memcpy   0x0000000008010da4       0x1c d:/keil5/keil5/arm/gcc/bin/../lib/gcc/arm-none-eabi/10.3.1/../../../../arm-none-eabi/lib/thumb/v7e-m+dp/hard\libc.a(lib_a-memcpy-stub.o)
                0x0000000008010da4                memcpy
 .text.memmove  0x0000000008010dc0       0x34 d:/keil5/keil5/arm/gcc/bin/../lib/gcc/arm-none-eabi/10.3.1/../../../../arm-none-eabi/lib/thumb/v7e-m+dp/hard\libc.a(lib_a-memmove.o)
                0x0000000008010dc0                memmove
 .text.memset   0x0000000008010df4       0x10 d:/keil5/keil5/arm/gcc/bin/../lib/gcc/arm-none-eabi/10.3.1/../../../../arm-none-eabi/lib/thumb/v7e-m+dp/hard\libc.a(lib_a-memset.o)
                0x0000000008010df4                memset
 .text.__malloc_lock
                0x0000000008010e04        0xc d:/keil5/keil5/arm/gcc/bin/../lib/gcc/arm-none-eabi/10.3.1/../../../../arm-none-eabi/lib/thumb/v7e-m+dp/hard\libc.a(lib_a-mlock.o)
                0x0000000008010e04                __malloc_lock
 .text.__malloc_unlock
                0x0000000008010e10        0xc d:/keil5/keil5/arm/gcc/bin/../lib/gcc/arm-none-eabi/10.3.1/../../../../arm-none-eabi/lib/thumb/v7e-m+dp/hard\libc.a(lib_a-mlock.o)
                0x0000000008010e10                __malloc_unlock
 .text.printf   0x0000000008010e1c       0x24 d:/keil5/keil5/arm/gcc/bin/../lib/gcc/arm-none-eabi/10.3.1/../../../../arm-none-eabi/lib/thumb/v7e-m+dp/hard\libc.a(lib_a-printf.o)
                0x0000000008010e1c                printf
 .text._puts_r  0x0000000008010e40       0x8c d:/keil5/keil5/arm/gcc/bin/../lib/gcc/arm-none-eabi/10.3.1/../../../../arm-none-eabi/lib/thumb/v7e-m+dp/hard\libc.a(lib_a-puts.o)
                0x0000000008010e40                _puts_r
 .text.puts     0x0000000008010ecc       0x10 d:/keil5/keil5/arm/gcc/bin/../lib/gcc/arm-none-eabi/10.3.1/../../../../arm-none-eabi/lib/thumb/v7e-m+dp/hard\libc.a(lib_a-puts.o)
                0x0000000008010ecc                puts
 .text._realloc_r
                0x0000000008010edc      0x348 d:/keil5/keil5/arm/gcc/bin/../lib/gcc/arm-none-eabi/10.3.1/../../../../arm-none-eabi/lib/thumb/v7e-m+dp/hard\libc.a(lib_a-reallocr.o)
                0x0000000008010edc                _realloc_r
 .text._sbrk_r  0x0000000008011224       0x20 d:/keil5/keil5/arm/gcc/bin/../lib/gcc/arm-none-eabi/10.3.1/../../../../arm-none-eabi/lib/thumb/v7e-m+dp/hard\libc.a(lib_a-sbrkr.o)
                0x0000000008011224                _sbrk_r
 .text.sprintf  0x0000000008011244       0x40 d:/keil5/keil5/arm/gcc/bin/../lib/gcc/arm-none-eabi/10.3.1/../../../../arm-none-eabi/lib/thumb/v7e-m+dp/hard\libc.a(lib_a-sprintf.o)
                0x0000000008011244                sprintf
 *fill*         0x0000000008011284        0x4 
 .text._svfprintf_r
                0x0000000008011288     0x139c d:/keil5/keil5/arm/gcc/bin/../lib/gcc/arm-none-eabi/10.3.1/../../../../arm-none-eabi/lib/thumb/v7e-m+dp/hard\libc.a(lib_a-svfprintf.o)
                0x0000000008011288                _svfprintf_r
 .text.sysconf  0x0000000008012624       0x1a d:/keil5/keil5/arm/gcc/bin/../lib/gcc/arm-none-eabi/10.3.1/../../../../arm-none-eabi/lib/thumb/v7e-m+dp/hard\libc.a(lib_a-sysconf.o)
                0x0000000008012624                sysconf
 *fill*         0x000000000801263e        0x2 
 .text._vfprintf_r
                0x0000000008012640     0x1448 d:/keil5/keil5/arm/gcc/bin/../lib/gcc/arm-none-eabi/10.3.1/../../../../arm-none-eabi/lib/thumb/v7e-m+dp/hard\libc.a(lib_a-vfprintf.o)
                0x0000000008012640                _vfprintf_r
 .text.__sbprintf
                0x0000000008013a88       0x80 d:/keil5/keil5/arm/gcc/bin/../lib/gcc/arm-none-eabi/10.3.1/../../../../arm-none-eabi/lib/thumb/v7e-m+dp/hard\libc.a(lib_a-vfprintf.o)
 .text.__swsetup_r
                0x0000000008013b08       0xb0 d:/keil5/keil5/arm/gcc/bin/../lib/gcc/arm-none-eabi/10.3.1/../../../../arm-none-eabi/lib/thumb/v7e-m+dp/hard\libc.a(lib_a-wsetup.o)
                0x0000000008013b08                __swsetup_r
 .text.startup.register_fini
                0x0000000008013bb8       0x14 d:/keil5/keil5/arm/gcc/bin/../lib/gcc/arm-none-eabi/10.3.1/../../../../arm-none-eabi/lib/thumb/v7e-m+dp/hard\libc.a(lib_a-__call_atexit.o)
 .text.atexit   0x0000000008013bcc        0xc d:/keil5/keil5/arm/gcc/bin/../lib/gcc/arm-none-eabi/10.3.1/../../../../arm-none-eabi/lib/thumb/v7e-m+dp/hard\libc.a(lib_a-atexit.o)
                0x0000000008013bcc                atexit
 .text.quorem   0x0000000008013bd8      0x116 d:/keil5/keil5/arm/gcc/bin/../lib/gcc/arm-none-eabi/10.3.1/../../../../arm-none-eabi/lib/thumb/v7e-m+dp/hard\libc.a(lib_a-dtoa.o)
 *fill*         0x0000000008013cee        0x2 
 .text._dtoa_r  0x0000000008013cf0      0xaac d:/keil5/keil5/arm/gcc/bin/../lib/gcc/arm-none-eabi/10.3.1/../../../../arm-none-eabi/lib/thumb/v7e-m+dp/hard\libc.a(lib_a-dtoa.o)
                0x0000000008013cf0                _dtoa_r
 .text.__sflush_r
                0x000000000801479c      0x11c d:/keil5/keil5/arm/gcc/bin/../lib/gcc/arm-none-eabi/10.3.1/../../../../arm-none-eabi/lib/thumb/v7e-m+dp/hard\libc.a(lib_a-fflush.o)
                0x000000000801479c                __sflush_r
 .text._fflush_r
                0x00000000080148b8       0x4a d:/keil5/keil5/arm/gcc/bin/../lib/gcc/arm-none-eabi/10.3.1/../../../../arm-none-eabi/lib/thumb/v7e-m+dp/hard\libc.a(lib_a-fflush.o)
                0x00000000080148b8                _fflush_r
 *fill*         0x0000000008014902        0x2 
 .text.std      0x0000000008014904       0x50 d:/keil5/keil5/arm/gcc/bin/../lib/gcc/arm-none-eabi/10.3.1/../../../../arm-none-eabi/lib/thumb/v7e-m+dp/hard\libc.a(lib_a-findfp.o)
 .text._cleanup_r
                0x0000000008014954        0xc d:/keil5/keil5/arm/gcc/bin/../lib/gcc/arm-none-eabi/10.3.1/../../../../arm-none-eabi/lib/thumb/v7e-m+dp/hard\libc.a(lib_a-findfp.o)
                0x0000000008014954                _cleanup_r
 .text.__sfp_lock_acquire
                0x0000000008014960        0xc d:/keil5/keil5/arm/gcc/bin/../lib/gcc/arm-none-eabi/10.3.1/../../../../arm-none-eabi/lib/thumb/v7e-m+dp/hard\libc.a(lib_a-findfp.o)
                0x0000000008014960                __sfp_lock_acquire
 .text.__sfp_lock_release
                0x000000000801496c        0xc d:/keil5/keil5/arm/gcc/bin/../lib/gcc/arm-none-eabi/10.3.1/../../../../arm-none-eabi/lib/thumb/v7e-m+dp/hard\libc.a(lib_a-findfp.o)
                0x000000000801496c                __sfp_lock_release
 .text.__sinit_lock_acquire
                0x0000000008014978        0xc d:/keil5/keil5/arm/gcc/bin/../lib/gcc/arm-none-eabi/10.3.1/../../../../arm-none-eabi/lib/thumb/v7e-m+dp/hard\libc.a(lib_a-findfp.o)
                0x0000000008014978                __sinit_lock_acquire
 .text.__sinit_lock_release
                0x0000000008014984        0xc d:/keil5/keil5/arm/gcc/bin/../lib/gcc/arm-none-eabi/10.3.1/../../../../arm-none-eabi/lib/thumb/v7e-m+dp/hard\libc.a(lib_a-findfp.o)
                0x0000000008014984                __sinit_lock_release
 .text.__sinit  0x0000000008014990       0x50 d:/keil5/keil5/arm/gcc/bin/../lib/gcc/arm-none-eabi/10.3.1/../../../../arm-none-eabi/lib/thumb/v7e-m+dp/hard\libc.a(lib_a-findfp.o)
                0x0000000008014990                __sinit
 .text.__libc_fini_array
                0x00000000080149e0       0x28 d:/keil5/keil5/arm/gcc/bin/../lib/gcc/arm-none-eabi/10.3.1/../../../../arm-none-eabi/lib/thumb/v7e-m+dp/hard\libc.a(lib_a-fini.o)
                0x00000000080149e0                __libc_fini_array
 .text._malloc_trim_r
                0x0000000008014a08       0xa8 d:/keil5/keil5/arm/gcc/bin/../lib/gcc/arm-none-eabi/10.3.1/../../../../arm-none-eabi/lib/thumb/v7e-m+dp/hard\libc.a(lib_a-freer.o)
                0x0000000008014a08                _malloc_trim_r
 .text._free_r  0x0000000008014ab0      0x180 d:/keil5/keil5/arm/gcc/bin/../lib/gcc/arm-none-eabi/10.3.1/../../../../arm-none-eabi/lib/thumb/v7e-m+dp/hard\libc.a(lib_a-freer.o)
                0x0000000008014ab0                _free_r
 .text.__sfvwrite_r
                0x0000000008014c30      0x294 d:/keil5/keil5/arm/gcc/bin/../lib/gcc/arm-none-eabi/10.3.1/../../../../arm-none-eabi/lib/thumb/v7e-m+dp/hard\libc.a(lib_a-fvwrite.o)
                0x0000000008014c30                __sfvwrite_r
 .text._fwalk_reent
                0x0000000008014ec4       0x3e d:/keil5/keil5/arm/gcc/bin/../lib/gcc/arm-none-eabi/10.3.1/../../../../arm-none-eabi/lib/thumb/v7e-m+dp/hard\libc.a(lib_a-fwalk.o)
                0x0000000008014ec4                _fwalk_reent
 *fill*         0x0000000008014f02        0x2 
 .text._localeconv_r
                0x0000000008014f04        0x8 d:/keil5/keil5/arm/gcc/bin/../lib/gcc/arm-none-eabi/10.3.1/../../../../arm-none-eabi/lib/thumb/v7e-m+dp/hard\libc.a(lib_a-localeconv.o)
                0x0000000008014f04                _localeconv_r
 .text.__retarget_lock_init_recursive
                0x0000000008014f0c        0x2 d:/keil5/keil5/arm/gcc/bin/../lib/gcc/arm-none-eabi/10.3.1/../../../../arm-none-eabi/lib/thumb/v7e-m+dp/hard\libc.a(lib_a-lock.o)
                0x0000000008014f0c                __retarget_lock_init_recursive
 .text.__retarget_lock_close_recursive
                0x0000000008014f0e        0x2 d:/keil5/keil5/arm/gcc/bin/../lib/gcc/arm-none-eabi/10.3.1/../../../../arm-none-eabi/lib/thumb/v7e-m+dp/hard\libc.a(lib_a-lock.o)
                0x0000000008014f0e                __retarget_lock_close_recursive
 .text.__retarget_lock_acquire_recursive
                0x0000000008014f10        0x2 d:/keil5/keil5/arm/gcc/bin/../lib/gcc/arm-none-eabi/10.3.1/../../../../arm-none-eabi/lib/thumb/v7e-m+dp/hard\libc.a(lib_a-lock.o)
                0x0000000008014f10                __retarget_lock_acquire_recursive
 .text.__retarget_lock_release_recursive
                0x0000000008014f12        0x2 d:/keil5/keil5/arm/gcc/bin/../lib/gcc/arm-none-eabi/10.3.1/../../../../arm-none-eabi/lib/thumb/v7e-m+dp/hard\libc.a(lib_a-lock.o)
                0x0000000008014f12                __retarget_lock_release_recursive
 .text.__swhatbuf_r
                0x0000000008014f14       0x58 d:/keil5/keil5/arm/gcc/bin/../lib/gcc/arm-none-eabi/10.3.1/../../../../arm-none-eabi/lib/thumb/v7e-m+dp/hard\libc.a(lib_a-makebuf.o)
                0x0000000008014f14                __swhatbuf_r
 .text.__smakebuf_r
                0x0000000008014f6c       0x80 d:/keil5/keil5/arm/gcc/bin/../lib/gcc/arm-none-eabi/10.3.1/../../../../arm-none-eabi/lib/thumb/v7e-m+dp/hard\libc.a(lib_a-makebuf.o)
                0x0000000008014f6c                __smakebuf_r
 .text._Balloc  0x0000000008014fec       0x4a d:/keil5/keil5/arm/gcc/bin/../lib/gcc/arm-none-eabi/10.3.1/../../../../arm-none-eabi/lib/thumb/v7e-m+dp/hard\libc.a(lib_a-mprec.o)
                0x0000000008014fec                _Balloc
 .text._Bfree   0x0000000008015036       0x12 d:/keil5/keil5/arm/gcc/bin/../lib/gcc/arm-none-eabi/10.3.1/../../../../arm-none-eabi/lib/thumb/v7e-m+dp/hard\libc.a(lib_a-mprec.o)
                0x0000000008015036                _Bfree
 .text.__multadd
                0x0000000008015048       0x8c d:/keil5/keil5/arm/gcc/bin/../lib/gcc/arm-none-eabi/10.3.1/../../../../arm-none-eabi/lib/thumb/v7e-m+dp/hard\libc.a(lib_a-mprec.o)
                0x0000000008015048                __multadd
 .text.__hi0bits
                0x00000000080150d4       0x40 d:/keil5/keil5/arm/gcc/bin/../lib/gcc/arm-none-eabi/10.3.1/../../../../arm-none-eabi/lib/thumb/v7e-m+dp/hard\libc.a(lib_a-mprec.o)
                0x00000000080150d4                __hi0bits
 .text.__lo0bits
                0x0000000008015114       0x5e d:/keil5/keil5/arm/gcc/bin/../lib/gcc/arm-none-eabi/10.3.1/../../../../arm-none-eabi/lib/thumb/v7e-m+dp/hard\libc.a(lib_a-mprec.o)
                0x0000000008015114                __lo0bits
 *fill*         0x0000000008015172        0x2 
 .text.__i2b    0x0000000008015174       0x2c d:/keil5/keil5/arm/gcc/bin/../lib/gcc/arm-none-eabi/10.3.1/../../../../arm-none-eabi/lib/thumb/v7e-m+dp/hard\libc.a(lib_a-mprec.o)
                0x0000000008015174                __i2b
 .text.__multiply
                0x00000000080151a0      0x154 d:/keil5/keil5/arm/gcc/bin/../lib/gcc/arm-none-eabi/10.3.1/../../../../arm-none-eabi/lib/thumb/v7e-m+dp/hard\libc.a(lib_a-mprec.o)
                0x00000000080151a0                __multiply
 .text.__pow5mult
                0x00000000080152f4       0x80 d:/keil5/keil5/arm/gcc/bin/../lib/gcc/arm-none-eabi/10.3.1/../../../../arm-none-eabi/lib/thumb/v7e-m+dp/hard\libc.a(lib_a-mprec.o)
                0x00000000080152f4                __pow5mult
 .text.__lshift
                0x0000000008015374       0xe0 d:/keil5/keil5/arm/gcc/bin/../lib/gcc/arm-none-eabi/10.3.1/../../../../arm-none-eabi/lib/thumb/v7e-m+dp/hard\libc.a(lib_a-mprec.o)
                0x0000000008015374                __lshift
 .text.__mcmp   0x0000000008015454       0x38 d:/keil5/keil5/arm/gcc/bin/../lib/gcc/arm-none-eabi/10.3.1/../../../../arm-none-eabi/lib/thumb/v7e-m+dp/hard\libc.a(lib_a-mprec.o)
                0x0000000008015454                __mcmp
 .text.__mdiff  0x000000000801548c      0x114 d:/keil5/keil5/arm/gcc/bin/../lib/gcc/arm-none-eabi/10.3.1/../../../../arm-none-eabi/lib/thumb/v7e-m+dp/hard\libc.a(lib_a-mprec.o)
                0x000000000801548c                __mdiff
 .text.__d2b    0x00000000080155a0       0xb8 d:/keil5/keil5/arm/gcc/bin/../lib/gcc/arm-none-eabi/10.3.1/../../../../arm-none-eabi/lib/thumb/v7e-m+dp/hard\libc.a(lib_a-mprec.o)
                0x00000000080155a0                __d2b
 .text.frexp    0x0000000008015658       0x70 d:/keil5/keil5/arm/gcc/bin/../lib/gcc/arm-none-eabi/10.3.1/../../../../arm-none-eabi/lib/thumb/v7e-m+dp/hard\libc.a(lib_a-s_frexp.o)
                0x0000000008015658                frexp
 .text.__sread  0x00000000080156c8       0x22 d:/keil5/keil5/arm/gcc/bin/../lib/gcc/arm-none-eabi/10.3.1/../../../../arm-none-eabi/lib/thumb/v7e-m+dp/hard\libc.a(lib_a-stdio.o)
                0x00000000080156c8                __sread
 .text.__swrite
                0x00000000080156ea       0x38 d:/keil5/keil5/arm/gcc/bin/../lib/gcc/arm-none-eabi/10.3.1/../../../../arm-none-eabi/lib/thumb/v7e-m+dp/hard\libc.a(lib_a-stdio.o)
                0x00000000080156ea                __swrite
 .text.__sseek  0x0000000008015722       0x24 d:/keil5/keil5/arm/gcc/bin/../lib/gcc/arm-none-eabi/10.3.1/../../../../arm-none-eabi/lib/thumb/v7e-m+dp/hard\libc.a(lib_a-stdio.o)
                0x0000000008015722                __sseek
 .text.__sclose
                0x0000000008015746        0x8 d:/keil5/keil5/arm/gcc/bin/../lib/gcc/arm-none-eabi/10.3.1/../../../../arm-none-eabi/lib/thumb/v7e-m+dp/hard\libc.a(lib_a-stdio.o)
                0x0000000008015746                __sclose
 .text.strncpy  0x000000000801574e       0x26 d:/keil5/keil5/arm/gcc/bin/../lib/gcc/arm-none-eabi/10.3.1/../../../../arm-none-eabi/lib/thumb/v7e-m+dp/hard\libc.a(lib_a-strncpy.o)
                0x000000000801574e                strncpy
 .text.__ssprint_r
                0x0000000008015774       0xf6 d:/keil5/keil5/arm/gcc/bin/../lib/gcc/arm-none-eabi/10.3.1/../../../../arm-none-eabi/lib/thumb/v7e-m+dp/hard\libc.a(lib_a-svfiprintf.o)
                0x0000000008015774                __ssprint_r
 .text.__sprint_r
                0x000000000801586a       0x64 d:/keil5/keil5/arm/gcc/bin/../lib/gcc/arm-none-eabi/10.3.1/../../../../arm-none-eabi/lib/thumb/v7e-m+dp/hard\libc.a(lib_a-vfiprintf.o)
                0x000000000801586a                __sprint_r
 *fill*         0x00000000080158ce        0x2 
 .text._vfiprintf_r
                0x00000000080158d0      0x92c d:/keil5/keil5/arm/gcc/bin/../lib/gcc/arm-none-eabi/10.3.1/../../../../arm-none-eabi/lib/thumb/v7e-m+dp/hard\libc.a(lib_a-vfiprintf.o)
                0x00000000080158d0                _vfiprintf_r
 .text.__sbprintf
                0x00000000080161fc       0x80 d:/keil5/keil5/arm/gcc/bin/../lib/gcc/arm-none-eabi/10.3.1/../../../../arm-none-eabi/lib/thumb/v7e-m+dp/hard\libc.a(lib_a-vfiprintf.o)
 .text._write_r
                0x000000000801627c       0x24 d:/keil5/keil5/arm/gcc/bin/../lib/gcc/arm-none-eabi/10.3.1/../../../../arm-none-eabi/lib/thumb/v7e-m+dp/hard\libc.a(lib_a-writer.o)
                0x000000000801627c                _write_r
 .text.__register_exitproc
                0x00000000080162a0       0x84 d:/keil5/keil5/arm/gcc/bin/../lib/gcc/arm-none-eabi/10.3.1/../../../../arm-none-eabi/lib/thumb/v7e-m+dp/hard\libc.a(lib_a-__atexit.o)
                0x00000000080162a0                __register_exitproc
 .text.__assert_func
                0x0000000008016324       0x3c d:/keil5/keil5/arm/gcc/bin/../lib/gcc/arm-none-eabi/10.3.1/../../../../arm-none-eabi/lib/thumb/v7e-m+dp/hard\libc.a(lib_a-assert.o)
                0x0000000008016324                __assert_func
 .text._calloc_r
                0x0000000008016360       0x6a d:/keil5/keil5/arm/gcc/bin/../lib/gcc/arm-none-eabi/10.3.1/../../../../arm-none-eabi/lib/thumb/v7e-m+dp/hard\libc.a(lib_a-callocr.o)
                0x0000000008016360                _calloc_r
 *fill*         0x00000000080163ca        0x2 
 .text._close_r
                0x00000000080163cc       0x20 d:/keil5/keil5/arm/gcc/bin/../lib/gcc/arm-none-eabi/10.3.1/../../../../arm-none-eabi/lib/thumb/v7e-m+dp/hard\libc.a(lib_a-closer.o)
                0x00000000080163cc                _close_r
 .text._fclose_r
                0x00000000080163ec       0xae d:/keil5/keil5/arm/gcc/bin/../lib/gcc/arm-none-eabi/10.3.1/../../../../arm-none-eabi/lib/thumb/v7e-m+dp/hard\libc.a(lib_a-fclose.o)
                0x00000000080163ec                _fclose_r
 *fill*         0x000000000801649a        0x2 
 .text.fiprintf
                0x000000000801649c       0x24 d:/keil5/keil5/arm/gcc/bin/../lib/gcc/arm-none-eabi/10.3.1/../../../../arm-none-eabi/lib/thumb/v7e-m+dp/hard\libc.a(lib_a-fiprintf.o)
                0x000000000801649c                fiprintf
 .text.__fputwc
                0x00000000080164c0       0x82 d:/keil5/keil5/arm/gcc/bin/../lib/gcc/arm-none-eabi/10.3.1/../../../../arm-none-eabi/lib/thumb/v7e-m+dp/hard\libc.a(lib_a-fputwc.o)
                0x00000000080164c0                __fputwc
 .text._fputwc_r
                0x0000000008016542       0x54 d:/keil5/keil5/arm/gcc/bin/../lib/gcc/arm-none-eabi/10.3.1/../../../../arm-none-eabi/lib/thumb/v7e-m+dp/hard\libc.a(lib_a-fputwc.o)
                0x0000000008016542                _fputwc_r
 *fill*         0x0000000008016596        0x2 
 .text._fstat_r
                0x0000000008016598       0x24 d:/keil5/keil5/arm/gcc/bin/../lib/gcc/arm-none-eabi/10.3.1/../../../../arm-none-eabi/lib/thumb/v7e-m+dp/hard\libc.a(lib_a-fstatr.o)
                0x0000000008016598                _fstat_r
 .text._isatty_r
                0x00000000080165bc       0x20 d:/keil5/keil5/arm/gcc/bin/../lib/gcc/arm-none-eabi/10.3.1/../../../../arm-none-eabi/lib/thumb/v7e-m+dp/hard\libc.a(lib_a-isattyr.o)
                0x00000000080165bc                _isatty_r
 .text.__locale_mb_cur_max
                0x00000000080165dc        0xc d:/keil5/keil5/arm/gcc/bin/../lib/gcc/arm-none-eabi/10.3.1/../../../../arm-none-eabi/lib/thumb/v7e-m+dp/hard\libc.a(lib_a-locale.o)
                0x00000000080165dc                __locale_mb_cur_max
 .text._lseek_r
                0x00000000080165e8       0x24 d:/keil5/keil5/arm/gcc/bin/../lib/gcc/arm-none-eabi/10.3.1/../../../../arm-none-eabi/lib/thumb/v7e-m+dp/hard\libc.a(lib_a-lseekr.o)
                0x00000000080165e8                _lseek_r
 .text.__ascii_mbtowc
                0x000000000801660c       0x24 d:/keil5/keil5/arm/gcc/bin/../lib/gcc/arm-none-eabi/10.3.1/../../../../arm-none-eabi/lib/thumb/v7e-m+dp/hard\libc.a(lib_a-mbtowc_r.o)
                0x000000000801660c                __ascii_mbtowc
 .text._read_r  0x0000000008016630       0x24 d:/keil5/keil5/arm/gcc/bin/../lib/gcc/arm-none-eabi/10.3.1/../../../../arm-none-eabi/lib/thumb/v7e-m+dp/hard\libc.a(lib_a-readr.o)
                0x0000000008016630                _read_r
 .text.__swbuf_r
                0x0000000008016654       0x92 d:/keil5/keil5/arm/gcc/bin/../lib/gcc/arm-none-eabi/10.3.1/../../../../arm-none-eabi/lib/thumb/v7e-m+dp/hard\libc.a(lib_a-wbuf.o)
                0x0000000008016654                __swbuf_r
 *fill*         0x00000000080166e6        0x2 
 .text._wcrtomb_r
                0x00000000080166e8       0x2c d:/keil5/keil5/arm/gcc/bin/../lib/gcc/arm-none-eabi/10.3.1/../../../../arm-none-eabi/lib/thumb/v7e-m+dp/hard\libc.a(lib_a-wcrtomb.o)
                0x00000000080166e8                _wcrtomb_r
 .text.__ascii_wctomb
                0x0000000008016714       0x1a d:/keil5/keil5/arm/gcc/bin/../lib/gcc/arm-none-eabi/10.3.1/../../../../arm-none-eabi/lib/thumb/v7e-m+dp/hard\libc.a(lib_a-wctomb_r.o)
                0x0000000008016714                __ascii_wctomb
 .text.abort    0x000000000801672e        0xe d:/keil5/keil5/arm/gcc/bin/../lib/gcc/arm-none-eabi/10.3.1/../../../../arm-none-eabi/lib/thumb/v7e-m+dp/hard\libc.a(lib_a-abort.o)
                0x000000000801672e                abort
 .text._raise_r
                0x000000000801673c       0x52 d:/keil5/keil5/arm/gcc/bin/../lib/gcc/arm-none-eabi/10.3.1/../../../../arm-none-eabi/lib/thumb/v7e-m+dp/hard\libc.a(lib_a-signal.o)
                0x000000000801673c                _raise_r
 *fill*         0x000000000801678e        0x2 
 .text.raise    0x0000000008016790       0x10 d:/keil5/keil5/arm/gcc/bin/../lib/gcc/arm-none-eabi/10.3.1/../../../../arm-none-eabi/lib/thumb/v7e-m+dp/hard\libc.a(lib_a-signal.o)
                0x0000000008016790                raise
 .text._kill_r  0x00000000080167a0       0x24 d:/keil5/keil5/arm/gcc/bin/../lib/gcc/arm-none-eabi/10.3.1/../../../../arm-none-eabi/lib/thumb/v7e-m+dp/hard\libc.a(lib_a-signalr.o)
                0x00000000080167a0                _kill_r
 .text._getpid_r
                0x00000000080167c4        0x4 d:/keil5/keil5/arm/gcc/bin/../lib/gcc/arm-none-eabi/10.3.1/../../../../arm-none-eabi/lib/thumb/v7e-m+dp/hard\libc.a(lib_a-signalr.o)
                0x00000000080167c4                _getpid_r
 .text._close   0x00000000080167c8       0x10 d:/keil5/keil5/arm/gcc/bin/../lib/gcc/arm-none-eabi/10.3.1/../../../../arm-none-eabi/lib/thumb/v7e-m+dp/hard\libnosys.a(close.o)
                0x00000000080167c8                _close
 .text._fstat   0x00000000080167d8       0x10 d:/keil5/keil5/arm/gcc/bin/../lib/gcc/arm-none-eabi/10.3.1/../../../../arm-none-eabi/lib/thumb/v7e-m+dp/hard\libnosys.a(fstat.o)
                0x00000000080167d8                _fstat
 .text._getpid  0x00000000080167e8       0x10 d:/keil5/keil5/arm/gcc/bin/../lib/gcc/arm-none-eabi/10.3.1/../../../../arm-none-eabi/lib/thumb/v7e-m+dp/hard\libnosys.a(getpid.o)
                0x00000000080167e8                _getpid
 .text._isatty  0x00000000080167f8       0x10 d:/keil5/keil5/arm/gcc/bin/../lib/gcc/arm-none-eabi/10.3.1/../../../../arm-none-eabi/lib/thumb/v7e-m+dp/hard\libnosys.a(isatty.o)
                0x00000000080167f8                _isatty
 .text._kill    0x0000000008016808       0x10 d:/keil5/keil5/arm/gcc/bin/../lib/gcc/arm-none-eabi/10.3.1/../../../../arm-none-eabi/lib/thumb/v7e-m+dp/hard\libnosys.a(kill.o)
                0x0000000008016808                _kill
 .text._lseek   0x0000000008016818       0x10 d:/keil5/keil5/arm/gcc/bin/../lib/gcc/arm-none-eabi/10.3.1/../../../../arm-none-eabi/lib/thumb/v7e-m+dp/hard\libnosys.a(lseek.o)
                0x0000000008016818                _lseek
 .text._read    0x0000000008016828       0x10 d:/keil5/keil5/arm/gcc/bin/../lib/gcc/arm-none-eabi/10.3.1/../../../../arm-none-eabi/lib/thumb/v7e-m+dp/hard\libnosys.a(read.o)
                0x0000000008016828                _read
 .text._sbrk    0x0000000008016838       0x1c d:/keil5/keil5/arm/gcc/bin/../lib/gcc/arm-none-eabi/10.3.1/../../../../arm-none-eabi/lib/thumb/v7e-m+dp/hard\libnosys.a(sbrk.o)
                0x0000000008016838                _sbrk
 .text._exit    0x0000000008016854        0x2 d:/keil5/keil5/arm/gcc/bin/../lib/gcc/arm-none-eabi/10.3.1/../../../../arm-none-eabi/lib/thumb/v7e-m+dp/hard\libnosys.a(_exit.o)
                0x0000000008016854                _exit
 *(.glue_7)
 .glue_7        0x0000000008016856        0x0 linker stubs
 *(.glue_7t)
 .glue_7t       0x0000000008016856        0x0 linker stubs
 *(.eh_frame)
 *fill*         0x0000000008016856        0x2 
 .eh_frame      0x0000000008016858        0x0 d:/keil5/keil5/arm/gcc/bin/../lib/gcc/arm-none-eabi/10.3.1/thumb/v7e-m+dp/hard/crtbegin.o
 *(.init)
 .init          0x0000000008016858        0x4 d:/keil5/keil5/arm/gcc/bin/../lib/gcc/arm-none-eabi/10.3.1/thumb/v7e-m+dp/hard/crti.o
                0x0000000008016858                _init
 .init          0x000000000801685c        0x8 d:/keil5/keil5/arm/gcc/bin/../lib/gcc/arm-none-eabi/10.3.1/thumb/v7e-m+dp/hard/crtn.o
 *(.fini)
 .fini          0x0000000008016864        0x4 d:/keil5/keil5/arm/gcc/bin/../lib/gcc/arm-none-eabi/10.3.1/thumb/v7e-m+dp/hard/crti.o
                0x0000000008016864                _fini
 .fini          0x0000000008016868        0x8 d:/keil5/keil5/arm/gcc/bin/../lib/gcc/arm-none-eabi/10.3.1/thumb/v7e-m+dp/hard/crtn.o
                0x0000000008016870                . = ALIGN (0x4)
                0x0000000008016870                _etext = .

.vfp11_veneer   0x0000000008016870        0x0
 .vfp11_veneer  0x0000000008016870        0x0 linker stubs

.v4_bx          0x0000000008016870        0x0
 .v4_bx         0x0000000008016870        0x0 linker stubs

.iplt           0x0000000008016870        0x0
 .iplt          0x0000000008016870        0x0 d:/keil5/keil5/arm/gcc/bin/../lib/gcc/arm-none-eabi/10.3.1/thumb/v7e-m+dp/hard/crtbegin.o

.rodata         0x0000000008016880    0x4e35c
                0x0000000008016880                . = ALIGN (0x4)
 *(.rodata)
 .rodata        0x0000000008016880       0x4d ./objects/main.o
 *fill*         0x00000000080168cd        0x3 
 .rodata        0x00000000080168d0       0x18 ./objects/gd32h7xx_rcu.o
 .rodata        0x00000000080168e8       0x10 ./objects/network_1_data.o
 .rodata        0x00000000080168f8       0x10 ./objects/network_2_data.o
 *(.rodata*)
 .rodata.ov2640_svga_init_reg_tbl
                0x0000000008016908      0x162 ./objects/dci_ov2640.o
                0x0000000008016908                ov2640_svga_init_reg_tbl
 *fill*         0x0000000008016a6a        0x2 
 .rodata.ov2640_rgb565_reg_tbl
                0x0000000008016a6c       0x1c ./objects/dci_ov2640.o
                0x0000000008016a6c                ov2640_rgb565_reg_tbl
 .rodata.asc2_1206
                0x0000000008016a88      0x474 ./objects/tlilcd.o
                0x0000000008016a88                asc2_1206
 .rodata.asc2_1608
                0x0000000008016efc      0x5f0 ./objects/tlilcd.o
                0x0000000008016efc                asc2_1608
 .rodata.asc2_2412
                0x00000000080174ec      0xd5c ./objects/tlilcd.o
                0x00000000080174ec                asc2_2412
 .rodata.str1.4
                0x0000000008018248      0x53c ./objects/ai_model.o
 .rodata.__compound_literal.0
                0x0000000008018784        0x4 ./objects/network_1.o
 .rodata.__compound_literal.1
                0x0000000008018788        0x1 ./objects/network_1.o
 *fill*         0x0000000008018789        0x3 
 .rodata.__compound_literal.10
                0x000000000801878c        0x1 ./objects/network_1.o
 *fill*         0x000000000801878d        0x3 
 .rodata.__compound_literal.100
                0x0000000008018790        0x1 ./objects/network_1.o
 *fill*         0x0000000008018791        0x3 
 .rodata.__compound_literal.101
                0x0000000008018794        0x8 ./objects/network_1.o
 .rodata.__compound_literal.102
                0x000000000801879c        0x4 ./objects/network_1.o
 .rodata.__compound_literal.103
                0x00000000080187a0        0x1 ./objects/network_1.o
 *fill*         0x00000000080187a1        0x3 
 .rodata.__compound_literal.104
                0x00000000080187a4        0x8 ./objects/network_1.o
 .rodata.__compound_literal.105
                0x00000000080187ac       0x60 ./objects/network_1.o
 .rodata.__compound_literal.106
                0x000000000801880c       0x18 ./objects/network_1.o
 .rodata.__compound_literal.107
                0x0000000008018824        0x8 ./objects/network_1.o
 .rodata.__compound_literal.108
                0x000000000801882c        0x4 ./objects/network_1.o
 .rodata.__compound_literal.109
                0x0000000008018830        0x1 ./objects/network_1.o
 *fill*         0x0000000008018831        0x3 
 .rodata.__compound_literal.11
                0x0000000008018834        0x8 ./objects/network_1.o
 .rodata.__compound_literal.110
                0x000000000801883c        0x8 ./objects/network_1.o
 .rodata.__compound_literal.111
                0x0000000008018844        0x4 ./objects/network_1.o
 .rodata.__compound_literal.112
                0x0000000008018848        0x1 ./objects/network_1.o
 *fill*         0x0000000008018849        0x3 
 .rodata.__compound_literal.113
                0x000000000801884c        0x8 ./objects/network_1.o
 .rodata.__compound_literal.114
                0x0000000008018854        0x4 ./objects/network_1.o
 .rodata.__compound_literal.115
                0x0000000008018858        0x1 ./objects/network_1.o
 *fill*         0x0000000008018859        0x3 
 .rodata.__compound_literal.116
                0x000000000801885c        0x8 ./objects/network_1.o
 .rodata.__compound_literal.117
                0x0000000008018864        0x4 ./objects/network_1.o
 .rodata.__compound_literal.118
                0x0000000008018868        0x1 ./objects/network_1.o
 *fill*         0x0000000008018869        0x3 
 .rodata.__compound_literal.119
                0x000000000801886c        0x8 ./objects/network_1.o
 .rodata.__compound_literal.12
                0x0000000008018874        0x4 ./objects/network_1.o
 .rodata.__compound_literal.120
                0x0000000008018878        0x4 ./objects/network_1.o
 .rodata.__compound_literal.121
                0x000000000801887c        0x1 ./objects/network_1.o
 *fill*         0x000000000801887d        0x3 
 .rodata.__compound_literal.122
                0x0000000008018880        0x8 ./objects/network_1.o
 .rodata.__compound_literal.123
                0x0000000008018888        0x4 ./objects/network_1.o
 .rodata.__compound_literal.124
                0x000000000801888c        0x1 ./objects/network_1.o
 *fill*         0x000000000801888d        0x3 
 .rodata.__compound_literal.125
                0x0000000008018890        0x8 ./objects/network_1.o
 .rodata.__compound_literal.126
                0x0000000008018898        0x4 ./objects/network_1.o
 .rodata.__compound_literal.127
                0x000000000801889c        0x1 ./objects/network_1.o
 *fill*         0x000000000801889d        0x3 
 .rodata.__compound_literal.128
                0x00000000080188a0        0x8 ./objects/network_1.o
 .rodata.__compound_literal.129
                0x00000000080188a8        0x4 ./objects/network_1.o
 .rodata.__compound_literal.13
                0x00000000080188ac        0x1 ./objects/network_1.o
 *fill*         0x00000000080188ad        0x3 
 .rodata.__compound_literal.130
                0x00000000080188b0        0x1 ./objects/network_1.o
 *fill*         0x00000000080188b1        0x3 
 .rodata.__compound_literal.131
                0x00000000080188b4        0x8 ./objects/network_1.o
 .rodata.__compound_literal.14
                0x00000000080188bc        0x8 ./objects/network_1.o
 .rodata.__compound_literal.15
                0x00000000080188c4        0x4 ./objects/network_1.o
 .rodata.__compound_literal.16
                0x00000000080188c8        0x1 ./objects/network_1.o
 *fill*         0x00000000080188c9        0x3 
 .rodata.__compound_literal.17
                0x00000000080188cc        0x8 ./objects/network_1.o
 .rodata.__compound_literal.18
                0x00000000080188d4       0xc0 ./objects/network_1.o
 .rodata.__compound_literal.19
                0x0000000008018994       0x30 ./objects/network_1.o
 .rodata.__compound_literal.2
                0x00000000080189c4        0x8 ./objects/network_1.o
 .rodata.__compound_literal.20
                0x00000000080189cc        0x8 ./objects/network_1.o
 .rodata.__compound_literal.21
                0x00000000080189d4        0x4 ./objects/network_1.o
 .rodata.__compound_literal.22
                0x00000000080189d8        0x1 ./objects/network_1.o
 *fill*         0x00000000080189d9        0x3 
 .rodata.__compound_literal.23
                0x00000000080189dc        0x8 ./objects/network_1.o
 .rodata.__compound_literal.24
                0x00000000080189e4        0x4 ./objects/network_1.o
 .rodata.__compound_literal.25
                0x00000000080189e8        0x1 ./objects/network_1.o
 *fill*         0x00000000080189e9        0x3 
 .rodata.__compound_literal.26
                0x00000000080189ec        0x8 ./objects/network_1.o
 .rodata.__compound_literal.27
                0x00000000080189f4        0x4 ./objects/network_1.o
 .rodata.__compound_literal.28
                0x00000000080189f8        0x1 ./objects/network_1.o
 *fill*         0x00000000080189f9        0x3 
 .rodata.__compound_literal.29
                0x00000000080189fc        0x8 ./objects/network_1.o
 .rodata.__compound_literal.3
                0x0000000008018a04       0xc0 ./objects/network_1.o
 .rodata.__compound_literal.30
                0x0000000008018ac4        0x4 ./objects/network_1.o
 .rodata.__compound_literal.31
                0x0000000008018ac8        0x1 ./objects/network_1.o
 *fill*         0x0000000008018ac9        0x3 
 .rodata.__compound_literal.32
                0x0000000008018acc        0x8 ./objects/network_1.o
 .rodata.__compound_literal.33
                0x0000000008018ad4      0x180 ./objects/network_1.o
 .rodata.__compound_literal.34
                0x0000000008018c54       0x60 ./objects/network_1.o
 .rodata.__compound_literal.35
                0x0000000008018cb4        0x8 ./objects/network_1.o
 .rodata.__compound_literal.36
                0x0000000008018cbc        0x4 ./objects/network_1.o
 .rodata.__compound_literal.37
                0x0000000008018cc0        0x1 ./objects/network_1.o