Archive member included to satisfy reference by file (symbol)

./Edge_AI/ST_Lib/Lib\libNetworkRuntime.a(ai_platform.o)
                              ./objects/network_1.o (ai_buffer_array_item_set_address)
./Edge_AI/ST_Lib/Lib\libNetworkRuntime.a(ai_platform_interface.o)
                              ./objects/network_1.o (ai_platform_get_weights_map)
./Edge_AI/ST_Lib/Lib\libNetworkRuntime.a(core_mem_manager.o)
                              ./Edge_AI/ST_Lib/Lib\libNetworkRuntime.a(ai_platform_interface.o) (core_mem_alloc)
./Edge_AI/ST_Lib/Lib\libNetworkRuntime.a(core_convert.o)
                              ./objects/network_2.o (node_convert)
./Edge_AI/ST_Lib/Lib\libNetworkRuntime.a(core_common.o)
                              ./Edge_AI/ST_Lib/Lib\libNetworkRuntime.a(ai_platform_interface.o) (core_init)
./Edge_AI/ST_Lib/Lib\libNetworkRuntime.a(layers_conv2d_stm32_integer.o)
                              ./objects/network_2.o (forward_conv2d_integer_SSSA)
./Edge_AI/ST_Lib/Lib\libNetworkRuntime.a(layers_nl_generic_float.o)
                              ./objects/network_2.o (forward_sm)
./Edge_AI/ST_Lib/Lib\libNetworkRuntime.a(layers_generic_float.o)
                              ./objects/network_1.o (forward_gather)
./Edge_AI/ST_Lib/Lib\libNetworkRuntime.a(layers_nl_stm32_integer.o)
                              ./objects/network_2.o (nl_func_array_integer)
./Edge_AI/ST_Lib/Lib\libNetworkRuntime.a(layers_stm32_integer.o)
                              ./objects/network_1.o (forward_eltwise_integer_INT8)
./Edge_AI/ST_Lib/Lib\libNetworkRuntime.a(layers_dw_sssa8_ch.o)
                              ./objects/network_2.o (forward_dw_sssa8_ch)
./Edge_AI/ST_Lib/Lib\libNetworkRuntime.a(layers_pw_sssa8_ch.o)
                              ./objects/network_1.o (forward_pw_sssa8_ch)
./Edge_AI/ST_Lib/Lib\libNetworkRuntime.a(layers.o)
                              ./Edge_AI/ST_Lib/Lib\libNetworkRuntime.a(ai_platform_interface.o) (ai_check_custom_types)
./Edge_AI/ST_Lib/Lib\libNetworkRuntime.a(layers_conv2d_rgb_sssa8_ch.o)
                              ./objects/network_1.o (forward_conv2d_rgb_sssa8_ch)
./Edge_AI/ST_Lib/Lib\libNetworkRuntime.a(layers_pool_stm32_integer.o)
                              ./objects/network_2.o (forward_mp_integer_INT8)
./Edge_AI/ST_Lib/Lib\libNetworkRuntime.a(lite_generic_float.o)
                              ./Edge_AI/ST_Lib/Lib\libNetworkRuntime.a(layers_generic_float.o) (forward_lite_topK_axis_0_if32of32)
./Edge_AI/ST_Lib/Lib\libNetworkRuntime.a(forward_lite_pw_sssa8_ch.o)
                              ./Edge_AI/ST_Lib/Lib\libNetworkRuntime.a(layers_pw_sssa8_ch.o) (forward_lite_pw_sssa8_ch)
./Edge_AI/ST_Lib/Lib\libNetworkRuntime.a(forward_lite_convert.o)
                              ./Edge_AI/ST_Lib/Lib\libNetworkRuntime.a(core_convert.o) (forward_lite_node_convert_is1os8)
./Edge_AI/ST_Lib/Lib\libNetworkRuntime.a(forward_lite_conv2d_sssa8_ch.o)
                              ./Edge_AI/ST_Lib/Lib\libNetworkRuntime.a(layers_conv2d_rgb_sssa8_ch.o) (forward_lite_conv2d_rgb_sssa8_ch)
./Edge_AI/ST_Lib/Lib\libNetworkRuntime.a(lite_nl_generic_integer.o)
                              ./Edge_AI/ST_Lib/Lib\libNetworkRuntime.a(layers_nl_stm32_integer.o) (forward_lite_nl_softmax_is8os8)
./Edge_AI/ST_Lib/Lib\libNetworkRuntime.a(forward_lite_dw_sssa8_ch.o)
                              ./Edge_AI/ST_Lib/Lib\libNetworkRuntime.a(layers_dw_sssa8_ch.o) (st_dw_sssa8_ch_Wadapt)
./Edge_AI/ST_Lib/Lib\libNetworkRuntime.a(ai_math_helpers.o)
                              ./Edge_AI/ST_Lib/Lib\libNetworkRuntime.a(layers_nl_generic_float.o) (ai_math_sqrt)
./Edge_AI/ST_Lib/Lib\libNetworkRuntime.a(st_ssua8_convolve_dw.o)
                              ./Edge_AI/ST_Lib/Lib\libNetworkRuntime.a(layers_conv2d_stm32_integer.o) (st_ssua8_conv_dw_Wadapt)
./Edge_AI/ST_Lib/Lib\libNetworkRuntime.a(st_uaua8_ch_convolve.o)
                              ./Edge_AI/ST_Lib/Lib\libNetworkRuntime.a(layers_conv2d_stm32_integer.o) (st_uaua8_ch_convolve_rank1upd)
./Edge_AI/ST_Lib/Lib\libNetworkRuntime.a(st_ssua8_ch_convolve.o)
                              ./Edge_AI/ST_Lib/Lib\libNetworkRuntime.a(layers_conv2d_stm32_integer.o) (st_ssua8_ch_convolve_rank1upd)
./Edge_AI/ST_Lib/Lib\libNetworkRuntime.a(st_uaua8_convolve.o)
                              ./Edge_AI/ST_Lib/Lib\libNetworkRuntime.a(layers_conv2d_stm32_integer.o) (st_uaua8_convolve_rank1upd)
./Edge_AI/ST_Lib/Lib\libNetworkRuntime.a(st_ssua8_convolve.o)
                              ./Edge_AI/ST_Lib/Lib\libNetworkRuntime.a(layers_conv2d_stm32_integer.o) (st_ssua8_convolve_rank1upd)
./Edge_AI/ST_Lib/Lib\libNetworkRuntime.a(st_convolve_reference.o)
                              ./Edge_AI/ST_Lib/Lib\libNetworkRuntime.a(layers_conv2d_stm32_integer.o) (align_factor)
./Edge_AI/ST_Lib/Lib\libNetworkRuntime.a(st_uaua8_ch_convolve_rgb.o)
                              ./Edge_AI/ST_Lib/Lib\libNetworkRuntime.a(layers_conv2d_stm32_integer.o) (st_uaua8_ch_convolve_rgb)
[...]
Memory Configuration

Name             Origin             Length             Attributes
FLASH            0x0000000008000000 0x00000000003c0000 xr
RAM              0x0000000024000000 0x00000000000d0000 xrw
ARM.__at_0xC1000000 0x00000000c1000000 0x0000000000080000 xrw
ARM.__at_0xC1080000 0x00000000c1080000 0x0000000000080000 xrw
DTCM             0x0000000020000000 0x0000000000020000 rw
ITCM             0x0000000000000000 0x0000000000010000 x
*default*        0x0000000000000000 0xffffffffffffffff

Linker script and memory map

LOAD d:/keil5/keil5/arm/gcc/bin/../lib/gcc/arm-none-eabi/10.3.1/thumb/v7e-m+dp/hard/crti.o
LOAD d:/keil5/keil5/arm/gcc/bin/../lib/gcc/arm-none-eabi/10.3.1/thumb/v7e-m+dp/hard/crtbegin.o
LOAD d:/keil5/keil5/arm/gcc/bin/../lib/gcc/arm-none-eabi/10.3.1/../../../../arm-none-eabi/lib/thumb/v7e-m+dp/hard/crt0.o
LOAD ./objects/main.o
LOAD ./objects/gd32h7xx_it.o
LOAD ./objects/systick.o
LOAD ./objects/dci_ov2640.o
LOAD ./objects/exmc_sdram.o
LOAD ./objects/picture.o
LOAD ./objects/sccb.o
LOAD ./objects/tlilcd.o
LOAD ./objects/system_gd32h7xx.o
LOAD ./objects/gd32h7xx_adc.o
LOAD ./objects/gd32h7xx_can.o
LOAD ./objects/gd32h7xx_cau.o
LOAD ./objects/gd32h7xx_cau_aes.o
LOAD ./objects/gd32h7xx_cau_des.o
LOAD ./objects/gd32h7xx_cau_tdes.o
LOAD ./objects/gd32h7xx_cmp.o
LOAD ./objects/gd32h7xx_cpdm.o
LOAD ./objects/gd32h7xx_crc.o
LOAD ./objects/gd32h7xx_ctc.o
LOAD ./objects/gd32h7xx_dac.o
LOAD ./objects/gd32h7xx_dbg.o
LOAD ./objects/gd32h7xx_dci.o
LOAD ./objects/gd32h7xx_dma.o
LOAD ./objects/gd32h7xx_edout.o
LOAD ./objects/gd32h7xx_efuse.o
LOAD ./objects/gd32h7xx_enet.o
LOAD ./objects/gd32h7xx_exmc.o
LOAD ./objects/gd32h7xx_exti.o
LOAD ./objects/gd32h7xx_fac.o
LOAD ./objects/gd32h7xx_fmc.o
LOAD ./objects/gd32h7xx_fwdgt.o
LOAD ./objects/gd32h7xx_gpio.o
LOAD ./objects/gd32h7xx_hau.o
LOAD ./objects/gd32h7xx_hau_sha_md5.o
LOAD ./objects/gd32h7xx_hpdf.o
LOAD ./objects/gd32h7xx_hwsem.o
LOAD ./objects/gd32h7xx_i2c.o
LOAD ./objects/gd32h7xx_ipa.o
LOAD ./objects/gd32h7xx_lpdts.o
LOAD ./objects/gd32h7xx_mdio.o
LOAD ./objects/gd32h7xx_mdma.o
LOAD ./objects/gd32h7xx_misc.o
LOAD ./objects/gd32h7xx_ospi.o
LOAD ./objects/gd32h7xx_ospim.o
LOAD ./objects/gd32h7xx_pmu.o
LOAD ./objects/gd32h7xx_rameccmu.o
LOAD ./objects/gd32h7xx_rcu.o
LOAD ./objects/gd32h7xx_rspdif.o
LOAD ./objects/gd32h7xx_rtc.o
LOAD ./objects/gd32h7xx_rtdec.o
LOAD ./objects/gd32h7xx_sai.o
LOAD ./objects/gd32h7xx_sdio.o
LOAD ./objects/gd32h7xx_spi.o
LOAD ./objects/gd32h7xx_syscfg.o
LOAD ./objects/gd32h7xx_timer.o
LOAD ./objects/gd32h7xx_tli.o
LOAD ./objects/gd32h7xx_tmu.o
LOAD ./objects/gd32h7xx_trigsel.o
LOAD ./objects/gd32h7xx_trng.o
LOAD ./objects/gd32h7xx_usart.o
LOAD ./objects/gd32h7xx_vref.o
LOAD ./objects/gd32h7xx_wwdgt.o
LOAD ./objects/gd32h759i_eval.o
LOAD ./objects/startup_gd32h7xx.o
LOAD ./objects/ai_model.o
LOAD ./objects/network_1.o
LOAD ./objects/network_1_data.o
LOAD ./objects/network_1_data_params.o
LOAD ./objects/network_2.o
LOAD ./objects/network_2_data.o
LOAD ./objects/network_2_data_params.o
LOAD ./objects/utils.o
LOAD ./Edge_AI/ST_Lib/Lib\libNetworkRuntime.a
LOAD d:/keil5/keil5/arm/gcc/bin/../lib/gcc/arm-none-eabi/10.3.1/../../../../arm-none-eabi/lib/thumb/v7e-m+dp/hard\libm.a
START GROUP
LOAD d:/keil5/keil5/arm/gcc/bin/../lib/gcc/arm-none-eabi/10.3.1/thumb/v7e-m+dp/hard\libgcc.a
LOAD d:/keil5/keil5/arm/gcc/bin/../lib/gcc/arm-none-eabi/10.3.1/../../../../arm-none-eabi/lib/thumb/v7e-m+dp/hard\libc.a
END GROUP
LOAD d:/keil5/keil5/arm/gcc/bin/../lib/gcc/arm-none-eabi/10.3.1/thumb/v7e-m+dp/hard/crtend.o
LOAD d:/keil5/keil5/arm/gcc/bin/../lib/gcc/arm-none-eabi/10.3.1/thumb/v7e-m+dp/hard/crtn.o
                0x0000000000008000                __stack_size = DEFINED (__stack_size)?__stack_size:0x8000

.vectors        0x0000000008000000      0x3a4
                0x0000000008000000                . = ALIGN (0x4)
 *(.vectors)
 .vectors       0x0000000008000000      0x3a4 ./objects/startup_gd32h7xx.o
                0x0000000008000000                __gVectors
                0x00000000080003a4                . = ALIGN (0x4)
                0x00000000080003a4                __Vectors_End = .
                0x00000000080003a4                __Vectors_Size = (__Vectors_End - __gVectors)

.text           0x00000000080003b0    0x1aac8
                0x00000000080003b0                . = ALIGN (0x4)
 *(.text)
 .text          0x00000000080003b0       0x40 d:/keil5/keil5/arm/gcc/bin/../lib/gcc/arm-none-eabi/10.3.1/thumb/v7e-m+dp/hard/crtbegin.o
 .text          0x00000000080003f0       0x30 d:/keil5/keil5/arm/gcc/bin/../lib/gcc/arm-none-eabi/10.3.1/thumb/v7e-m+dp/hard\libgcc.a(_aeabi_uldivmod.o)
                0x00000000080003f0                __aeabi_uldivmod
 .text          0x0000000008000420       0x28 d:/keil5/keil5/arm/gcc/bin/../lib/gcc/arm-none-eabi/10.3.1/thumb/v7e-m+dp/hard\libgcc.a(_fixsfdi.o)
                0x0000000008000420                __fixsfdi
                0x0000000008000420                __aeabi_f2lz
 .text          0x0000000008000448       0x40 d:/keil5/keil5/arm/gcc/bin/../lib/gcc/arm-none-eabi/10.3.1/thumb/v7e-m+dp/hard\libgcc.a(_fixunssfdi.o)
                0x0000000008000448                __fixunssfdi
                0x0000000008000448                __aeabi_f2ulz
 .text          0x0000000008000488      0x2d0 d:/keil5/keil5/arm/gcc/bin/../lib/gcc/arm-none-eabi/10.3.1/thumb/v7e-m+dp/hard\libgcc.a(_udivmoddi4.o)
                0x0000000008000488                __udivmoddi4
 .text          0x0000000008000758        0x4 d:/keil5/keil5/arm/gcc/bin/../lib/gcc/arm-none-eabi/10.3.1/thumb/v7e-m+dp/hard\libgcc.a(_dvmd_tls.o)
                0x0000000008000758                __aeabi_idiv0
                0x0000000008000758                __aeabi_ldiv0
 .text          0x000000000800075c       0x10 d:/keil5/keil5/arm/gcc/bin/../lib/gcc/arm-none-eabi/10.3.1/../../../../arm-none-eabi/lib/thumb/v7e-m+dp/hard\libc.a(lib_a-strlen.o)
                0x000000000800075c                strlen
 *fill*         0x000000000800076c        0x4 
 .text          0x0000000008000770       0xa0 d:/keil5/keil5/arm/gcc/bin/../lib/gcc/arm-none-eabi/10.3.1/../../../../arm-none-eabi/lib/thumb/v7e-m+dp/hard\libc.a(lib_a-memchr.o)
                0x0000000008000770                memchr
 *(.text*)
 .text.detect_once
                0x0000000008000810      0x2ec ./objects/main.o
                0x0000000008000810                detect_once
 .text.main     0x0000000008000afc       0x68 ./objects/main.o
                0x0000000008000afc                main
 .text.cache_enable
                0x0000000008000b64       0xdc ./objects/main.o
                0x0000000008000b64                cache_enable
 .text.usart_config
                0x0000000008000c40       0xb0 ./objects/main.o
                0x0000000008000c40                usart_config
 .text._write   0x0000000008000cf0       0x54 ./objects/main.o
                0x0000000008000cf0                _write
 .text.timer1_config
                0x0000000008000d44       0x4c ./objects/main.o
                0x0000000008000d44                timer1_config
 .text.__NVIC_SystemReset
                0x0000000008000d90       0x2c ./objects/gd32h7xx_it.o
 .text.NMI_Handler
                0x0000000008000dbc        0x6 ./objects/gd32h7xx_it.o
                0x0000000008000dbc                NMI_Handler
 .text.HardFault_Handler
                0x0000000008000dc2        0x6 ./objects/gd32h7xx_it.o
                0x0000000008000dc2                HardFault_Handler
 .text.MemManage_Handler
                0x0000000008000dc8        0x6 ./objects/gd32h7xx_it.o
                0x0000000008000dc8                MemManage_Handler
 .text.BusFault_Handler
                0x0000000008000dce        0x6 ./objects/gd32h7xx_it.o
                0x0000000008000dce                BusFault_Handler
 .text.UsageFault_Handler
                0x0000000008000dd4        0x6 ./objects/gd32h7xx_it.o
                0x0000000008000dd4                UsageFault_Handler
 .text.DebugMon_Handler
                0x0000000008000dda        0x6 ./objects/gd32h7xx_it.o
                0x0000000008000dda                DebugMon_Handler
 .text.SVC_Handler
                0x0000000008000de0        0x6 ./objects/gd32h7xx_it.o
                0x0000000008000de0                SVC_Handler
 .text.PendSV_Handler
                0x0000000008000de6        0x6 ./objects/gd32h7xx_it.o
                0x0000000008000de6                PendSV_Handler
 .text.SysTick_Handler
                0x0000000008000dec        0xc ./objects/gd32h7xx_it.o
                0x0000000008000dec                SysTick_Handler
 .text.EXTI0_IRQHandler
                0x0000000008000df8        0x8 ./objects/gd32h7xx_it.o
                0x0000000008000df8                EXTI0_IRQHandler
 .text.delay_1ms
                0x0000000008000e00       0x4a ./objects/systick.o
                0x0000000008000e00                delay_1ms
 *fill*         0x0000000008000e4a        0x2 
 .text.delay_decrement
                0x0000000008000e4c       0x24 ./objects/systick.o
                0x0000000008000e4c                delay_decrement
 .text.dci_config
                0x0000000008000e70      0x1ec ./objects/dci_ov2640.o
                0x0000000008000e70                dci_config
 .text.ConfigDCI
                0x000000000800105c       0xb4 ./objects/dci_ov2640.o
                0x000000000800105c                ConfigDCI
 .text.ov2640_outsize_set
                0x0000000008001110       0xa6 ./objects/dci_ov2640.o
                0x0000000008001110                ov2640_outsize_set
 *fill*         0x00000000080011b6        0x2 
 .text.dci_ov2640_init
                0x00000000080011b8       0xe8 ./objects/dci_ov2640.o
                0x00000000080011b8                dci_ov2640_init
 .text.ckout0_init
                0x00000000080012a0       0x44 ./objects/dci_ov2640.o
                0x00000000080012a0                ckout0_init
 .text.DCI_IRQHandler
                0x00000000080012e4       0x44 ./objects/dci_ov2640.o
                0x00000000080012e4                DCI_IRQHandler
 .text._delay   0x0000000008001328       0x32 ./objects/exmc_sdram.o
 *fill*         0x000000000800135a        0x2 
 .text.exmc_synchronous_dynamic_ram_init
                0x000000000800135c      0x2e0 ./objects/exmc_sdram.o
                0x000000000800135c                exmc_synchronous_dynamic_ram_init
 .text.sccb_config
                0x000000000800163c       0xac ./objects/sccb.o
                0x000000000800163c                sccb_config
 .text.dci_byte_write
                0x00000000080016e8       0x90 ./objects/sccb.o
                0x00000000080016e8                dci_byte_write
 .text.tli_gpio_config
                0x0000000008001778      0x4b4 ./objects/tlilcd.o
                0x0000000008001778                tli_gpio_config
 .text.InitLCD  0x0000000008001c2c      0x194 ./objects/tlilcd.o
                0x0000000008001c2c                InitLCD
 .text.LCDLayerWindowSet
                0x0000000008001dc0      0x24c ./objects/tlilcd.o
                0x0000000008001dc0                LCDLayerWindowSet
 .text.LCDLayerEnable
                0x000000000800200c       0x3c ./objects/tlilcd.o
                0x000000000800200c                LCDLayerEnable
 .text.LCDLayerDisable
                0x0000000008002048       0x3c ./objects/tlilcd.o
                0x0000000008002048                LCDLayerDisable
 .text.LCDLayerSwitch
                0x0000000008002084       0x44 ./objects/tlilcd.o
                0x0000000008002084                LCDLayerSwitch
 .text.LCDTransparencySet
                0x00000000080020c8       0x54 ./objects/tlilcd.o
                0x00000000080020c8                LCDTransparencySet
 .text.LCDDisplayDir
                0x000000000800211c       0x54 ./objects/tlilcd.o
                0x000000000800211c                LCDDisplayDir
 .text.LCDClear
                0x0000000008002170       0x98 ./objects/tlilcd.o
                0x0000000008002170                LCDClear
 .text.LCDDrawPoint
                0x0000000008002208       0x94 ./objects/tlilcd.o
                0x0000000008002208                LCDDrawPoint
 .text.LCDDrawLine
                0x000000000800229c      0x14c ./objects/tlilcd.o
                0x000000000800229c                LCDDrawLine
 .text.LCDDrawRectangle
                0x00000000080023e8       0x56 ./objects/tlilcd.o
                0x00000000080023e8                LCDDrawRectangle
 *fill*         0x000000000800243e        0x2 
 .text.LCDShowChar
                0x0000000008002440      0x1b4 ./objects/tlilcd.o
                0x0000000008002440                LCDShowChar
 .text.LCDShowString
                0x00000000080025f4      0x138 ./objects/tlilcd.o
                0x00000000080025f4                LCDShowString
 .text.RGB565ToRGB888A
                0x000000000800272c       0x48 ./objects/tlilcd.o
                0x000000000800272c                RGB565ToRGB888A
 .text.SystemInit
                0x0000000008002774      0x18c ./objects/system_gd32h7xx.o
                0x0000000008002774                SystemInit
 .text.system_clock_config
                0x0000000008002900        0xc ./objects/system_gd32h7xx.o
 .text.system_clock_600m_hxtal
                0x000000000800290c      0x168 ./objects/system_gd32h7xx.o
 .text.dci_deinit
                0x0000000008002a74       0x18 ./objects/gd32h7xx_dci.o
                0x0000000008002a74                dci_deinit
 .text.dci_init
                0x0000000008002a8c       0x70 ./objects/gd32h7xx_dci.o
                0x0000000008002a8c                dci_init
 .text.dci_enable
                0x0000000008002afc       0x20 ./objects/gd32h7xx_dci.o
                0x0000000008002afc                dci_enable
 .text.dci_capture_enable
                0x0000000008002b1c       0x20 ./objects/gd32h7xx_dci.o
                0x0000000008002b1c                dci_capture_enable
 .text.dci_interrupt_enable
                0x0000000008002b3c       0x24 ./objects/gd32h7xx_dci.o
                0x0000000008002b3c                dci_interrupt_enable
 .text.dci_interrupt_flag_get
                0x0000000008002b60       0x2c ./objects/gd32h7xx_dci.o
                0x0000000008002b60                dci_interrupt_flag_get
 .text.dci_interrupt_flag_clear
                0x0000000008002b8c       0x24 ./objects/gd32h7xx_dci.o
                0x0000000008002b8c                dci_interrupt_flag_clear
 .text.dma_deinit
                0x0000000008002bb0      0x140 ./objects/gd32h7xx_dma.o
                0x0000000008002bb0                dma_deinit
 .text.dma_single_data_para_struct_init
                0x0000000008002cf0       0x50 ./objects/gd32h7xx_dma.o
                0x0000000008002cf0                dma_single_data_para_struct_init
 .text.dma_single_data_mode_init
                0x0000000008002d40      0x30c ./objects/gd32h7xx_dma.o
                0x0000000008002d40                dma_single_data_mode_init
 .text.dma_channel_enable
                0x000000000800304c       0x46 ./objects/gd32h7xx_dma.o
                0x000000000800304c                dma_channel_enable
 *fill*         0x0000000008003092        0x2 
 .text.exmc_sdram_init
                0x0000000008003094      0x184 ./objects/gd32h7xx_exmc.o
                0x0000000008003094                exmc_sdram_init
 .text.exmc_sdram_command_config
                0x0000000008003218       0x34 ./objects/gd32h7xx_exmc.o
                0x0000000008003218                exmc_sdram_command_config
 .text.exmc_sdram_refresh_count_set
                0x000000000800324c       0x38 ./objects/gd32h7xx_exmc.o
                0x000000000800324c                exmc_sdram_refresh_count_set
 .text.exmc_flag_get
                0x0000000008003284       0x48 ./objects/gd32h7xx_exmc.o
                0x0000000008003284                exmc_flag_get
 .text.gpio_mode_set
                0x00000000080032cc       0x9c ./objects/gd32h7xx_gpio.o
                0x00000000080032cc                gpio_mode_set
 .text.gpio_output_options_set
                0x0000000008003368       0x9c ./objects/gd32h7xx_gpio.o
                0x0000000008003368                gpio_output_options_set
 .text.gpio_bit_set
                0x0000000008003404       0x20 ./objects/gd32h7xx_gpio.o
                0x0000000008003404                gpio_bit_set
 .text.gpio_af_set
                0x0000000008003424       0xc4 ./objects/gd32h7xx_gpio.o
                0x0000000008003424                gpio_af_set
 .text.i2c_deinit
                0x00000000080034e8       0x9c ./objects/gd32h7xx_i2c.o
                0x00000000080034e8                i2c_deinit
 .text.i2c_timing_config
                0x0000000008003584       0x7c ./objects/gd32h7xx_i2c.o
                0x0000000008003584                i2c_timing_config
 .text.i2c_master_clock_config
                0x0000000008003600       0x5a ./objects/gd32h7xx_i2c.o
                0x0000000008003600                i2c_master_clock_config
 *fill*         0x000000000800365a        0x2 
 .text.i2c_master_addressing
                0x000000000800365c       0x64 ./objects/gd32h7xx_i2c.o
                0x000000000800365c                i2c_master_addressing
 .text.i2c_automatic_end_enable
                0x00000000080036c0       0x24 ./objects/gd32h7xx_i2c.o
                0x00000000080036c0                i2c_automatic_end_enable
 .text.i2c_address_config
                0x00000000080036e4       0x3e ./objects/gd32h7xx_i2c.o
                0x00000000080036e4                i2c_address_config
 .text.i2c_enable
                0x0000000008003722       0x20 ./objects/gd32h7xx_i2c.o
                0x0000000008003722                i2c_enable
 .text.i2c_start_on_bus
                0x0000000008003742       0x24 ./objects/gd32h7xx_i2c.o
                0x0000000008003742                i2c_start_on_bus
 .text.i2c_data_transmit
                0x0000000008003766       0x22 ./objects/gd32h7xx_i2c.o
                0x0000000008003766                i2c_data_transmit
 .text.i2c_transfer_byte_number_config
                0x0000000008003788       0x38 ./objects/gd32h7xx_i2c.o
                0x0000000008003788                i2c_transfer_byte_number_config
 .text.i2c_flag_get
                0x00000000080037c0       0x2a ./objects/gd32h7xx_i2c.o
                0x00000000080037c0                i2c_flag_get
 .text.i2c_flag_clear
                0x00000000080037ea       0x28 ./objects/gd32h7xx_i2c.o
                0x00000000080037ea                i2c_flag_clear
 .text.ipa_deinit
                0x0000000008003812       0x18 ./objects/gd32h7xx_ipa.o
                0x0000000008003812                ipa_deinit
 *fill*         0x000000000800382a        0x2 
 .text.ipa_transfer_enable
                0x000000000800382c       0x20 ./objects/gd32h7xx_ipa.o
                0x000000000800382c                ipa_transfer_enable
 .text.ipa_pixel_format_convert_mode_set
                0x000000000800384c       0x30 ./objects/gd32h7xx_ipa.o
                0x000000000800384c                ipa_pixel_format_convert_mode_set
 .text.ipa_destination_struct_para_init
                0x000000000800387c       0x78 ./objects/gd32h7xx_ipa.o
                0x000000000800387c                ipa_destination_struct_para_init
 .text.ipa_destination_init
                0x00000000080038f4      0x228 ./objects/gd32h7xx_ipa.o
                0x00000000080038f4                ipa_destination_init
 .text.ipa_interrupt_flag_get
                0x0000000008003b1c       0x2c ./objects/gd32h7xx_ipa.o
                0x0000000008003b1c                ipa_interrupt_flag_get
 .text.ipa_interrupt_flag_clear
                0x0000000008003b48       0x24 ./objects/gd32h7xx_ipa.o
                0x0000000008003b48                ipa_interrupt_flag_clear
 .text.nvic_vector_table_set
                0x0000000008003b6c       0x34 ./objects/gd32h7xx_misc.o
                0x0000000008003b6c                nvic_vector_table_set
 .text.rcu_periph_clock_enable
                0x0000000008003ba0       0x48 ./objects/gd32h7xx_rcu.o
                0x0000000008003ba0                rcu_periph_clock_enable
 .text.rcu_periph_reset_enable
                0x0000000008003be8       0x48 ./objects/gd32h7xx_rcu.o
                0x0000000008003be8                rcu_periph_reset_enable
 .text.rcu_periph_reset_disable
                0x0000000008003c30       0x4c ./objects/gd32h7xx_rcu.o
                0x0000000008003c30                rcu_periph_reset_disable
 .text.rcu_ckout0_config
                0x0000000008003c7c       0x38 ./objects/gd32h7xx_rcu.o
                0x0000000008003c7c                rcu_ckout0_config
 .text.rcu_pll_input_output_clock_range_config
                0x0000000008003cb4       0x90 ./objects/gd32h7xx_rcu.o
                0x0000000008003cb4                rcu_pll_input_output_clock_range_config
 .text.rcu_pll2_config
                0x0000000008003d44       0xa0 ./objects/gd32h7xx_rcu.o
                0x0000000008003d44                rcu_pll2_config
 .text.rcu_pll_clock_output_enable
                0x0000000008003de4       0x24 ./objects/gd32h7xx_rcu.o
                0x0000000008003de4                rcu_pll_clock_output_enable
 .text.rcu_irc64mdiv_freq_get
                0x0000000008003e08       0x78 ./objects/gd32h7xx_rcu.o
                0x0000000008003e08                rcu_irc64mdiv_freq_get
 .text.rcu_tli_clock_div_config
                0x0000000008003e80       0x30 ./objects/gd32h7xx_rcu.o
                0x0000000008003e80                rcu_tli_clock_div_config
 .text.rcu_i2c_clock_config
                0x0000000008003eb0       0xac ./objects/gd32h7xx_rcu.o
                0x0000000008003eb0                rcu_i2c_clock_config
 .text.rcu_osci_stab_wait
                0x0000000008003f5c      0x344 ./objects/gd32h7xx_rcu.o
                0x0000000008003f5c                rcu_osci_stab_wait
 .text.rcu_osci_on
                0x00000000080042a0       0x48 ./objects/gd32h7xx_rcu.o
                0x00000000080042a0                rcu_osci_on
 .text.rcu_pll_clock_freq_cal
                0x00000000080042e8       0x80 ./objects/gd32h7xx_rcu.o
 .text.rcu_clock_freq_get
                0x0000000008004368      0xbc4 ./objects/gd32h7xx_rcu.o
                0x0000000008004368                rcu_clock_freq_get
 .text.rcu_flag_get
                0x0000000008004f2c       0x40 ./objects/gd32h7xx_rcu.o
                0x0000000008004f2c                rcu_flag_get
 .text.timer_deinit
                0x0000000008004f6c      0x38c ./objects/gd32h7xx_timer.o
                0x0000000008004f6c                timer_deinit
 .text.timer_init
                0x00000000080052f8      0x21c ./objects/gd32h7xx_timer.o
                0x00000000080052f8                timer_init
 .text.timer_enable
                0x0000000008005514       0x20 ./objects/gd32h7xx_timer.o
                0x0000000008005514                timer_enable
 .text.timer_counter_read
                0x0000000008005534       0xd8 ./objects/gd32h7xx_timer.o
                0x0000000008005534                timer_counter_read
 .text.tli_deinit
                0x000000000800560c       0x18 ./objects/gd32h7xx_tli.o
                0x000000000800560c                tli_deinit
 .text.tli_struct_para_init
                0x0000000008005624       0x6e ./objects/gd32h7xx_tli.o
                0x0000000008005624                tli_struct_para_init
 *fill*         0x0000000008005692        0x2 
 .text.tli_init
                0x0000000008005694       0xf0 ./objects/gd32h7xx_tli.o
                0x0000000008005694                tli_init
 .text.tli_dither_config
                0x0000000008005784       0x3c ./objects/gd32h7xx_tli.o
                0x0000000008005784                tli_dither_config
 .text.tli_enable
                0x00000000080057c0       0x20 ./objects/gd32h7xx_tli.o
                0x00000000080057c0                tli_enable
 .text.tli_reload_config
                0x00000000080057e0       0x3c ./objects/gd32h7xx_tli.o
                0x00000000080057e0                tli_reload_config
 .text.tli_layer_struct_para_init
                0x000000000800581c       0x76 ./objects/gd32h7xx_tli.o
                0x000000000800581c                tli_layer_struct_para_init
 *fill*         0x0000000008005892        0x2 
 .text.tli_layer_init
                0x0000000008005894      0x150 ./objects/gd32h7xx_tli.o
                0x0000000008005894                tli_layer_init
 .text.tli_layer_enable
                0x00000000080059e4       0x20 ./objects/gd32h7xx_tli.o
                0x00000000080059e4                tli_layer_enable
 .text.tli_layer_disable
                0x0000000008005a04       0x20 ./objects/gd32h7xx_tli.o
                0x0000000008005a04                tli_layer_disable
 .text.tli_color_key_disable
                0x0000000008005a24       0x20 ./objects/gd32h7xx_tli.o
                0x0000000008005a24                tli_color_key_disable
 .text.tli_lut_disable
                0x0000000008005a44       0x20 ./objects/gd32h7xx_tli.o
                0x0000000008005a44                tli_lut_disable
 .text.usart_deinit
                0x0000000008005a64      0x134 ./objects/gd32h7xx_usart.o
                0x0000000008005a64                usart_deinit
 .text.usart_baudrate_set
                0x0000000008005b98      0x180 ./objects/gd32h7xx_usart.o
                0x0000000008005b98                usart_baudrate_set
 .text.usart_parity_config
                0x0000000008005d18       0x3a ./objects/gd32h7xx_usart.o
                0x0000000008005d18                usart_parity_config
 .text.usart_word_length_set
                0x0000000008005d52       0x3a ./objects/gd32h7xx_usart.o
                0x0000000008005d52                usart_word_length_set
 .text.usart_stop_bit_set
                0x0000000008005d8c       0x44 ./objects/gd32h7xx_usart.o
                0x0000000008005d8c                usart_stop_bit_set
 .text.usart_enable
                0x0000000008005dd0       0x20 ./objects/gd32h7xx_usart.o
                0x0000000008005dd0                usart_enable
 .text.usart_transmit_config
                0x0000000008005df0       0x2e ./objects/gd32h7xx_usart.o
                0x0000000008005df0                usart_transmit_config
 .text.usart_receive_config
                0x0000000008005e1e       0x2e ./objects/gd32h7xx_usart.o
                0x0000000008005e1e                usart_receive_config
 .text.usart_data_transmit
                0x0000000008005e4c       0x24 ./objects/gd32h7xx_usart.o
                0x0000000008005e4c                usart_data_transmit
 .text.usart_flag_get
                0x0000000008005e70       0x3e ./objects/gd32h7xx_usart.o
                0x0000000008005e70                usart_flag_get
 *fill*         0x0000000008005eae        0x2 
 .text.Reset_Handler
                0x0000000008005eb0       0x5c ./objects/startup_gd32h7xx.o
                0x0000000008005eb0                Reset_Handler
 .text.Default_Handler
                0x0000000008005f0c        0x2 ./objects/startup_gd32h7xx.o
                0x0000000008005f0c                RTC_Alarm_IRQHandler
                0x0000000008005f0c                SDIO1_IRQHandler
                0x0000000008005f0c                EXTI2_IRQHandler
                0x0000000008005f0c                TIMER2_IRQHandler
                0x0000000008005f0c                TIMER3_DEC_IRQHandler
                0x0000000008005f0c                SPI4_IRQHandler
                0x0000000008005f0c                CAN2_Busoff_IRQHandler
                0x0000000008005f0c                ENET0_WKUP_IRQHandler
                0x0000000008005f0c                TIMER1_DEC_IRQHandler
                0x0000000008005f0c                TIMER0_BRK_IRQHandler
                0x0000000008005f0c                CAN1_FastError_IRQHandler
                0x0000000008005f0c                TIMER31_IRQHandler
                0x0000000008005f0c                ADC0_1_IRQHandler
                0x0000000008005f0c                TIMER0_UP_IRQHandler
                0x0000000008005f0c                CAN2_Message_IRQHandler
                0x0000000008005f0c                HPDF_INT1_IRQHandler
                0x0000000008005f0c                TIMER15_IRQHandler
                0x0000000008005f0c                EXTI3_IRQHandler
                0x0000000008005f0c                TIMER51_IRQHandler
                0x0000000008005f0c                IPA_IRQHandler
                0x0000000008005f0c                USBHS0_IRQHandler
                0x0000000008005f0c                CAN2_TEC_IRQHandler
                0x0000000008005f0c                TIMER30_DEC_IRQHandler
                0x0000000008005f0c                CAN0_Message_IRQHandler
                0x0000000008005f0c                I2C3_ER_IRQHandler
                0x0000000008005f0c                CTC_IRQHandler
                0x0000000008005f0c                TIMER3_IRQHandler
                0x0000000008005f0c                MDMA_IRQHandler
                0x0000000008005f0c                DMA0_Channel6_IRQHandler
                0x0000000008005f0c                AVD_LVD_OVD_IRQHandler
                0x0000000008005f0c                CAN1_Error_IRQHandler
                0x0000000008005f0c                I2C0_EV_IRQHandler
                0x0000000008005f0c                I2C2_EV_IRQHandler
                0x0000000008005f0c                CAN1_WKUP_IRQHandler
                0x0000000008005f0c                CAU_IRQHandler
                0x0000000008005f0c                CAN0_TEC_IRQHandler
                0x0000000008005f0c                FPU_IRQHandler
                0x0000000008005f0c                TIMER50_IRQHandler
                0x0000000008005f0c                EFUSE_IRQHandler
                0x0000000008005f0c                TIMER40_IRQHandler
                0x0000000008005f0c                USBHS0_WKUP_IRQHandler
                0x0000000008005f0c                TIMER4_IRQHandler
                0x0000000008005f0c                CAN2_REC_IRQHandler
                0x0000000008005f0c                SPI1_IRQHandler
                0x0000000008005f0c                CAN0_REC_IRQHandler
                0x0000000008005f0c                DMA0_Channel0_IRQHandler
                0x0000000008005f0c                USART5_IRQHandler
                0x0000000008005f0c                CAN0_WKUP_IRQHandler
                0x0000000008005f0c                HPDF_INT3_IRQHandler
                0x0000000008005f0c                TIMER2_DEC_IRQHandler
                0x0000000008005f0c                DMA1_Channel0_IRQHandler
                0x0000000008005f0c                TIMER14_IRQHandler
                0x0000000008005f0c                TIMER6_IRQHandler
                0x0000000008005f0c                TIMER16_IRQHandler
                0x0000000008005f0c                DMA1_Channel4_IRQHandler
                0x0000000008005f0c                SAI2_IRQHandler
                0x0000000008005f0c                HPDF_INT2_IRQHandler
                0x0000000008005f0c                TIMER22_DEC_IRQHandler
                0x0000000008005f0c                DMA0_Channel3_IRQHandler
                0x0000000008005f0c                RTDEC1_IRQHandler
                0x0000000008005f0c                I2C0_ER_IRQHandler
                0x0000000008005f0c                TLI_IRQHandler
                0x0000000008005f0c                USBHS1_EP1_IN_IRQHandler
                0x0000000008005f0c                OSPI0_IRQHandler
                0x0000000008005f0c                TIMER31_DEC_IRQHandler
                0x0000000008005f0c                CAN1_REC_IRQHandler
                0x0000000008005f0c                ENET1_WKUP_IRQHandler
                0x0000000008005f0c                I2C3_WKUP_IRQHandler
                0x0000000008005f0c                CAN1_Busoff_IRQHandler
                0x0000000008005f0c                DMA1_Channel7_IRQHandler
                0x0000000008005f0c                TIMER7_UP_IRQHandler
                0x0000000008005f0c                CAN0_Busoff_IRQHandler
                0x0000000008005f0c                TIMER23_IRQHandler
                0x0000000008005f0c                MDIO_IRQHandler
                0x0000000008005f0c                DMA0_Channel2_IRQHandler
                0x0000000008005f0c                SDIO0_IRQHandler
                0x0000000008005f0c                RSPDIF_IRQHandler
                0x0000000008005f0c                USART0_IRQHandler
                0x0000000008005f0c                TIMER1_IRQHandler
                0x0000000008005f0c                USBHS1_IRQHandler
                0x0000000008005f0c                TIMER7_TRG_CMT_IRQHandler
                0x0000000008005f0c                TIMER0_TRG_CMT_IRQHandler
                0x0000000008005f0c                I2C1_EV_IRQHandler
                0x0000000008005f0c                TIMER0_DEC_IRQHandler
                0x0000000008005f0c                DMA1_Channel6_IRQHandler
                0x0000000008005f0c                UART4_IRQHandler
                0x0000000008005f0c                TIMER41_IRQHandler
                0x0000000008005f0c                EXTI10_15_IRQHandler
                0x0000000008005f0c                DMA1_Channel1_IRQHandler
                0x0000000008005f0c                Default_Handler
                0x0000000008005f0c                SAI0_IRQHandler
                0x0000000008005f0c                CAN2_Error_IRQHandler
                0x0000000008005f0c                TIMER7_Channel_IRQHandler
                0x0000000008005f0c                CAN2_FastError_IRQHandler
                0x0000000008005f0c                DMA0_Channel7_IRQHandler
                0x0000000008005f0c                TIMER23_DEC_IRQHandler
                0x0000000008005f0c                I2C2_WKUP_IRQHandler
                0x0000000008005f0c                WWDGT_IRQHandler
                0x0000000008005f0c                EXMC_IRQHandler
                0x0000000008005f0c                TIMER7_DEC_IRQHandler
                0x0000000008005f0c                SPI5_IRQHandler
                0x0000000008005f0c                CAN1_Message_IRQHandler
                0x0000000008005f0c                I2C3_EV_IRQHandler
                0x0000000008005f0c                TIMER43_IRQHandler
                0x0000000008005f0c                RTC_WKUP_IRQHandler
                0x0000000008005f0c                OSPI1_IRQHandler
                0x0000000008005f0c                ADC2_IRQHandler
                0x0000000008005f0c                SPI2_IRQHandler
                0x0000000008005f0c                LPDTS_WKUP_IRQHandler
                0x0000000008005f0c                FAC_IRQHandler
                0x0000000008005f0c                TIMER4_DEC_IRQHandler
                0x0000000008005f0c                TIMER44_IRQHandler
                0x0000000008005f0c                HAU_TRNG_IRQHandler
                0x0000000008005f0c                TIMER7_BRK_IRQHandler
                0x0000000008005f0c                DMA1_Channel5_IRQHandler
                0x0000000008005f0c                USBHS0_EP1_IN_IRQHandler
                0x0000000008005f0c                EXTI4_IRQHandler
                0x0000000008005f0c                TAMPER_STAMP_LXTAL_IRQHandler
                0x0000000008005f0c                USBHS0_EP1_OUT_IRQHandler
                0x0000000008005f0c                DMA0_Channel5_IRQHandler
                0x0000000008005f0c                TIMER30_IRQHandler
                0x0000000008005f0c                DMA1_Channel3_IRQHandler
                0x0000000008005f0c                ENET1_IRQHandler
                0x0000000008005f0c                ENET0_IRQHandler
                0x0000000008005f0c                HPDF_INT0_IRQHandler
                0x0000000008005f0c                RAMECCMU_IRQHandler
                0x0000000008005f0c                USBHS1_WKUP_IRQHandler
                0x0000000008005f0c                CAN0_Error_IRQHandler
                0x0000000008005f0c                EXTI5_9_IRQHandler
                0x0000000008005f0c                HWSEM_IRQHandler
                0x0000000008005f0c                TMU_IRQHandler
                0x0000000008005f0c                RCU_IRQHandler
                0x0000000008005f0c                DMA0_Channel1_IRQHandler
                0x0000000008005f0c                TIMER0_Channel_IRQHandler
                0x0000000008005f0c                EXTI1_IRQHandler
                0x0000000008005f0c                TIMER5_DAC_UDR_IRQHandler
                0x0000000008005f0c                CAN0_FastError_IRQHandler
                0x0000000008005f0c                SPI0_IRQHandler
                0x0000000008005f0c                UART7_IRQHandler
                0x0000000008005f0c                USART2_IRQHandler
                0x0000000008005f0c                CMP0_1_IRQHandler
                0x0000000008005f0c                UART6_IRQHandler
                0x0000000008005f0c                I2C1_WKUP_IRQHandler
                0x0000000008005f0c                I2C2_ER_IRQHandler
                0x0000000008005f0c                DMA1_Channel2_IRQHandler
                0x0000000008005f0c                LPDTS_IRQHandler
                0x0000000008005f0c                TLI_ER_IRQHandler
                0x0000000008005f0c                USART1_IRQHandler
                0x0000000008005f0c                USBHS1_EP1_OUT_IRQHandler
                0x0000000008005f0c                SPI3_IRQHandler
                0x0000000008005f0c                CAN1_TEC_IRQHandler
                0x0000000008005f0c                UART3_IRQHandler
                0x0000000008005f0c                I2C1_ER_IRQHandler
                0x0000000008005f0c                FMC_IRQHandler
                0x0000000008005f0c                TIMER22_IRQHandler
                0x0000000008005f0c                CAN2_WKUP_IRQHandler
                0x0000000008005f0c                I2C0_WKUP_IRQHandler
                0x0000000008005f0c                DMA0_Channel4_IRQHandler
                0x0000000008005f0c                DMAMUX_OVR_IRQHandler
                0x0000000008005f0c                SAI1_IRQHandler
                0x0000000008005f0c                TIMER42_IRQHandler
                0x0000000008005f0c                RTDEC0_IRQHandler
 *fill*         0x0000000008005f0e        0x2 
 .text.AI_Init.part.0
                0x0000000008005f10       0xb4 ./objects/ai_model.o
 .text.AI_Init  0x0000000008005fc4       0x10 ./objects/ai_model.o
                0x0000000008005fc4                AI_Init
 .text.run_ai1_patch
                0x0000000008005fd4       0xe4 ./objects/ai_model.o
                0x0000000008005fd4                run_ai1_patch
 .text.AI_Run   0x00000000080060b8       0xe4 ./objects/ai_model.o
                0x00000000080060b8                AI_Run
 .text.ai_network_1_inputs_get
                0x000000000800619c       0x1c ./objects/network_1.o
                0x000000000800619c                ai_network_1_inputs_get
 .text.ai_network_1_outputs_get
                0x00000000080061b8       0x1c ./objects/network_1.o
                0x00000000080061b8                ai_network_1_outputs_get
 .text.ai_network_1_init
                0x00000000080061d4      0x638 ./objects/network_1.o
                0x00000000080061d4                ai_network_1_init
 .text.ai_network_1_create_and_init
                0x000000000800680c       0xac ./objects/network_1.o
                0x000000000800680c                ai_network_1_create_and_init
 .text.ai_network_1_run
                0x00000000080068b8        0x4 ./objects/network_1.o
                0x00000000080068b8                ai_network_1_run
 .text.ai_network_1_data_params_get
                0x00000000080068bc       0x34 ./objects/network_1_data.o
                0x00000000080068bc                ai_network_1_data_params_get
 .text.ai_network_2_inputs_get
                0x00000000080068f0       0x1c ./objects/network_2.o
                0x00000000080068f0                ai_network_2_inputs_get
 .text.ai_network_2_outputs_get
                0x000000000800690c       0x1c ./objects/network_2.o
                0x000000000800690c                ai_network_2_outputs_get
 .text.ai_network_2_init
                0x0000000008006928     0x135c ./objects/network_2.o
                0x0000000008006928                ai_network_2_init
 .text.ai_network_2_create_and_init
                0x0000000008007c84       0xac ./objects/network_2.o
                0x0000000008007c84                ai_network_2_create_and_init
 .text.ai_network_2_run
                0x0000000008007d30        0x4 ./objects/network_2.o
                0x0000000008007d30                ai_network_2_run
 .text.ai_network_2_data_params_get
                0x0000000008007d34       0x34 ./objects/network_2_data.o
                0x0000000008007d34                ai_network_2_data_params_get
 .text.compare  0x0000000008007d68       0x1c ./objects/utils.o
                0x0000000008007d68                compare
 .text.handle_preds
                0x0000000008007d84      0x11c ./objects/utils.o
                0x0000000008007d84                handle_preds
 .text.nms      0x0000000008007ea0      0x198 ./objects/utils.o
                0x0000000008007ea0                nms
 .text.ai_buffer_get_size
                0x0000000008008038       0x68 ./Edge_AI/ST_Lib/Lib\libNetworkRuntime.a(ai_platform.o)
                0x0000000008008038                ai_buffer_get_size
 .text.ai_buffer_array_sane
                0x00000000080080a0       0x14 ./Edge_AI/ST_Lib/Lib\libNetworkRuntime.a(ai_platform.o)
                0x00000000080080a0                ai_buffer_array_sane
 .text.ai_buffer_array_item_set_address
                0x00000000080080b4       0x20 ./Edge_AI/ST_Lib/Lib\libNetworkRuntime.a(ai_platform.o)
                0x00000000080080b4                ai_buffer_array_item_set_address
 .text._ai_platform_acquire_crc
                0x00000000080080d4        0x4 ./Edge_AI/ST_Lib/Lib\libNetworkRuntime.a(ai_platform_interface.o)
                0x00000000080080d4                _ai_platform_acquire_crc
 .text._ai_platform_release_crc
                0x00000000080080d8        0x4 ./Edge_AI/ST_Lib/Lib\libNetworkRuntime.a(ai_platform_interface.o)
                0x00000000080080d8                _ai_platform_release_crc
 .text.ai_platform_get_weights_map
                0x00000000080080dc       0xa8 ./Edge_AI/ST_Lib/Lib\libNetworkRuntime.a(ai_platform_interface.o)
                0x00000000080080dc                ai_platform_get_weights_map
 .text.ai_platform_get_activations_map
                0x0000000008008184       0xa8 ./Edge_AI/ST_Lib/Lib\libNetworkRuntime.a(ai_platform_interface.o)
                0x0000000008008184                ai_platform_get_activations_map
 .text.ai_platform_bind_network_params
                0x000000000800822c       0x44 ./Edge_AI/ST_Lib/Lib\libNetworkRuntime.a(ai_platform_interface.o)
                0x000000000800822c                ai_platform_bind_network_params
 .text.ai_platform_network_get_error
                0x0000000008008270       0xdc ./Edge_AI/ST_Lib/Lib\libNetworkRuntime.a(ai_platform_interface.o)
                0x0000000008008270                ai_platform_network_get_error
 .text.ai_platform_network_set_error
                0x000000000800834c        0xc ./Edge_AI/ST_Lib/Lib\libNetworkRuntime.a(ai_platform_interface.o)
                0x000000000800834c                ai_platform_network_set_error
 .text.ai_platform_inputs_get
                0x0000000008008358      0x1ac ./Edge_AI/ST_Lib/Lib\libNetworkRuntime.a(ai_platform_interface.o)
                0x0000000008008358                ai_platform_inputs_get
 .text.ai_platform_outputs_get
                0x0000000008008504      0x1a0 ./Edge_AI/ST_Lib/Lib\libNetworkRuntime.a(ai_platform_interface.o)
                0x0000000008008504                ai_platform_outputs_get
 .text.ai_platform_network_create
                0x00000000080086a4      0x1ac ./Edge_AI/ST_Lib/Lib\libNetworkRuntime.a(ai_platform_interface.o)
                0x00000000080086a4                ai_platform_network_create
 .text.ai_platform_network_init
                0x0000000008008850      0x1dc ./Edge_AI/ST_Lib/Lib\libNetworkRuntime.a(ai_platform_interface.o)
                0x0000000008008850                ai_platform_network_init
 .text.ai_platform_network_post_init
                0x0000000008008a2c      0x110 ./Edge_AI/ST_Lib/Lib\libNetworkRuntime.a(ai_platform_interface.o)
                0x0000000008008a2c                ai_platform_network_post_init
 .text.ai_platform_network_process
                0x0000000008008b3c      0x50c ./Edge_AI/ST_Lib/Lib\libNetworkRuntime.a(ai_platform_interface.o)
                0x0000000008008b3c                ai_platform_network_process
 .text.node_convert
                0x0000000008009048      0x29c ./Edge_AI/ST_Lib/Lib\libNetworkRuntime.a(core_convert.o)
                0x0000000008009048                node_convert
 .text.core_init
                0x00000000080092e4        0x4 ./Edge_AI/ST_Lib/Lib\libNetworkRuntime.a(core_common.o)
                0x00000000080092e4                core_init
 .text.core_get_error
                0x00000000080092e8        0xc ./Edge_AI/ST_Lib/Lib\libNetworkRuntime.a(core_common.o)
                0x00000000080092e8                core_get_error
 .text.core_set_error
                0x00000000080092f4       0x18 ./Edge_AI/ST_Lib/Lib\libNetworkRuntime.a(core_common.o)
                0x00000000080092f4                core_set_error
 .text.func_dummy
                0x000000000800930c        0x4 ./Edge_AI/ST_Lib/Lib\libNetworkRuntime.a(layers_conv2d_stm32_integer.o)
 .text.forward_conv2d_integer_SSSA
                0x0000000008009310      0x584 ./Edge_AI/ST_Lib/Lib\libNetworkRuntime.a(layers_conv2d_stm32_integer.o)
                0x0000000008009310                forward_conv2d_integer_SSSA
 .text.forward_sm
                0x0000000008009894      0x11c ./Edge_AI/ST_Lib/Lib\libNetworkRuntime.a(layers_nl_generic_float.o)
                0x0000000008009894                forward_sm
 .text.forward_gather
                0x00000000080099b0      0x22c ./Edge_AI/ST_Lib/Lib\libNetworkRuntime.a(layers_generic_float.o)
                0x00000000080099b0                forward_gather
 .text.forward_pad
                0x0000000008009bdc      0x3f8 ./Edge_AI/ST_Lib/Lib\libNetworkRuntime.a(layers_generic_float.o)
                0x0000000008009bdc                forward_pad
 .text.forward_pack
                0x0000000008009fd4       0xdc ./Edge_AI/ST_Lib/Lib\libNetworkRuntime.a(layers_generic_float.o)
                0x0000000008009fd4                forward_pack
 .text.forward_concat
                0x000000000800a0b0      0x570 ./Edge_AI/ST_Lib/Lib\libNetworkRuntime.a(layers_generic_float.o)
                0x000000000800a0b0                forward_concat
 .text.forward_transpose
                0x000000000800a620      0x15c ./Edge_AI/ST_Lib/Lib\libNetworkRuntime.a(layers_generic_float.o)
                0x000000000800a620                forward_transpose
 .text.nl_func_array_integer
                0x000000000800a77c       0x54 ./Edge_AI/ST_Lib/Lib\libNetworkRuntime.a(layers_nl_stm32_integer.o)
                0x000000000800a77c                nl_func_array_integer
 .text.forward_nl_integer
                0x000000000800a7d0       0xb0 ./Edge_AI/ST_Lib/Lib\libNetworkRuntime.a(layers_nl_stm32_integer.o)
                0x000000000800a7d0                forward_nl_integer
 .text.forward_eltwise_integer_INT8
                0x000000000800a880      0x3c4 ./Edge_AI/ST_Lib/Lib\libNetworkRuntime.a(layers_stm32_integer.o)
                0x000000000800a880                forward_eltwise_integer_INT8
 .text.func_dummy
                0x000000000800ac44        0x4 ./Edge_AI/ST_Lib/Lib\libNetworkRuntime.a(layers_dw_sssa8_ch.o)
 .text.forward_dw_sssa8_ch
                0x000000000800ac48      0x260 ./Edge_AI/ST_Lib/Lib\libNetworkRuntime.a(layers_dw_sssa8_ch.o)
                0x000000000800ac48                forward_dw_sssa8_ch
 .text.forward_dw_3x3_sssa8_ch
                0x000000000800aea8      0x214 ./Edge_AI/ST_Lib/Lib\libNetworkRuntime.a(layers_dw_sssa8_ch.o)
                0x000000000800aea8                forward_dw_3x3_sssa8_ch
 .text.func_dummy
                0x000000000800b0bc        0x4 ./Edge_AI/ST_Lib/Lib\libNetworkRuntime.a(layers_pw_sssa8_ch.o)
 .text.forward_pw_sssa8_ch
                0x000000000800b0c0      0x264 ./Edge_AI/ST_Lib/Lib\libNetworkRuntime.a(layers_pw_sssa8_ch.o)
                0x000000000800b0c0                forward_pw_sssa8_ch
 .text.ai_check_custom_types
                0x000000000800b324       0x54 ./Edge_AI/ST_Lib/Lib\libNetworkRuntime.a(layers.o)
                0x000000000800b324                ai_check_custom_types
 .text.ai_layers_init_all
                0x000000000800b378       0x1c ./Edge_AI/ST_Lib/Lib\libNetworkRuntime.a(layers.o)
                0x000000000800b378                ai_layers_init_all
 .text.ai_layers_post_init_all
                0x000000000800b394       0x28 ./Edge_AI/ST_Lib/Lib\libNetworkRuntime.a(layers.o)
                0x000000000800b394                ai_layers_post_init_all
 .text.ai_layers_forward_all
                0x000000000800b3bc       0x94 ./Edge_AI/ST_Lib/Lib\libNetworkRuntime.a(layers.o)
                0x000000000800b3bc                ai_layers_forward_all
 .text.func_dummy
                0x000000000800b450        0x4 ./Edge_AI/ST_Lib/Lib\libNetworkRuntime.a(layers_conv2d_rgb_sssa8_ch.o)
 .text.forward_conv2d_rgb_sssa8_ch
                0x000000000800b454      0x224 ./Edge_AI/ST_Lib/Lib\libNetworkRuntime.a(layers_conv2d_rgb_sssa8_ch.o)
                0x000000000800b454                forward_conv2d_rgb_sssa8_ch
 .text.forward_mp_integer_INT8
                0x000000000800b678      0x1e4 ./Edge_AI/ST_Lib/Lib\libNetworkRuntime.a(layers_pool_stm32_integer.o)
                0x000000000800b678                forward_mp_integer_INT8
 .text.forward_lite_pw_sssa8_ch
                0x000000000800b85c      0x140 ./Edge_AI/ST_Lib/Lib\libNetworkRuntime.a(forward_lite_pw_sssa8_ch.o)
                0x000000000800b85c                forward_lite_pw_sssa8_ch
 .text.forward_lite_conv2d_rgb_sssa8_ch
                0x000000000800b99c      0x520 ./Edge_AI/ST_Lib/Lib\libNetworkRuntime.a(forward_lite_conv2d_sssa8_ch.o)
                0x000000000800b99c                forward_lite_conv2d_rgb_sssa8_ch
 .text.st_dw_sssa8_ch_Wadapt
                0x000000000800bebc      0x160 ./Edge_AI/ST_Lib/Lib\libNetworkRuntime.a(forward_lite_dw_sssa8_ch.o)
                0x000000000800bebc                st_dw_sssa8_ch_Wadapt
 .text.forward_lite_dw_3x3_sssa8_ch
                0x000000000800c01c      0xb8c ./Edge_AI/ST_Lib/Lib\libNetworkRuntime.a(forward_lite_dw_sssa8_ch.o)
                0x000000000800c01c                forward_lite_dw_3x3_sssa8_ch
 .text.forward_lite_dw_sssa8_ch
                0x000000000800cba8      0x8d4 ./Edge_AI/ST_Lib/Lib\libNetworkRuntime.a(forward_lite_dw_sssa8_ch.o)
                0x000000000800cba8                forward_lite_dw_sssa8_ch
 .text.ai_sum_f32
                0x000000000800d47c       0x14 ./Edge_AI/ST_Lib/Lib\libNetworkRuntime.a(ai_math_helpers.o)
                0x000000000800d47c                ai_sum_f32
 .text.ai_sum_buffer_INT8
                0x000000000800d490      0x780 ./Edge_AI/ST_Lib/Lib\libNetworkRuntime.a(ai_math_helpers.o)
                0x000000000800d490                ai_sum_buffer_INT8
 .text.align_factor
                0x000000000800dc10       0xa8 ./Edge_AI/ST_Lib/Lib\libNetworkRuntime.a(st_convolve_reference.o)
                0x000000000800dc10                align_factor
 .text.align_factor_ch
                0x000000000800dcb8       0xcc ./Edge_AI/ST_Lib/Lib\libNetworkRuntime.a(st_convolve_reference.o)
                0x000000000800dcb8                align_factor_ch
 .text.st_sssa8_conv_dw_Wadapt
                0x000000000800dd84      0x170 ./Edge_AI/ST_Lib/Lib\libNetworkRuntime.a(st_sssa8_convolve_dw.o)
                0x000000000800dd84                st_sssa8_conv_dw_Wadapt
 .text.st_sssa8_convolve_dw
                0x000000000800def4      0x9e8 ./Edge_AI/ST_Lib/Lib\libNetworkRuntime.a(st_sssa8_convolve_dw.o)
                0x000000000800def4                st_sssa8_convolve_dw
 .text.st_sssa8_ch_convolve_rank1upd
                0x000000000800e8dc      0x11c ./Edge_AI/ST_Lib/Lib\libNetworkRuntime.a(st_sssa8_ch_convolve.o)
                0x000000000800e8dc                st_sssa8_ch_convolve_rank1upd
 .text.st_sssa8_convolve_rank1upd
                0x000000000800e9f8      0x118 ./Edge_AI/ST_Lib/Lib\libNetworkRuntime.a(st_sssa8_convolve.o)
                0x000000000800e9f8                st_sssa8_convolve_rank1upd
 .text.st_sssa8_convolve
                0x000000000800eb10      0xb64 ./Edge_AI/ST_Lib/Lib\libNetworkRuntime.a(st_sssa8_convolve.o)
                0x000000000800eb10                st_sssa8_convolve
 .text.st_sssa8_convolve_rgb
                0x000000000800f674      0x7f8 ./Edge_AI/ST_Lib/Lib\libNetworkRuntime.a(st_sssa8_convolve_rgb.o)
                0x000000000800f674                st_sssa8_convolve_rgb
 .text.st_sssa8_convolve_1x1_WeightsPrefetch
                0x000000000800fe6c       0x1c ./Edge_AI/ST_Lib/Lib\libNetworkRuntime.a(st_sssa8_convolve_1x1.o)
                0x000000000800fe6c                st_sssa8_convolve_1x1_WeightsPrefetch
 .text.st_sssa8_convolve_1x1
                0x000000000800fe88       0xb4 ./Edge_AI/ST_Lib/Lib\libNetworkRuntime.a(st_sssa8_convolve_1x1.o)
                0x000000000800fe88                st_sssa8_convolve_1x1
 .text.ai_padding_opt_init
                0x000000000800ff3c       0xb0 ./Edge_AI/ST_Lib/Lib\libNetworkRuntime.a(st_padding_opt.o)
                0x000000000800ff3c                ai_padding_opt_init
 .text.ai_padding_opt_phase1
                0x000000000800ffec       0x34 ./Edge_AI/ST_Lib/Lib\libNetworkRuntime.a(st_padding_opt.o)
                0x000000000800ffec                ai_padding_opt_phase1
 .text.st_uint8_fill
                0x0000000008010020       0xb4 ./Edge_AI/ST_Lib/Lib\libNetworkRuntime.a(st_uint8_fill.o)
                0x0000000008010020                st_uint8_fill
 .text.st_int8_to16_no_shift
                0x00000000080100d4       0xc0 ./Edge_AI/ST_Lib/Lib\libNetworkRuntime.a(st_int8_to16_no_shift.o)
                0x00000000080100d4                st_int8_to16_no_shift
 .text.st_int8_to16_dual
                0x0000000008010194      0x1d4 ./Edge_AI/ST_Lib/Lib\libNetworkRuntime.a(st_int8_to16_no_shift.o)
                0x0000000008010194                st_int8_to16_dual
 .text.st_sssa8_nn_mat_mult_kernel
                0x0000000008010368      0x674 ./Edge_AI/ST_Lib/Lib\libNetworkRuntime.a(st_sssa8_nn_mat_mult_kernel.o)
                0x0000000008010368                st_sssa8_nn_mat_mult_kernel
 .text.weights_2channels_prefetch
                0x00000000080109dc      0x1d4 ./Edge_AI/ST_Lib/Lib\libNetworkRuntime.a(st_sssa8_ch_nn_mat_mult_nt_t.o)
                0x00000000080109dc                weights_2channels_prefetch
 .text.st_sssa8_ch_fullW_prefetch
                0x0000000008010bb0       0x80 ./Edge_AI/ST_Lib/Lib\libNetworkRuntime.a(st_sssa8_ch_nn_mat_mult_nt_t.o)
                0x0000000008010bb0                st_sssa8_ch_fullW_prefetch
 .text.st_sssa8_ch_nn_mat_mult_nt_t
                0x0000000008010c30      0xbd4 ./Edge_AI/ST_Lib/Lib\libNetworkRuntime.a(st_sssa8_ch_nn_mat_mult_nt_t.o)
                0x0000000008010c30                st_sssa8_ch_nn_mat_mult_nt_t
 .text.st_int8_fill
                0x0000000008011804       0xc4 ./Edge_AI/ST_Lib/Lib\libNetworkRuntime.a(st_int8_fill.o)
                0x0000000008011804                st_int8_fill
 .text.st_int8_copy
                0x00000000080118c8       0xf0 ./Edge_AI/ST_Lib/Lib\libNetworkRuntime.a(st_int8_fill.o)
                0x00000000080118c8                st_int8_copy
 .text.st_sssa8_fullW_prefetch
                0x00000000080119b8      0x1e4 ./Edge_AI/ST_Lib/Lib\libNetworkRuntime.a(st_sssa8_nn_mat_mult_nt_t.o)
                0x00000000080119b8                st_sssa8_fullW_prefetch
 .text.st_sssa8_nn_mat_mult_nt_t
                0x0000000008011b9c      0x9b4 ./Edge_AI/ST_Lib/Lib\libNetworkRuntime.a(st_sssa8_nn_mat_mult_nt_t.o)
                0x0000000008011b9c                st_sssa8_nn_mat_mult_nt_t
 .text.st_sssa8_ch_nn_mat_mult_kernel_opt
                0x0000000008012550      0x63c ./Edge_AI/ST_Lib/Lib\libNetworkRuntime.a(st_sssa8_ch_nn_mat_mult_kernel_opt.o)
                0x0000000008012550                st_sssa8_ch_nn_mat_mult_kernel_opt
 .text.st_sssa8_ch_nn_mat_mult_kernel_single_opt
                0x0000000008012b8c      0x418 ./Edge_AI/ST_Lib/Lib\libNetworkRuntime.a(st_sssa8_ch_nn_mat_mult_kernel_opt.o)
                0x0000000008012b8c                st_sssa8_ch_nn_mat_mult_kernel_single_opt
 .text.st_sssa8_nn_mat_mult_kernel_opt
                0x0000000008012fa4      0x594 ./Edge_AI/ST_Lib/Lib\libNetworkRuntime.a(st_sssa8_nn_mat_mult_kernel_opt.o)
                0x0000000008012fa4                st_sssa8_nn_mat_mult_kernel_opt
 .text.st_sssa8_nn_mat_mult_kernel_single_opt
                0x0000000008013538      0x354 ./Edge_AI/ST_Lib/Lib\libNetworkRuntime.a(st_sssa8_nn_mat_mult_kernel_opt.o)
                0x0000000008013538                st_sssa8_nn_mat_mult_kernel_single_opt
 .text.st_int8_maxpool
                0x000000000801388c      0x5c0 ./Edge_AI/ST_Lib/Lib\libNetworkRuntime.a(st_int8_pool.o)
                0x000000000801388c                st_int8_maxpool
 .text.arm_copy_q7
                0x0000000008013e4c       0x98 ./Edge_AI/ST_Lib/Lib\libNetworkRuntime.a(arm_copy_q7.o)
                0x0000000008013e4c                arm_copy_q7
 .text.arm_fill_q15
                0x0000000008013ee4       0x5c ./Edge_AI/ST_Lib/Lib\libNetworkRuntime.a(arm_fill_q15.o)
                0x0000000008013ee4                arm_fill_q15
 .text.arm_float_to_q15
                0x0000000008013f40      0x18c ./Edge_AI/ST_Lib/Lib\libNetworkRuntime.a(arm_float_to_q15.o)
                0x0000000008013f40                arm_float_to_q15
 .text.arm_float_to_q7
                0x00000000080140cc      0x1bc ./Edge_AI/ST_Lib/Lib\libNetworkRuntime.a(arm_float_to_q7.o)
                0x00000000080140cc                arm_float_to_q7
 .text.arm_q15_to_float
                0x0000000008014288       0xcc ./Edge_AI/ST_Lib/Lib\libNetworkRuntime.a(arm_q15_to_float.o)
                0x0000000008014288                arm_q15_to_float
 .text.arm_q7_to_float
                0x0000000008014354       0xcc ./Edge_AI/ST_Lib/Lib\libNetworkRuntime.a(arm_q7_to_float.o)
                0x0000000008014354                arm_q7_to_float
 .text.ai_version_get
                0x0000000008014420        0xc ./Edge_AI/ST_Lib/Lib\libNetworkRuntime.a(ai_datatypes_internal.o)
                0x0000000008014420                ai_version_get
 .text.get_tensor_byte_size
                0x000000000801442c       0x30 ./Edge_AI/ST_Lib/Lib\libNetworkRuntime.a(ai_datatypes_internal.o)
                0x000000000801442c                get_tensor_byte_size
 .text.ai_array_to_buffer_fmt
                0x000000000801445c       0xd8 ./Edge_AI/ST_Lib/Lib\libNetworkRuntime.a(ai_datatypes_format.o)
                0x000000000801445c                ai_array_to_buffer_fmt
 .text.ai_array_get_byte_size
                0x0000000008014534       0x50 ./Edge_AI/ST_Lib/Lib\libNetworkRuntime.a(ai_datatypes_format.o)
                0x0000000008014534                ai_array_get_byte_size
 .text.ai_array_get_data_byte_size
                0x0000000008014584       0x24 ./Edge_AI/ST_Lib/Lib\libNetworkRuntime.a(ai_datatypes_format.o)
                0x0000000008014584                ai_array_get_data_byte_size
 .text.core_get_broadcasted_shape
                0x00000000080145a8       0x58 ./Edge_AI/ST_Lib/Lib\libNetworkRuntime.a(core_utils.o)
                0x00000000080145a8                core_get_broadcasted_shape
 .text.core_compute_offsets_in_bytes
                0x0000000008014600      0x168 ./Edge_AI/ST_Lib/Lib\libNetworkRuntime.a(core_utils.o)
                0x0000000008014600                core_compute_offsets_in_bytes
 .text.with_errnof
                0x0000000008014768       0x16 d:/keil5/keil5/arm/gcc/bin/../lib/gcc/arm-none-eabi/10.3.1/../../../../arm-none-eabi/lib/thumb/v7e-m+dp/hard\libm.a(lib_a-math_errf.o)
 .text.xflowf   0x000000000801477e       0x16 d:/keil5/keil5/arm/gcc/bin/../lib/gcc/arm-none-eabi/10.3.1/../../../../arm-none-eabi/lib/thumb/v7e-m+dp/hard\libm.a(lib_a-math_errf.o)
 .text.__math_uflowf
                0x0000000008014794        0xc d:/keil5/keil5/arm/gcc/bin/../lib/gcc/arm-none-eabi/10.3.1/../../../../arm-none-eabi/lib/thumb/v7e-m+dp/hard\libm.a(lib_a-math_errf.o)
                0x0000000008014794                __math_uflowf
 .text.__math_may_uflowf
                0x00000000080147a0        0xc d:/keil5/keil5/arm/gcc/bin/../lib/gcc/arm-none-eabi/10.3.1/../../../../arm-none-eabi/lib/thumb/v7e-m+dp/hard\libm.a(lib_a-math_errf.o)
                0x00000000080147a0                __math_may_uflowf
 .text.__math_oflowf
                0x00000000080147ac        0xc d:/keil5/keil5/arm/gcc/bin/../lib/gcc/arm-none-eabi/10.3.1/../../../../arm-none-eabi/lib/thumb/v7e-m+dp/hard\libm.a(lib_a-math_errf.o)
                0x00000000080147ac                __math_oflowf
 .text.__math_divzerof
                0x00000000080147b8       0x20 d:/keil5/keil5/arm/gcc/bin/../lib/gcc/arm-none-eabi/10.3.1/../../../../arm-none-eabi/lib/thumb/v7e-m+dp/hard\libm.a(lib_a-math_errf.o)
                0x00000000080147b8                __math_divzerof
 .text.__math_invalidf
                0x00000000080147d8       0x1e d:/keil5/keil5/arm/gcc/bin/../lib/gcc/arm-none-eabi/10.3.1/../../../../arm-none-eabi/lib/thumb/v7e-m+dp/hard\libm.a(lib_a-math_errf.o)
                0x00000000080147d8                __math_invalidf
 *fill*         0x00000000080147f6        0x2 
 .text.expf     0x00000000080147f8       0xe8 d:/keil5/keil5/arm/gcc/bin/../lib/gcc/arm-none-eabi/10.3.1/../../../../arm-none-eabi/lib/thumb/v7e-m+dp/hard\libm.a(lib_a-sf_exp.o)
                0x00000000080147f8                expf
 .text.checkint
                0x00000000080148e0       0x2e d:/keil5/keil5/arm/gcc/bin/../lib/gcc/arm-none-eabi/10.3.1/../../../../arm-none-eabi/lib/thumb/v7e-m+dp/hard\libm.a(lib_a-sf_pow.o)
 *fill*         0x000000000801490e        0x2 
 .text.powf     0x0000000008014910      0x2c0 d:/keil5/keil5/arm/gcc/bin/../lib/gcc/arm-none-eabi/10.3.1/../../../../arm-none-eabi/lib/thumb/v7e-m+dp/hard\libm.a(lib_a-sf_pow.o)
                0x0000000008014910                powf
 .text.__errno  0x0000000008014bd0        0xc d:/keil5/keil5/arm/gcc/bin/../lib/gcc/arm-none-eabi/10.3.1/../../../../arm-none-eabi/lib/thumb/v7e-m+dp/hard\libc.a(lib_a-errno.o)
                0x0000000008014bd0                __errno
 .text.__libc_init_array
                0x0000000008014bdc       0x48 d:/keil5/keil5/arm/gcc/bin/../lib/gcc/arm-none-eabi/10.3.1/../../../../arm-none-eabi/lib/thumb/v7e-m+dp/hard\libc.a(lib_a-init.o)
                0x0000000008014bdc                __libc_init_array
 .text._malloc_r
                0x0000000008014c24      0x478 d:/keil5/keil5/arm/gcc/bin/../lib/gcc/arm-none-eabi/10.3.1/../../../../arm-none-eabi/lib/thumb/v7e-m+dp/hard\libc.a(lib_a-mallocr.o)
                0x0000000008014c24                _malloc_r
 .text.memcpy   0x000000000801509c       0x1c d:/keil5/keil5/arm/gcc/bin/../lib/gcc/arm-none-eabi/10.3.1/../../../../arm-none-eabi/lib/thumb/v7e-m+dp/hard\libc.a(lib_a-memcpy-stub.o)
                0x000000000801509c                memcpy
 .text.memmove  0x00000000080150b8       0x34 d:/keil5/keil5/arm/gcc/bin/../lib/gcc/arm-none-eabi/10.3.1/../../../../arm-none-eabi/lib/thumb/v7e-m+dp/hard\libc.a(lib_a-memmove.o)
                0x00000000080150b8                memmove
 .text.memset   0x00000000080150ec       0x10 d:/keil5/keil5/arm/gcc/bin/../lib/gcc/arm-none-eabi/10.3.1/../../../../arm-none-eabi/lib/thumb/v7e-m+dp/hard\libc.a(lib_a-memset.o)
                0x00000000080150ec                memset
 .text.__malloc_lock
                0x00000000080150fc        0xc d:/keil5/keil5/arm/gcc/bin/../lib/gcc/arm-none-eabi/10.3.1/../../../../arm-none-eabi/lib/thumb/v7e-m+dp/hard\libc.a(lib_a-mlock.o)
                0x00000000080150fc                __malloc_lock
 .text.__malloc_unlock
                0x0000000008015108        0xc d:/keil5/keil5/arm/gcc/bin/../lib/gcc/arm-none-eabi/10.3.1/../../../../arm-none-eabi/lib/thumb/v7e-m+dp/hard\libc.a(lib_a-mlock.o)
                0x0000000008015108                __malloc_unlock
 .text.printf   0x0000000008015114       0x24 d:/keil5/keil5/arm/gcc/bin/../lib/gcc/arm-none-eabi/10.3.1/../../../../arm-none-eabi/lib/thumb/v7e-m+dp/hard\libc.a(lib_a-printf.o)
                0x0000000008015114                printf
 .text._puts_r  0x0000000008015138       0x8c d:/keil5/keil5/arm/gcc/bin/../lib/gcc/arm-none-eabi/10.3.1/../../../../arm-none-eabi/lib/thumb/v7e-m+dp/hard\libc.a(lib_a-puts.o)
                0x0000000008015138                _puts_r
 .text.puts     0x00000000080151c4       0x10 d:/keil5/keil5/arm/gcc/bin/../lib/gcc/arm-none-eabi/10.3.1/../../../../arm-none-eabi/lib/thumb/v7e-m+dp/hard\libc.a(lib_a-puts.o)
                0x00000000080151c4                puts
 .text.swapfunc
                0x00000000080151d4       0x32 d:/keil5/keil5/arm/gcc/bin/../lib/gcc/arm-none-eabi/10.3.1/../../../../arm-none-eabi/lib/thumb/v7e-m+dp/hard\libc.a(lib_a-qsort.o)
 .text.med3.constprop.0
                0x0000000008015206       0x3e d:/keil5/keil5/arm/gcc/bin/../lib/gcc/arm-none-eabi/10.3.1/../../../../arm-none-eabi/lib/thumb/v7e-m+dp/hard\libc.a(lib_a-qsort.o)
 .text.qsort    0x0000000008015244      0x2a0 d:/keil5/keil5/arm/gcc/bin/../lib/gcc/arm-none-eabi/10.3.1/../../../../arm-none-eabi/lib/thumb/v7e-m+dp/hard\libc.a(lib_a-qsort.o)
                0x0000000008015244                qsort
 .text._realloc_r
                0x00000000080154e4      0x348 d:/keil5/keil5/arm/gcc/bin/../lib/gcc/arm-none-eabi/10.3.1/../../../../arm-none-eabi/lib/thumb/v7e-m+dp/hard\libc.a(lib_a-reallocr.o)
                0x00000000080154e4                _realloc_r
 .text._sbrk_r  0x000000000801582c       0x20 d:/keil5/keil5/arm/gcc/bin/../lib/gcc/arm-none-eabi/10.3.1/../../../../arm-none-eabi/lib/thumb/v7e-m+dp/hard\libc.a(lib_a-sbrkr.o)
                0x000000000801582c                _sbrk_r
 .text.sprintf  0x000000000801584c       0x40 d:/keil5/keil5/arm/gcc/bin/../lib/gcc/arm-none-eabi/10.3.1/../../../../arm-none-eabi/lib/thumb/v7e-m+dp/hard\libc.a(lib_a-sprintf.o)
                0x000000000801584c                sprintf
 *fill*         0x000000000801588c        0x4 
 .text._svfprintf_r
                0x0000000008015890     0x139c d:/keil5/keil5/arm/gcc/bin/../lib/gcc/arm-none-eabi/10.3.1/../../../../arm-none-eabi/lib/thumb/v7e-m+dp/hard\libc.a(lib_a-svfprintf.o)
                0x0000000008015890                _svfprintf_r
 .text.sysconf  0x0000000008016c2c       0x1a d:/keil5/keil5/arm/gcc/bin/../lib/gcc/arm-none-eabi/10.3.1/../../../../arm-none-eabi/lib/thumb/v7e-m+dp/hard\libc.a(lib_a-sysconf.o)
                0x0000000008016c2c                sysconf
 *fill*         0x0000000008016c46        0x2 
 .text._vfprintf_r
                0x0000000008016c48     0x1448 d:/keil5/keil5/arm/gcc/bin/../lib/gcc/arm-none-eabi/10.3.1/../../../../arm-none-eabi/lib/thumb/v7e-m+dp/hard\libc.a(lib_a-vfprintf.o)
                0x0000000008016c48                _vfprintf_r
 .text.__sbprintf
                0x0000000008018090       0x80 d:/keil5/keil5/arm/gcc/bin/../lib/gcc/arm-none-eabi/10.3.1/../../../../arm-none-eabi/lib/thumb/v7e-m+dp/hard\libc.a(lib_a-vfprintf.o)
 .text.__swsetup_r
                0x0000000008018110       0xb0 d:/keil5/keil5/arm/gcc/bin/../lib/gcc/arm-none-eabi/10.3.1/../../../../arm-none-eabi/lib/thumb/v7e-m+dp/hard\libc.a(lib_a-wsetup.o)
                0x0000000008018110                __swsetup_r
 .text.startup.register_fini
                0x00000000080181c0       0x14 d:/keil5/keil5/arm/gcc/bin/../lib/gcc/arm-none-eabi/10.3.1/../../../../arm-none-eabi/lib/thumb/v7e-m+dp/hard\libc.a(lib_a-__call_atexit.o)
 .text.atexit   0x00000000080181d4        0xc d:/keil5/keil5/arm/gcc/bin/../lib/gcc/arm-none-eabi/10.3.1/../../../../arm-none-eabi/lib/thumb/v7e-m+dp/hard\libc.a(lib_a-atexit.o)
                0x00000000080181d4                atexit
 .text.quorem   0x00000000080181e0      0x116 d:/keil5/keil5/arm/gcc/bin/../lib/gcc/arm-none-eabi/10.3.1/../../../../arm-none-eabi/lib/thumb/v7e-m+dp/hard\libc.a(lib_a-dtoa.o)
 *fill*         0x00000000080182f6        0x2 
 .text._dtoa_r  0x00000000080182f8      0xaac d:/keil5/keil5/arm/gcc/bin/../lib/gcc/arm-none-eabi/10.3.1/../../../../arm-none-eabi/lib/thumb/v7e-m+dp/hard\libc.a(lib_a-dtoa.o)
                0x00000000080182f8                _dtoa_r
 .text.__sflush_r
                0x0000000008018da4      0x11c d:/keil5/keil5/arm/gcc/bin/../lib/gcc/arm-none-eabi/10.3.1/../../../../arm-none-eabi/lib/thumb/v7e-m+dp/hard\libc.a(lib_a-fflush.o)
                0x0000000008018da4                __sflush_r
 .text._fflush_r
                0x0000000008018ec0       0x4a d:/keil5/keil5/arm/gcc/bin/../lib/gcc/arm-none-eabi/10.3.1/../../../../arm-none-eabi/lib/thumb/v7e-m+dp/hard\libc.a(lib_a-fflush.o)
                0x0000000008018ec0                _fflush_r
 *fill*         0x0000000008018f0a        0x2 
 .text.std      0x0000000008018f0c       0x50 d:/keil5/keil5/arm/gcc/bin/../lib/gcc/arm-none-eabi/10.3.1/../../../../arm-none-eabi/lib/thumb/v7e-m+dp/hard\libc.a(lib_a-findfp.o)
 .text._cleanup_r
                0x0000000008018f5c        0xc d:/keil5/keil5/arm/gcc/bin/../lib/gcc/arm-none-eabi/10.3.1/../../../../arm-none-eabi/lib/thumb/v7e-m+dp/hard\libc.a(lib_a-findfp.o)
                0x0000000008018f5c                _cleanup_r
 .text.__sfp_lock_acquire
                0x0000000008018f68        0xc d:/keil5/keil5/arm/gcc/bin/../lib/gcc/arm-none-eabi/10.3.1/../../../../arm-none-eabi/lib/thumb/v7e-m+dp/hard\libc.a(lib_a-findfp.o)
                0x0000000008018f68                __sfp_lock_acquire
 .text.__sfp_lock_release
                0x0000000008018f74        0xc d:/keil5/keil5/arm/gcc/bin/../lib/gcc/arm-none-eabi/10.3.1/../../../../arm-none-eabi/lib/thumb/v7e-m+dp/hard\libc.a(lib_a-findfp.o)
                0x0000000008018f74                __sfp_lock_release
 .text.__sinit_lock_acquire
                0x0000000008018f80        0xc d:/keil5/keil5/arm/gcc/bin/../lib/gcc/arm-none-eabi/10.3.1/../../../../arm-none-eabi/lib/thumb/v7e-m+dp/hard\libc.a(lib_a-findfp.o)
                0x0000000008018f80                __sinit_lock_acquire
 .text.__sinit_lock_release
                0x0000000008018f8c        0xc d:/keil5/keil5/arm/gcc/bin/../lib/gcc/arm-none-eabi/10.3.1/../../../../arm-none-eabi/lib/thumb/v7e-m+dp/hard\libc.a(lib_a-findfp.o)
                0x0000000008018f8c                __sinit_lock_release
 .text.__sinit  0x0000000008018f98       0x50 d:/keil5/keil5/arm/gcc/bin/../lib/gcc/arm-none-eabi/10.3.1/../../../../arm-none-eabi/lib/thumb/v7e-m+dp/hard\libc.a(lib_a-findfp.o)
                0x0000000008018f98                __sinit
 .text.__libc_fini_array
                0x0000000008018fe8       0x28 d:/keil5/keil5/arm/gcc/bin/../lib/gcc/arm-none-eabi/10.3.1/../../../../arm-none-eabi/lib/thumb/v7e-m+dp/hard\libc.a(lib_a-fini.o)
                0x0000000008018fe8                __libc_fini_array
 .text._malloc_trim_r
                0x0000000008019010       0xa8 d:/keil5/keil5/arm/gcc/bin/../lib/gcc/arm-none-eabi/10.3.1/../../../../arm-none-eabi/lib/thumb/v7e-m+dp/hard\libc.a(lib_a-freer.o)
                0x0000000008019010                _malloc_trim_r
 .text._free_r  0x00000000080190b8      0x180 d:/keil5/keil5/arm/gcc/bin/../lib/gcc/arm-none-eabi/10.3.1/../../../../arm-none-eabi/lib/thumb/v7e-m+dp/hard\libc.a(lib_a-freer.o)
                0x00000000080190b8                _free_r
 .text.__sfvwrite_r
                0x0000000008019238      0x294 d:/keil5/keil5/arm/gcc/bin/../lib/gcc/arm-none-eabi/10.3.1/../../../../arm-none-eabi/lib/thumb/v7e-m+dp/hard\libc.a(lib_a-fvwrite.o)
                0x0000000008019238                __sfvwrite_r
 .text._fwalk_reent
                0x00000000080194cc       0x3e d:/keil5/keil5/arm/gcc/bin/../lib/gcc/arm-none-eabi/10.3.1/../../../../arm-none-eabi/lib/thumb/v7e-m+dp/hard\libc.a(lib_a-fwalk.o)
                0x00000000080194cc                _fwalk_reent
 *fill*         0x000000000801950a        0x2 
 .text._localeconv_r
                0x000000000801950c        0x8 d:/keil5/keil5/arm/gcc/bin/../lib/gcc/arm-none-eabi/10.3.1/../../../../arm-none-eabi/lib/thumb/v7e-m+dp/hard\libc.a(lib_a-localeconv.o)
                0x000000000801950c                _localeconv_r
 .text.__retarget_lock_init_recursive
                0x0000000008019514        0x2 d:/keil5/keil5/arm/gcc/bin/../lib/gcc/arm-none-eabi/10.3.1/../../../../arm-none-eabi/lib/thumb/v7e-m+dp/hard\libc.a(lib_a-lock.o)
                0x0000000008019514                __retarget_lock_init_recursive
 .text.__retarget_lock_close_recursive
                0x0000000008019516        0x2 d:/keil5/keil5/arm/gcc/bin/../lib/gcc/arm-none-eabi/10.3.1/../../../../arm-none-eabi/lib/thumb/v7e-m+dp/hard\libc.a(lib_a-lock.o)
                0x0000000008019516                __retarget_lock_close_recursive
 .text.__retarget_lock_acquire_recursive
                0x0000000008019518        0x2 d:/keil5/keil5/arm/gcc/bin/../lib/gcc/arm-none-eabi/10.3.1/../../../../arm-none-eabi/lib/thumb/v7e-m+dp/hard\libc.a(lib_a-lock.o)
                0x0000000008019518                __retarget_lock_acquire_recursive
 .text.__retarget_lock_release_recursive
                0x000000000801951a        0x2 d:/keil5/keil5/arm/gcc/bin/../lib/gcc/arm-none-eabi/10.3.1/../../../../arm-none-eabi/lib/thumb/v7e-m+dp/hard\libc.a(lib_a-lock.o)
                0x000000000801951a                __retarget_lock_release_recursive
 .text.__swhatbuf_r
                0x000000000801951c       0x58 d:/keil5/keil5/arm/gcc/bin/../lib/gcc/arm-none-eabi/10.3.1/../../../../arm-none-eabi/lib/thumb/v7e-m+dp/hard\libc.a(lib_a-makebuf.o)
                0x000000000801951c                __swhatbuf_r
 .text.__smakebuf_r
                0x0000000008019574       0x80 d:/keil5/keil5/arm/gcc/bin/../lib/gcc/arm-none-eabi/10.3.1/../../../../arm-none-eabi/lib/thumb/v7e-m+dp/hard\libc.a(lib_a-makebuf.o)
                0x0000000008019574                __smakebuf_r
 .text._Balloc  0x00000000080195f4       0x4a d:/keil5/keil5/arm/gcc/bin/../lib/gcc/arm-none-eabi/10.3.1/../../../../arm-none-eabi/lib/thumb/v7e-m+dp/hard\libc.a(lib_a-mprec.o)
                0x00000000080195f4                _Balloc
 .text._Bfree   0x000000000801963e       0x12 d:/keil5/keil5/arm/gcc/bin/../lib/gcc/arm-none-eabi/10.3.1/../../../../arm-none-eabi/lib/thumb/v7e-m+dp/hard\libc.a(lib_a-mprec.o)
                0x000000000801963e                _Bfree
 .text.__multadd
                0x0000000008019650       0x8c d:/keil5/keil5/arm/gcc/bin/../lib/gcc/arm-none-eabi/10.3.1/../../../../arm-none-eabi/lib/thumb/v7e-m+dp/hard\libc.a(lib_a-mprec.o)
                0x0000000008019650                __multadd
 .text.__hi0bits
                0x00000000080196dc       0x40 d:/keil5/keil5/arm/gcc/bin/../lib/gcc/arm-none-eabi/10.3.1/../../../../arm-none-eabi/lib/thumb/v7e-m+dp/hard\libc.a(lib_a-mprec.o)
                0x00000000080196dc                __hi0bits
 .text.__lo0bits
                0x000000000801971c       0x5e d:/keil5/keil5/arm/gcc/bin/../lib/gcc/arm-none-eabi/10.3.1/../../../../arm-none-eabi/lib/thumb/v7e-m+dp/hard\libc.a(lib_a-mprec.o)
                0x000000000801971c                __lo0bits
 *fill*         0x000000000801977a        0x2 
 .text.__i2b    0x000000000801977c       0x2c d:/keil5/keil5/arm/gcc/bin/../lib/gcc/arm-none-eabi/10.3.1/../../../../arm-none-eabi/lib/thumb/v7e-m+dp/hard\libc.a(lib_a-mprec.o)
                0x000000000801977c                __i2b
 .text.__multiply
                0x00000000080197a8      0x154 d:/keil5/keil5/arm/gcc/bin/../lib/gcc/arm-none-eabi/10.3.1/../../../../arm-none-eabi/lib/thumb/v7e-m+dp/hard\libc.a(lib_a-mprec.o)
                0x00000000080197a8                __multiply
 .text.__pow5mult
                0x00000000080198fc       0x80 d:/keil5/keil5/arm/gcc/bin/../lib/gcc/arm-none-eabi/10.3.1/../../../../arm-none-eabi/lib/thumb/v7e-m+dp/hard\libc.a(lib_a-mprec.o)
                0x00000000080198fc                __pow5mult
 .text.__lshift
                0x000000000801997c       0xe0 d:/keil5/keil5/arm/gcc/bin/../lib/gcc/arm-none-eabi/10.3.1/../../../../arm-none-eabi/lib/thumb/v7e-m+dp/hard\libc.a(lib_a-mprec.o)
                0x000000000801997c                __lshift
 .text.__mcmp   0x0000000008019a5c       0x38 d:/keil5/keil5/arm/gcc/bin/../lib/gcc/arm-none-eabi/10.3.1/../../../../arm-none-eabi/lib/thumb/v7e-m+dp/hard\libc.a(lib_a-mprec.o)
                0x0000000008019a5c                __mcmp
 .text.__mdiff  0x0000000008019a94      0x114 d:/keil5/keil5/arm/gcc/bin/../lib/gcc/arm-none-eabi/10.3.1/../../../../arm-none-eabi/lib/thumb/v7e-m+dp/hard\libc.a(lib_a-mprec.o)
                0x0000000008019a94                __mdiff
 .text.__d2b    0x0000000008019ba8       0xb8 d:/keil5/keil5/arm/gcc/bin/../lib/gcc/arm-none-eabi/10.3.1/../../../../arm-none-eabi/lib/thumb/v7e-m+dp/hard\libc.a(lib_a-mprec.o)
                0x0000000008019ba8                __d2b
 .text.frexp    0x0000000008019c60       0x70 d:/keil5/keil5/arm/gcc/bin/../lib/gcc/arm-none-eabi/10.3.1/../../../../arm-none-eabi/lib/thumb/v7e-m+dp/hard\libc.a(lib_a-s_frexp.o)
                0x0000000008019c60                frexp
 .text.__sread  0x0000000008019cd0       0x22 d:/keil5/keil5/arm/gcc/bin/../lib/gcc/arm-none-eabi/10.3.1/../../../../arm-none-eabi/lib/thumb/v7e-m+dp/hard\libc.a(lib_a-stdio.o)
                0x0000000008019cd0                __sread
 .text.__swrite
                0x0000000008019cf2       0x38 d:/keil5/keil5/arm/gcc/bin/../lib/gcc/arm-none-eabi/10.3.1/../../../../arm-none-eabi/lib/thumb/v7e-m+dp/hard\libc.a(lib_a-stdio.o)
                0x0000000008019cf2                __swrite
 .text.__sseek  0x0000000008019d2a       0x24 d:/keil5/keil5/arm/gcc/bin/../lib/gcc/arm-none-eabi/10.3.1/../../../../arm-none-eabi/lib/thumb/v7e-m+dp/hard\libc.a(lib_a-stdio.o)
                0x0000000008019d2a                __sseek
 .text.__sclose
                0x0000000008019d4e        0x8 d:/keil5/keil5/arm/gcc/bin/../lib/gcc/arm-none-eabi/10.3.1/../../../../arm-none-eabi/lib/thumb/v7e-m+dp/hard\libc.a(lib_a-stdio.o)
                0x0000000008019d4e                __sclose
 .text.strncpy  0x0000000008019d56       0x26 d:/keil5/keil5/arm/gcc/bin/../lib/gcc/arm-none-eabi/10.3.1/../../../../arm-none-eabi/lib/thumb/v7e-m+dp/hard\libc.a(lib_a-strncpy.o)
                0x0000000008019d56                strncpy
 .text.__ssprint_r
                0x0000000008019d7c       0xf6 d:/keil5/keil5/arm/gcc/bin/../lib/gcc/arm-none-eabi/10.3.1/../../../../arm-none-eabi/lib/thumb/v7e-m+dp/hard\libc.a(lib_a-svfiprintf.o)
                0x0000000008019d7c                __ssprint_r
 .text.__sprint_r
                0x0000000008019e72       0x64 d:/keil5/keil5/arm/gcc/bin/../lib/gcc/arm-none-eabi/10.3.1/../../../../arm-none-eabi/lib/thumb/v7e-m+dp/hard\libc.a(lib_a-vfiprintf.o)
                0x0000000008019e72                __sprint_r
 *fill*         0x0000000008019ed6        0x2 
 .text._vfiprintf_r
                0x0000000008019ed8      0x92c d:/keil5/keil5/arm/gcc/bin/../lib/gcc/arm-none-eabi/10.3.1/../../../../arm-none-eabi/lib/thumb/v7e-m+dp/hard\libc.a(lib_a-vfiprintf.o)
                0x0000000008019ed8                _vfiprintf_r
 .text.__sbprintf
                0x000000000801a804       0x80 d:/keil5/keil5/arm/gcc/bin/../lib/gcc/arm-none-eabi/10.3.1/../../../../arm-none-eabi/lib/thumb/v7e-m+dp/hard\libc.a(lib_a-vfiprintf.o)
 .text._write_r
                0x000000000801a884       0x24 d:/keil5/keil5/arm/gcc/bin/../lib/gcc/arm-none-eabi/10.3.1/../../../../arm-none-eabi/lib/thumb/v7e-m+dp/hard\libc.a(lib_a-writer.o)
                0x000000000801a884                _write_r
 .text.__register_exitproc
                0x000000000801a8a8       0x84 d:/keil5/keil5/arm/gcc/bin/../lib/gcc/arm-none-eabi/10.3.1/../../../../arm-none-eabi/lib/thumb/v7e-m+dp/hard\libc.a(lib_a-__atexit.o)
                0x000000000801a8a8                __register_exitproc
 .text.__assert_func
                0x000000000801a92c       0x3c d:/keil5/keil5/arm/gcc/bin/../lib/gcc/arm-none-eabi/10.3.1/../../../../arm-none-eabi/lib/thumb/v7e-m+dp/hard\libc.a(lib_a-assert.o)
                0x000000000801a92c                __assert_func
 .text._calloc_r
                0x000000000801a968       0x6a d:/keil5/keil5/arm/gcc/bin/../lib/gcc/arm-none-eabi/10.3.1/../../../../arm-none-eabi/lib/thumb/v7e-m+dp/hard\libc.a(lib_a-callocr.o)
                0x000000000801a968                _calloc_r
 *fill*         0x000000000801a9d2        0x2 
 .text._close_r
                0x000000000801a9d4       0x20 d:/keil5/keil5/arm/gcc/bin/../lib/gcc/arm-none-eabi/10.3.1/../../../../arm-none-eabi/lib/thumb/v7e-m+dp/hard\libc.a(lib_a-closer.o)
                0x000000000801a9d4                _close_r
 .text._fclose_r
                0x000000000801a9f4       0xae d:/keil5/keil5/arm/gcc/bin/../lib/gcc/arm-none-eabi/10.3.1/../../../../arm-none-eabi/lib/thumb/v7e-m+dp/hard\libc.a(lib_a-fclose.o)
                0x000000000801a9f4                _fclose_r
 *fill*         0x000000000801aaa2        0x2 
 .text.fiprintf
                0x000000000801aaa4       0x24 d:/keil5/keil5/arm/gcc/bin/../lib/gcc/arm-none-eabi/10.3.1/../../../../arm-none-eabi/lib/thumb/v7e-m+dp/hard\libc.a(lib_a-fiprintf.o)
                0x000000000801aaa4                fiprintf
 .text.__fputwc
                0x000000000801aac8       0x82 d:/keil5/keil5/arm/gcc/bin/../lib/gcc/arm-none-eabi/10.3.1/../../../../arm-none-eabi/lib/thumb/v7e-m+dp/hard\libc.a(lib_a-fputwc.o)
                0x000000000801aac8                __fputwc
 .text._fputwc_r
                0x000000000801ab4a       0x54 d:/keil5/keil5/arm/gcc/bin/../lib/gcc/arm-none-eabi/10.3.1/../../../../arm-none-eabi/lib/thumb/v7e-m+dp/hard\libc.a(lib_a-fputwc.o)
                0x000000000801ab4a                _fputwc_r
 *fill*         0x000000000801ab9e        0x2 
 .text._fstat_r
                0x000000000801aba0       0x24 d:/keil5/keil5/arm/gcc/bin/../lib/gcc/arm-none-eabi/10.3.1/../../../../arm-none-eabi/lib/thumb/v7e-m+dp/hard\libc.a(lib_a-fstatr.o)
                0x000000000801aba0                _fstat_r
 .text._isatty_r
                0x000000000801abc4       0x20 d:/keil5/keil5/arm/gcc/bin/../lib/gcc/arm-none-eabi/10.3.1/../../../../arm-none-eabi/lib/thumb/v7e-m+dp/hard\libc.a(lib_a-isattyr.o)
                0x000000000801abc4                _isatty_r
 .text.__locale_mb_cur_max
                0x000000000801abe4        0xc d:/keil5/keil5/arm/gcc/bin/../lib/gcc/arm-none-eabi/10.3.1/../../../../arm-none-eabi/lib/thumb/v7e-m+dp/hard\libc.a(lib_a-locale.o)
                0x000000000801abe4                __locale_mb_cur_max
 .text._lseek_r
                0x000000000801abf0       0x24 d:/keil5/keil5/arm/gcc/bin/../lib/gcc/arm-none-eabi/10.3.1/../../../../arm-none-eabi/lib/thumb/v7e-m+dp/hard\libc.a(lib_a-lseekr.o)
                0x000000000801abf0                _lseek_r
 .text.__ascii_mbtowc
                0x000000000801ac14       0x24 d:/keil5/keil5/arm/gcc/bin/../lib/gcc/arm-none-eabi/10.3.1/../../../../arm-none-eabi/lib/thumb/v7e-m+dp/hard\libc.a(lib_a-mbtowc_r.o)
                0x000000000801ac14                __ascii_mbtowc
 .text._read_r  0x000000000801ac38       0x24 d:/keil5/keil5/arm/gcc/bin/../lib/gcc/arm-none-eabi/10.3.1/../../../../arm-none-eabi/lib/thumb/v7e-m+dp/hard\libc.a(lib_a-readr.o)
                0x000000000801ac38                _read_r
 .text.__swbuf_r
                0x000000000801ac5c       0x92 d:/keil5/keil5/arm/gcc/bin/../lib/gcc/arm-none-eabi/10.3.1/../../../../arm-none-eabi/lib/thumb/v7e-m+dp/hard\libc.a(lib_a-wbuf.o)
                0x000000000801ac5c                __swbuf_r
 *fill*         0x000000000801acee        0x2 
 .text._wcrtomb_r
                0x000000000801acf0       0x2c d:/keil5/keil5/arm/gcc/bin/../lib/gcc/arm-none-eabi/10.3.1/../../../../arm-none-eabi/lib/thumb/v7e-m+dp/hard\libc.a(lib_a-wcrtomb.o)
                0x000000000801acf0                _wcrtomb_r
 .text.__ascii_wctomb
                0x000000000801ad1c       0x1a d:/keil5/keil5/arm/gcc/bin/../lib/gcc/arm-none-eabi/10.3.1/../../../../arm-none-eabi/lib/thumb/v7e-m+dp/hard\libc.a(lib_a-wctomb_r.o)
                0x000000000801ad1c                __ascii_wctomb
 .text.abort    0x000000000801ad36        0xe d:/keil5/keil5/arm/gcc/bin/../lib/gcc/arm-none-eabi/10.3.1/../../../../arm-none-eabi/lib/thumb/v7e-m+dp/hard\libc.a(lib_a-abort.o)
                0x000000000801ad36                abort
 .text._raise_r
                0x000000000801ad44       0x52 d:/keil5/keil5/arm/gcc/bin/../lib/gcc/arm-none-eabi/10.3.1/../../../../arm-none-eabi/lib/thumb/v7e-m+dp/hard\libc.a(lib_a-signal.o)
                0x000000000801ad44                _raise_r
 *fill*         0x000000000801ad96        0x2 
 .text.raise    0x000000000801ad98       0x10 d:/keil5/keil5/arm/gcc/bin/../lib/gcc/arm-none-eabi/10.3.1/../../../../arm-none-eabi/lib/thumb/v7e-m+dp/hard\libc.a(lib_a-signal.o)
                0x000000000801ad98                raise
 .text._kill_r  0x000000000801ada8       0x24 d:/keil5/keil5/arm/gcc/bin/../lib/gcc/arm-none-eabi/10.3.1/../../../../arm-none-eabi/lib/thumb/v7e-m+dp/hard\libc.a(lib_a-signalr.o)
                0x000000000801ada8                _kill_r
 .text._getpid_r
                0x000000000801adcc        0x4 d:/keil5/keil5/arm/gcc/bin/../lib/gcc/arm-none-eabi/10.3.1/../../../../arm-none-eabi/lib/thumb/v7e-m+dp/hard\libc.a(lib_a-signalr.o)
                0x000000000801adcc                _getpid_r
 .text._close   0x000000000801add0       0x10 d:/keil5/keil5/arm/gcc/bin/../lib/gcc/arm-none-eabi/10.3.1/../../../../arm-none-eabi/lib/thumb/v7e-m+dp/hard\libnosys.a(close.o)
                0x000000000801add0                _close
 .text._fstat   0x000000000801ade0       0x10 d:/keil5/keil5/arm/gcc/bin/../lib/gcc/arm-none-eabi/10.3.1/../../../../arm-none-eabi/lib/thumb/v7e-m+dp/hard\libnosys.a(fstat.o)
                0x000000000801ade0                _fstat
 .text._getpid  0x000000000801adf0       0x10 d:/keil5/keil5/arm/gcc/bin/../lib/gcc/arm-none-eabi/10.3.1/../../../../arm-none-eabi/lib/thumb/v7e-m+dp/hard\libnosys.a(getpid.o)
                0x000000000801adf0                _getpid
 .text._isatty  0x000000000801ae00       0x10 d:/keil5/keil5/arm/gcc/bin/../lib/gcc/arm-none-eabi/10.3.1/../../../../arm-none-eabi/lib/thumb/v7e-m+dp/hard\libnosys.a(isatty.o)
                0x000000000801ae00                _isatty
 .text._kill    0x000000000801ae10       0x10 d:/keil5/keil5/arm/gcc/bin/../lib/gcc/arm-none-eabi/10.3.1/../../../../arm-none-eabi/lib/thumb/v7e-m+dp/hard\libnosys.a(kill.o)
                0x000000000801ae10                _kill
 .text._lseek   0x000000000801ae20       0x10 d:/keil5/keil5/arm/gcc/bin/../lib/gcc/arm-none-eabi/10.3.1/../../../../arm-none-eabi/lib/thumb/v7e-m+dp/hard\libnosys.a(lseek.o)
                0x000000000801ae20                _lseek
 .text._read    0x000000000801ae30       0x10 d:/keil5/keil5/arm/gcc/bin/../lib/gcc/arm-none-eabi/10.3.1/../../../../arm-none-eabi/lib/thumb/v7e-m+dp/hard\libnosys.a(read.o)
                0x000000000801ae30                _read
 .text._sbrk    0x000000000801ae40       0x1c d:/keil5/keil5/arm/gcc/bin/../lib/gcc/arm-none-eabi/10.3.1/../../../../arm-none-eabi/lib/thumb/v7e-m+dp/hard\libnosys.a(sbrk.o)
                0x000000000801ae40                _sbrk
 .text._exit    0x000000000801ae5c        0x2 d:/keil5/keil5/arm/gcc/bin/../lib/gcc/arm-none-eabi/10.3.1/../../../../arm-none-eabi/lib/thumb/v7e-m+dp/hard\libnosys.a(_exit.o)
                0x000000000801ae5c                _exit
 *(.glue_7)
 .glue_7        0x000000000801ae5e        0x0 linker stubs
 *(.glue_7t)
 .glue_7t       0x000000000801ae5e        0x0 linker stubs
 *(.eh_frame)
 *fill*         0x000000000801ae5e        0x2 
 .eh_frame      0x000000000801ae60        0x0 d:/keil5/keil5/arm/gcc/bin/../lib/gcc/arm-none-eabi/10.3.1/thumb/v7e-m+dp/hard/crtbegin.o
 *(.init)
 .init          0x000000000801ae60        0x4 d:/keil5/keil5/arm/gcc/bin/../lib/gcc/arm-none-eabi/10.3.1/thumb/v7e-m+dp/hard/crti.o
                0x000000000801ae60                _init
 .init          0x000000000801ae64        0x8 d:/keil5/keil5/arm/gcc/bin/../lib/gcc/arm-none-eabi/10.3.1/thumb/v7e-m+dp/hard/crtn.o
 *(.fini)
 .fini          0x000000000801ae6c        0x4 d:/keil5/keil5/arm/gcc/bin/../lib/gcc/arm-none-eabi/10.3.1/thumb/v7e-m+dp/hard/crti.o
                0x000000000801ae6c                _fini
 .fini          0x000000000801ae70        0x8 d:/keil5/keil5/arm/gcc/bin/../lib/gcc/arm-none-eabi/10.3.1/thumb/v7e-m+dp/hard/crtn.o
                0x000000000801ae78                . = ALIGN (0x4)
                0x000000000801ae78                _etext = .

.vfp11_veneer   0x000000000801ae78        0x0
 .vfp11_veneer  0x000000000801ae78        0x0 linker stubs

.v4_bx          0x000000000801ae78        0x0
 .v4_bx         0x000000000801ae78        0x0 linker stubs

.iplt           0x000000000801ae78        0x0
 .iplt          0x000000000801ae78        0x0 d:/keil5/keil5/arm/gcc/bin/../lib/gcc/arm-none-eabi/10.3.1/thumb/v7e-m+dp/hard/crtbegin.o

.rodata         0x000000000801ae80    0x3bd04
                0x000000000801ae80                . = ALIGN (0x4)
 *(.rodata)
 .rodata        0x000000000801ae80       0x3d ./objects/main.o
 *fill*         0x000000000801aebd        0x3 
 .rodata        0x000000000801aec0       0x18 ./objects/gd32h7xx_rcu.o
 .rodata        0x000000000801aed8       0x10 ./objects/network_1_data.o
 .rodata        0x000000000801aee8       0x10 ./objects/network_2_data.o
 *(.rodata*)
 .rodata.ov2640_svga_init_reg_tbl
                0x000000000801aef8      0x162 ./objects/dci_ov2640.o
                0x000000000801aef8                ov2640_svga_init_reg_tbl
 *fill*         0x000000000801b05a        0x2 
 .rodata.ov2640_rgb565_reg_tbl
                0x000000000801b05c       0x1c ./objects/dci_ov2640.o
                0x000000000801b05c                ov2640_rgb565_reg_tbl
 .rodata.asc2_1206
                0x000000000801b078      0x474 ./objects/tlilcd.o
                0x000000000801b078                asc2_1206
 .rodata.asc2_1608
                0x000000000801b4ec      0x5f0 ./objects/tlilcd.o
                0x000000000801b4ec                asc2_1608
 .rodata.asc2_2412
                0x000000000801badc      0xd5c ./objects/tlilcd.o
                0x000000000801badc                asc2_2412
 .rodata.str1.4
                0x000000000801c838      0x2f3 ./objects/ai_model.o
                                        0x2f7 (size before relaxing)
 *fill*         0x000000000801cb2b        0x1 
 .rodata.__compound_literal.0
                0x000000000801cb2c        0x4 ./objects/network_1.o
 .rodata.__compound_literal.1
                0x000000000801cb30        0x1 ./objects/network_1.o
 *fill*         0x000000000801cb31        0x3 
 .rodata.__compound_literal.10
                0x000000000801cb34        0x1 ./objects/network_1.o
 *fill*         0x000000000801cb35        0x3 
 .rodata.__compound_literal.100
                0x000000000801cb38       0x10 ./objects/network_1.o
 .rodata.__compound_literal.101
                0x000000000801cb48        0x8 ./objects/network_1.o
 .rodata.__compound_literal.102
                0x000000000801cb50       0x40 ./objects/network_1.o
 .rodata.__compound_literal.103
                0x000000000801cb90       0x10 ./objects/network_1.o
 .rodata.__compound_literal.104
                0x000000000801cba0        0x8 ./objects/network_1.o
 .rodata.__compound_literal.105
                0x000000000801cba8       0x80 ./objects/network_1.o
 .rodata.__compound_literal.106
                0x000000000801cc28       0x20 ./objects/network_1.o
 .rodata.__compound_literal.107
                0x000000000801cc48        0x8 ./objects/network_1.o
 .rodata.__compound_literal.108
                0x000000000801cc50       0x80 ./objects/network_1.o
 .rodata.__compound_literal.109
                0x000000000801ccd0       0x20 ./objects/network_1.o
 .rodata.__compound_literal.11
                0x000000000801ccf0        0x8 ./objects/network_1.o
 .rodata.__compound_literal.110
                0x000000000801ccf8        0x8 ./objects/network_1.o
 .rodata.__compound_literal.111
                0x000000000801cd00       0xc0 ./objects/network_1.o
 .rodata.__compound_literal.112
                0x000000000801cdc0       0x30 ./objects/network_1.o
 .rodata.__compound_literal.113
                0x000000000801cdf0        0x8 ./objects/network_1.o
 .rodata.__compound_literal.114
                0x000000000801cdf8       0x60 ./objects/network_1.o
 .rodata.__compound_literal.115
                0x000000000801ce58       0x18 ./objects/network_1.o
 .rodata.__compound_literal.116
                0x000000000801ce70        0x8 ./objects/network_1.o
 .rodata.__compound_literal.117
                0x000000000801ce78       0x60 ./objects/network_1.o
 .rodata.__compound_literal.118
                0x000000000801ced8       0x18 ./objects/network_1.o
 .rodata.__compound_literal.119
                0x000000000801cef0        0x8 ./objects/network_1.o
 .rodata.__compound_literal.12
                0x000000000801cef8        0x4 ./objects/network_1.o
 .rodata.__compound_literal.120
                0x000000000801cefc       0x30 ./objects/network_1.o
 .rodata.__compound_literal.121
                0x000000000801cf2c        0xc ./objects/network_1.o
 .rodata.__compound_literal.122
                0x000000000801cf38        0x8 ./objects/network_1.o
 .rodata.__compound_literal.123
                0x000000000801cf40       0x30 ./objects/network_1.o
 .rodata.__compound_literal.124
                0x000000000801cf70        0xc ./objects/network_1.o
 .rodata.__compound_literal.125
                0x000000000801cf7c        0x8 ./objects/network_1.o
 .rodata.__compound_literal.126
                0x000000000801cf84       0xc0 ./objects/network_1.o
 .rodata.__compound_literal.127
                0x000000000801d044       0x30 ./objects/network_1.o